<?xml version="1.0"?>
<link_info>
   <banner>TMS320C6x Linker PC v7.4.16</banner>
   <copyright>Copyright (c) 1996-2015 Texas Instruments Incorporated</copyright>
   <link_time>0x5914892d</link_time>
   <output_file>FinalProject.out</output_file>
   <entry_point>
      <name>_c_int00</name>
      <address>0x11831ae0</address>
   </entry_point>
   <input_file_list>
      <input_file id="fl-2">
         <path>.\</path>
         <kind>object</kind>
         <file>COECSL_edma3.obj</file>
         <name>COECSL_edma3.obj</name>
      </input_file>
      <input_file id="fl-3">
         <path>.\</path>
         <kind>object</kind>
         <file>COECSL_mcbsp.obj</file>
         <name>COECSL_mcbsp.obj</name>
      </input_file>
      <input_file id="fl-4">
         <path>.\</path>
         <kind>object</kind>
         <file>ColorLCD.obj</file>
         <name>ColorLCD.obj</name>
      </input_file>
      <input_file id="fl-5">
         <path>.\</path>
         <kind>object</kind>
         <file>ColorVision.obj</file>
         <name>ColorVision.obj</name>
      </input_file>
      <input_file id="fl-6">
         <path>.\</path>
         <kind>object</kind>
         <file>FinalProjectcfg.obj</file>
         <name>FinalProjectcfg.obj</name>
      </input_file>
      <input_file id="fl-7">
         <path>.\</path>
         <kind>object</kind>
         <file>FinalProjectcfg_c.obj</file>
         <name>FinalProjectcfg_c.obj</name>
      </input_file>
      <input_file id="fl-8">
         <path>.\</path>
         <kind>object</kind>
         <file>LCDprintf.obj</file>
         <name>LCDprintf.obj</name>
      </input_file>
      <input_file id="fl-9">
         <path>.\</path>
         <kind>object</kind>
         <file>Ladar.obj</file>
         <name>Ladar.obj</name>
      </input_file>
      <input_file id="fl-a">
         <path>.\</path>
         <kind>object</kind>
         <file>MatrixMath.obj</file>
         <name>MatrixMath.obj</name>
      </input_file>
      <input_file id="fl-b">
         <path>.\</path>
         <kind>object</kind>
         <file>pQueue.obj</file>
         <name>pQueue.obj</name>
      </input_file>
      <input_file id="fl-c">
         <path>.\</path>
         <kind>object</kind>
         <file>pru.obj</file>
         <name>pru.obj</name>
      </input_file>
      <input_file id="fl-d">
         <path>.\</path>
         <kind>object</kind>
         <file>user_FinalProject.obj</file>
         <name>user_FinalProject.obj</name>
      </input_file>
      <input_file id="fl-e">
         <path>.\</path>
         <kind>object</kind>
         <file>user_xy.obj</file>
         <name>user_xy.obj</name>
      </input_file>
      <input_file id="fl-93">
         <path>C:\CCStudio_v6.1\bios_5_42_02_10\packages\ti\bios\lib\</path>
         <kind>archive</kind>
         <file>bios.a674</file>
         <name>biosdata.o674</name>
      </input_file>
      <input_file id="fl-94">
         <path>C:\CCStudio_v6.1\bios_5_42_02_10\packages\ti\bios\lib\</path>
         <kind>archive</kind>
         <file>bios.a674</file>
         <name>hwi_disp_asm.o674</name>
      </input_file>
      <input_file id="fl-95">
         <path>C:\CCStudio_v6.1\bios_5_42_02_10\packages\ti\bios\lib\</path>
         <kind>archive</kind>
         <file>bios.a674</file>
         <name>idl_stub.o674</name>
      </input_file>
      <input_file id="fl-96">
         <path>C:\CCStudio_v6.1\bios_5_42_02_10\packages\ti\bios\lib\</path>
         <kind>archive</kind>
         <file>lnkrtdx.a674</file>
         <name>rtdx.o674</name>
      </input_file>
      <input_file id="fl-97">
         <path>C:\CCStudio_v6.1\bios_5_42_02_10\packages\ti\bios\lib\</path>
         <kind>archive</kind>
         <file>bios.a674</file>
         <name>swi.o674</name>
      </input_file>
      <input_file id="fl-98">
         <path>C:\CCStudio_v6.1\bios_5_42_02_10\packages\ti\bios\lib\</path>
         <kind>archive</kind>
         <file>bios6748.a674</file>
         <name>bcache_init.o674</name>
      </input_file>
      <input_file id="fl-99">
         <path>C:\CCStudio_v6.1\bios_5_42_02_10\packages\ti\bios\lib\</path>
         <kind>archive</kind>
         <file>bios6748.a674</file>
         <name>clk_gethtime.o674</name>
      </input_file>
      <input_file id="fl-9a">
         <path>C:\CCStudio_v6.1\bios_5_42_02_10\packages\ti\bios\lib\</path>
         <kind>archive</kind>
         <file>bios.a674</file>
         <name>fxn_c.o674</name>
      </input_file>
      <input_file id="fl-9b">
         <path>C:\CCStudio_v6.1\bios_5_42_02_10\packages\ti\bios\lib\</path>
         <kind>archive</kind>
         <file>bios.a674</file>
         <name>knl_tick.o674</name>
      </input_file>
      <input_file id="fl-9c">
         <path>C:\CCStudio_v6.1\bios_5_42_02_10\packages\ti\bios\lib\</path>
         <kind>archive</kind>
         <file>bios.a674</file>
         <name>utl_doab.o674</name>
      </input_file>
      <input_file id="fl-9d">
         <path>C:\CCStudio_v6.1\bios_5_42_02_10\packages\ti\bios\lib\</path>
         <kind>archive</kind>
         <file>bios.a674</file>
         <name>utl_doer.o674</name>
      </input_file>
      <input_file id="fl-9e">
         <path>C:\CCStudio_v6.1\bios_5_42_02_10\packages\ti\bios\lib\</path>
         <kind>archive</kind>
         <file>bios.a674</file>
         <name>utl_putc.o674</name>
      </input_file>
      <input_file id="fl-9f">
         <path>C:\CCStudio_v6.1\bios_5_42_02_10\packages\ti\bios\lib\</path>
         <kind>archive</kind>
         <file>bios.a674</file>
         <name>utl_halt.o674</name>
      </input_file>
      <input_file id="fl-a0">
         <path>C:\CCStudio_v6.1\bios_5_42_02_10\packages\ti\bios\lib\</path>
         <kind>archive</kind>
         <file>bios6748.a674</file>
         <name>clk.o674</name>
      </input_file>
      <input_file id="fl-a1">
         <path>C:\CCStudio_v6.1\bios_5_42_02_10\packages\ti\bios\lib\</path>
         <kind>archive</kind>
         <file>bios.a674</file>
         <name>fxn.o674</name>
      </input_file>
      <input_file id="fl-a2">
         <path>C:\CCStudio_v6.1\bios_5_42_02_10\packages\ti\bios\lib\</path>
         <kind>archive</kind>
         <file>bios.a674</file>
         <name>boot.o674</name>
      </input_file>
      <input_file id="fl-a3">
         <path>C:\CCStudio_v6.1\bios_5_42_02_10\packages\ti\bios\lib\</path>
         <kind>archive</kind>
         <file>bios.a674</file>
         <name>trc.o674</name>
      </input_file>
      <input_file id="fl-a4">
         <path>C:\CCStudio_v6.1\bios_5_42_02_10\packages\ti\bios\lib\</path>
         <kind>archive</kind>
         <file>bios.a674</file>
         <name>hwi.o674</name>
      </input_file>
      <input_file id="fl-a5">
         <path>C:\CCStudio_v6.1\bios_5_42_02_10\packages\ti\bios\lib\</path>
         <kind>archive</kind>
         <file>bios.a674</file>
         <name>idl_busy.o674</name>
      </input_file>
      <input_file id="fl-a6">
         <path>C:\CCStudio_v6.1\bios_5_42_02_10\packages\ti\bios\lib\</path>
         <kind>archive</kind>
         <file>bios6748.a674</file>
         <name>idl_cal.o674</name>
      </input_file>
      <input_file id="fl-a7">
         <path>C:\CCStudio_v6.1\bios_5_42_02_10\packages\ti\bios\lib\</path>
         <kind>archive</kind>
         <file>bios.a674</file>
         <name>idl.o674</name>
      </input_file>
      <input_file id="fl-a8">
         <path>C:\CCStudio_v6.1\bios_5_42_02_10\packages\ti\bios\lib\</path>
         <kind>archive</kind>
         <file>bios.a674</file>
         <name>knl_swit.o674</name>
      </input_file>
      <input_file id="fl-a9">
         <path>C:\CCStudio_v6.1\bios_5_42_02_10\packages\ti\bios\lib\</path>
         <kind>archive</kind>
         <file>bios.a674</file>
         <name>log.o674</name>
      </input_file>
      <input_file id="fl-aa">
         <path>C:\CCStudio_v6.1\bios_5_42_02_10\packages\ti\bios\lib\</path>
         <kind>archive</kind>
         <file>bios.a674</file>
         <name>pip.o674</name>
      </input_file>
      <input_file id="fl-ab">
         <path>C:\CCStudio_v6.1\bios_5_42_02_10\packages\ti\bios\lib\</path>
         <kind>archive</kind>
         <file>bios.a674</file>
         <name>prd.o674</name>
      </input_file>
      <input_file id="fl-ac">
         <path>C:\CCStudio_v6.1\bios_5_42_02_10\packages\ti\bios\lib\</path>
         <kind>archive</kind>
         <file>bios.a674</file>
         <name>rta.o674</name>
      </input_file>
      <input_file id="fl-ad">
         <path>C:\CCStudio_v6.1\bios_5_42_02_10\packages\ti\bios\lib\</path>
         <kind>archive</kind>
         <file>bios.a674</file>
         <name>rta_andn.o674</name>
      </input_file>
      <input_file id="fl-ae">
         <path>C:\CCStudio_v6.1\bios_5_42_02_10\packages\ti\bios\lib\</path>
         <kind>archive</kind>
         <file>bios.a674</file>
         <name>sts.o674</name>
      </input_file>
      <input_file id="fl-af">
         <path>C:\CCStudio_v6.1\bios_5_42_02_10\packages\ti\bios\lib\</path>
         <kind>archive</kind>
         <file>bios6748.a674</file>
         <name>bcache_block.o674</name>
      </input_file>
      <input_file id="fl-b0">
         <path>C:\CCStudio_v6.1\bios_5_42_02_10\packages\ti\bios\lib\</path>
         <kind>archive</kind>
         <file>bios6748.a674</file>
         <name>bcache_wait.o674</name>
      </input_file>
      <input_file id="fl-b1">
         <path>C:\CCStudio_v6.1\bios_5_42_02_10\packages\ti\bios\lib\</path>
         <kind>archive</kind>
         <file>bios.a674</file>
         <name>clk_data.o674</name>
      </input_file>
      <input_file id="fl-b2">
         <path>C:\CCStudio_v6.1\bios_5_42_02_10\packages\ti\bios\lib\</path>
         <kind>archive</kind>
         <file>bios.a674</file>
         <name>clk_getltime.o674</name>
      </input_file>
      <input_file id="fl-b3">
         <path>C:\CCStudio_v6.1\bios_5_42_02_10\packages\ti\bios\lib\</path>
         <kind>archive</kind>
         <file>bios.a674</file>
         <name>clk_data2.o674</name>
      </input_file>
      <input_file id="fl-b4">
         <path>C:\CCStudio_v6.1\bios_5_42_02_10\packages\ti\bios\lib\</path>
         <kind>archive</kind>
         <file>bios6748.a674</file>
         <name>clk_data.o674</name>
      </input_file>
      <input_file id="fl-b5">
         <path>C:\CCStudio_v6.1\bios_5_42_02_10\packages\ti\bios\lib\</path>
         <kind>archive</kind>
         <file>bios6748.a674</file>
         <name>clk_meas.o674</name>
      </input_file>
      <input_file id="fl-b6">
         <path>C:\sgupta60\_shared\bsl\lib\</path>
         <kind>archive</kind>
         <file>evmomapl138_bsl.lib</file>
         <name>evmomapl138.obj</name>
      </input_file>
      <input_file id="fl-b7">
         <path>C:\CCStudio_v6.1\bios_5_42_02_10\packages\ti\bios\lib\</path>
         <kind>archive</kind>
         <file>bios.a674</file>
         <name>exc_asm.o674</name>
      </input_file>
      <input_file id="fl-b8">
         <path>C:\CCStudio_v6.1\bios_5_42_02_10\packages\ti\bios\lib\</path>
         <kind>archive</kind>
         <file>bios.a674</file>
         <name>exc.o674</name>
      </input_file>
      <input_file id="fl-b9">
         <path>C:\CCStudio_v6.1\bios_5_42_02_10\packages\ti\bios\lib\</path>
         <kind>archive</kind>
         <file>bios.a674</file>
         <name>gbl_cacheinit64P.o674</name>
      </input_file>
      <input_file id="fl-ba">
         <path>C:\CCStudio_v6.1\bios_5_42_02_10\packages\ti\bios\lib\</path>
         <kind>archive</kind>
         <file>bios.a674</file>
         <name>gbl_vers.o674</name>
      </input_file>
      <input_file id="fl-bb">
         <path>C:\sgupta60\_shared\bsl\lib\</path>
         <kind>archive</kind>
         <file>evmomapl138_bsl.lib</file>
         <name>evmomapl138_gpio.obj</name>
      </input_file>
      <input_file id="fl-bc">
         <path>C:\CCStudio_v6.1\bios_5_42_02_10\packages\ti\rtdx\lib\c6000\</path>
         <kind>archive</kind>
         <file>rtdx64xplus.lib</file>
         <name>rtdx_mon.o64P</name>
      </input_file>
      <input_file id="fl-bd">
         <path>C:\CCStudio_v6.1\bios_5_42_02_10\packages\ti\bios\lib\</path>
         <kind>archive</kind>
         <file>bios.a674</file>
         <name>hwi_c.o674</name>
      </input_file>
      <input_file id="fl-be">
         <path>C:\sgupta60\_shared\bsl\lib\</path>
         <kind>archive</kind>
         <file>evmomapl138_bsl.lib</file>
         <name>evmomapl138_i2c_gpio.obj</name>
      </input_file>
      <input_file id="fl-bf">
         <path>C:\sgupta60\_shared\bsl\lib\</path>
         <kind>archive</kind>
         <file>evmomapl138_bsl.lib</file>
         <name>evmomapl138_i2c.obj</name>
      </input_file>
      <input_file id="fl-c0">
         <path>C:\CCStudio_v6.1\bios_5_42_02_10\packages\ti\bios\lib\</path>
         <kind>archive</kind>
         <file>bios.a674</file>
         <name>knl.o674</name>
      </input_file>
      <input_file id="fl-c1">
         <path>C:\CCStudio_v6.1\bios_5_42_02_10\packages\ti\bios\lib\</path>
         <kind>archive</kind>
         <file>bios.a674</file>
         <name>knl_exit.o674</name>
      </input_file>
      <input_file id="fl-c2">
         <path>C:\CCStudio_v6.1\bios_5_42_02_10\packages\ti\bios\lib\</path>
         <kind>archive</kind>
         <file>bios.a674</file>
         <name>knl_chec.o674</name>
      </input_file>
      <input_file id="fl-c3">
         <path>C:\CCStudio_v6.1\bios_5_42_02_10\packages\ti\bios\lib\</path>
         <kind>archive</kind>
         <file>bios.a674</file>
         <name>knl_post.o674</name>
      </input_file>
      <input_file id="fl-c4">
         <path>C:\CCStudio_v6.1\bios_5_42_02_10\packages\ti\bios\lib\</path>
         <kind>archive</kind>
         <file>bios.a674</file>
         <name>knl_ipos.o674</name>
      </input_file>
      <input_file id="fl-c5">
         <path>C:\CCStudio_v6.1\bios_5_42_02_10\packages\ti\bios\lib\</path>
         <kind>archive</kind>
         <file>bios.a674</file>
         <name>knl_run.o674</name>
      </input_file>
      <input_file id="fl-c6">
         <path>C:\CCStudio_v6.1\bios_5_42_02_10\packages\ti\bios\lib\</path>
         <kind>archive</kind>
         <file>bios.a674</file>
         <name>mem_asm.o674</name>
      </input_file>
      <input_file id="fl-c7">
         <path>C:\CCStudio_v6.1\bios_5_42_02_10\packages\ti\bios\lib\</path>
         <kind>archive</kind>
         <file>bios.a674</file>
         <name>mem_init.o674</name>
      </input_file>
      <input_file id="fl-c8">
         <path>C:\CCStudio_v6.1\bios_5_42_02_10\packages\ti\bios\lib\</path>
         <kind>archive</kind>
         <file>bios.a674</file>
         <name>obj_init.o674</name>
      </input_file>
      <input_file id="fl-c9">
         <path>C:\CCStudio_v6.1\bios_5_42_02_10\packages\ti\rtdx\lib\c6000\</path>
         <kind>archive</kind>
         <file>rtdx64xplus.lib</file>
         <name>buffer2.o64P</name>
      </input_file>
      <input_file id="fl-ca">
         <path>C:\CCStudio_v6.1\bios_5_42_02_10\packages\ti\rtdx\lib\c6000\</path>
         <kind>archive</kind>
         <file>rtdx64xplus.lib</file>
         <name>buffer1.o64P</name>
      </input_file>
      <input_file id="fl-cb">
         <path>C:\CCStudio_v6.1\bios_5_42_02_10\packages\ti\rtdx\lib\c6000\</path>
         <kind>archive</kind>
         <file>rtdx64xplus.lib</file>
         <name>intr_tgt.o64P</name>
      </input_file>
      <input_file id="fl-cc">
         <path>C:\CCStudio_v6.1\bios_5_42_02_10\packages\ti\rtdx\lib\c6000\</path>
         <kind>archive</kind>
         <file>rtdx64xplus.lib</file>
         <name>memfill.o64P</name>
      </input_file>
      <input_file id="fl-cd">
         <path>C:\CCStudio_v6.1\bios_5_42_02_10\packages\ti\bios\lib\</path>
         <kind>archive</kind>
         <file>bios.a674</file>
         <name>sem_pend_counting.o674</name>
      </input_file>
      <input_file id="fl-ce">
         <path>C:\CCStudio_v6.1\bios_5_42_02_10\packages\ti\bios\lib\</path>
         <kind>archive</kind>
         <file>bios.a674</file>
         <name>sem_pend.o674</name>
      </input_file>
      <input_file id="fl-cf">
         <path>C:\CCStudio_v6.1\bios_5_42_02_10\packages\ti\bios\lib\</path>
         <kind>archive</kind>
         <file>bios.a674</file>
         <name>sem_post_asm.o674</name>
      </input_file>
      <input_file id="fl-d0">
         <path>C:\CCStudio_v6.1\bios_5_42_02_10\packages\ti\bios\lib\</path>
         <kind>archive</kind>
         <file>bios.a674</file>
         <name>sem_post.o674</name>
      </input_file>
      <input_file id="fl-d1">
         <path>C:\sgupta60\_shared\bsl\lib\</path>
         <kind>archive</kind>
         <file>evmomapl138_bsl.lib</file>
         <name>evmomapl138_spi.obj</name>
      </input_file>
      <input_file id="fl-d2">
         <path>C:\CCStudio_v6.1\bios_5_42_02_10\packages\ti\bios\lib\</path>
         <kind>archive</kind>
         <file>bios.a674</file>
         <name>sts_set.o674</name>
      </input_file>
      <input_file id="fl-d3">
         <path>C:\CCStudio_v6.1\bios_5_42_02_10\packages\ti\bios\lib\</path>
         <kind>archive</kind>
         <file>bios.a674</file>
         <name>sys_abor.o674</name>
      </input_file>
      <input_file id="fl-d4">
         <path>C:\CCStudio_v6.1\bios_5_42_02_10\packages\ti\bios\lib\</path>
         <kind>archive</kind>
         <file>bios.a674</file>
         <name>tsk.o674</name>
      </input_file>
      <input_file id="fl-d5">
         <path>C:\CCStudio_v6.1\bios_5_42_02_10\packages\ti\bios\lib\</path>
         <kind>archive</kind>
         <file>bios.a674</file>
         <name>tsk_exit.o674</name>
      </input_file>
      <input_file id="fl-d6">
         <path>C:\CCStudio_v6.1\bios_5_42_02_10\packages\ti\bios\lib\</path>
         <kind>archive</kind>
         <file>bios.a674</file>
         <name>sys_exit.o674</name>
      </input_file>
      <input_file id="fl-d7">
         <path>C:\CCStudio_v6.1\bios_5_42_02_10\packages\ti\bios\lib\</path>
         <kind>archive</kind>
         <file>bios.a674</file>
         <name>sys.o674</name>
      </input_file>
      <input_file id="fl-d8">
         <path>C:\CCStudio_v6.1\bios_5_42_02_10\packages\ti\bios\lib\</path>
         <kind>archive</kind>
         <file>bios.a674</file>
         <name>tsk_init.o674</name>
      </input_file>
      <input_file id="fl-d9">
         <path>C:\CCStudio_v6.1\bios_5_42_02_10\packages\ti\bios\lib\</path>
         <kind>archive</kind>
         <file>bios.a674</file>
         <name>tsk_setu.o674</name>
      </input_file>
      <input_file id="fl-da">
         <path>C:\CCStudio_v6.1\bios_5_42_02_10\packages\ti\bios\lib\</path>
         <kind>archive</kind>
         <file>bios.a674</file>
         <name>tsk_stup.o674</name>
      </input_file>
      <input_file id="fl-db">
         <path>C:\CCStudio_v6.1\bios_5_42_02_10\packages\ti\bios\lib\</path>
         <kind>archive</kind>
         <file>bios.a674</file>
         <name>lck.o674</name>
      </input_file>
      <input_file id="fl-dc">
         <path>C:\sgupta60\_shared\bsl\lib\</path>
         <kind>archive</kind>
         <file>evmomapl138_bsl.lib</file>
         <name>evmomapl138_uart.obj</name>
      </input_file>
      <input_file id="fl-dd">
         <path>C:\sgupta60\_shared\bsl\lib\</path>
         <kind>archive</kind>
         <file>evmomapl138_bsl.lib</file>
         <name>evmomapl138_timer.obj</name>
      </input_file>
      <input_file id="fl-de">
         <path>C:\sgupta60\_shared\bsl\lib\</path>
         <kind>archive</kind>
         <file>evmomapl138_bsl.lib</file>
         <name>evmomapl138_vpif.obj</name>
      </input_file>
      <input_file id="fl-df">
         <path>C:\CCStudio_v6.1\bios_5_42_02_10\packages\ti\bios\lib\</path>
         <kind>archive</kind>
         <file>bios.a674</file>
         <name>sem_dopo.o674</name>
      </input_file>
      <input_file id="fl-e0">
         <path>C:\CCStudio_v6.1\bios_5_42_02_10\packages\ti\bios\lib\</path>
         <kind>archive</kind>
         <file>bios.a674</file>
         <name>autoinit.o674</name>
      </input_file>
      <input_file id="fl-e1">
         <path>C:\sgupta60\_shared\c67xmathlib_2_01_00_00\lib\</path>
         <kind>archive</kind>
         <file>c674xfastMath.lib</file>
         <name>divdp.obj</name>
      </input_file>
      <input_file id="fl-e2">
         <path>C:\sgupta60\_shared\c67xmathlib_2_01_00_00\lib\</path>
         <kind>archive</kind>
         <file>c674xfastMath.lib</file>
         <name>divsp.obj</name>
      </input_file>
      <input_file id="fl-e3">
         <path>C:\CCStudio_v6.1\ccsv6\tools\compiler\c6000_7.4.16\lib\</path>
         <kind>archive</kind>
         <file>rts6740.lib</file>
         <name>divi.obj</name>
      </input_file>
      <input_file id="fl-e4">
         <path>C:\CCStudio_v6.1\ccsv6\tools\compiler\c6000_7.4.16\lib\</path>
         <kind>archive</kind>
         <file>rts6740.lib</file>
         <name>divu.obj</name>
      </input_file>
      <input_file id="fl-e5">
         <path>C:\CCStudio_v6.1\ccsv6\tools\compiler\c6000_7.4.16\lib\</path>
         <kind>archive</kind>
         <file>rts6740.lib</file>
         <name>_lock.obj</name>
      </input_file>
      <input_file id="fl-e6">
         <path>C:\CCStudio_v6.1\ccsv6\tools\compiler\c6000_7.4.16\lib\</path>
         <kind>archive</kind>
         <file>rts6740.lib</file>
         <name>remi.obj</name>
      </input_file>
      <input_file id="fl-e7">
         <path>C:\CCStudio_v6.1\ccsv6\tools\compiler\c6000_7.4.16\lib\</path>
         <kind>archive</kind>
         <file>rts6740.lib</file>
         <name>imath40.obj</name>
      </input_file>
      <input_file id="fl-e8">
         <path>C:\CCStudio_v6.1\ccsv6\tools\compiler\c6000_7.4.16\lib\</path>
         <kind>archive</kind>
         <file>rts6740.lib</file>
         <name>roundf.obj</name>
      </input_file>
      <input_file id="fl-e9">
         <path>C:\CCStudio_v6.1\ccsv6\tools\compiler\c6000_7.4.16\lib\</path>
         <kind>archive</kind>
         <file>rts6740.lib</file>
         <name>strasg.obj</name>
      </input_file>
      <input_file id="fl-ea">
         <path>C:\sgupta60\_shared\c67xmathlib_2_01_00_00\lib\</path>
         <kind>archive</kind>
         <file>c674xfastMath.lib</file>
         <name>atan2sp.obj</name>
      </input_file>
      <input_file id="fl-eb">
         <path>C:\CCStudio_v6.1\ccsv6\tools\compiler\c6000_7.4.16\lib\</path>
         <kind>archive</kind>
         <file>rts6740.lib</file>
         <name>atexit.obj</name>
      </input_file>
      <input_file id="fl-ec">
         <path>C:\CCStudio_v6.1\ccsv6\tools\compiler\c6000_7.4.16\lib\</path>
         <kind>archive</kind>
         <file>rts6740.lib</file>
         <name>sinit.obj</name>
      </input_file>
      <input_file id="fl-ed">
         <path>C:\CCStudio_v6.1\ccsv6\tools\compiler\c6000_7.4.16\lib\</path>
         <kind>archive</kind>
         <file>rts6740.lib</file>
         <name>exit.obj</name>
      </input_file>
      <input_file id="fl-ee">
         <path>C:\CCStudio_v6.1\ccsv6\tools\compiler\c6000_7.4.16\lib\</path>
         <kind>archive</kind>
         <file>rts6740.lib</file>
         <name>atoi.obj</name>
      </input_file>
      <input_file id="fl-ef">
         <path>C:\CCStudio_v6.1\ccsv6\tools\compiler\c6000_7.4.16\lib\</path>
         <kind>archive</kind>
         <file>rts6740.lib</file>
         <name>ctype.obj</name>
      </input_file>
      <input_file id="fl-f0">
         <path>C:\sgupta60\_shared\c67xmathlib_2_01_00_00\lib\</path>
         <kind>archive</kind>
         <file>c674xfastMath.lib</file>
         <name>cosdp.obj</name>
      </input_file>
      <input_file id="fl-f1">
         <path>C:\sgupta60\_shared\c67xmathlib_2_01_00_00\lib\</path>
         <kind>archive</kind>
         <file>c674xfastMath.lib</file>
         <name>cossp.obj</name>
      </input_file>
      <input_file id="fl-f2">
         <path>C:\CCStudio_v6.1\ccsv6\tools\compiler\c6000_7.4.16\lib\</path>
         <kind>archive</kind>
         <file>rts6740.lib</file>
         <name>errno.obj</name>
      </input_file>
      <input_file id="fl-f3">
         <path>C:\CCStudio_v6.1\ccsv6\tools\compiler\c6000_7.4.16\lib\</path>
         <kind>archive</kind>
         <file>rts6740.lib</file>
         <name>fmodf.obj</name>
      </input_file>
      <input_file id="fl-f4">
         <path>C:\CCStudio_v6.1\ccsv6\tools\compiler\c6000_7.4.16\lib\</path>
         <kind>archive</kind>
         <file>rts6740.lib</file>
         <name>truncf.obj</name>
      </input_file>
      <input_file id="fl-f5">
         <path>C:\CCStudio_v6.1\ccsv6\tools\compiler\c6000_7.4.16\lib\</path>
         <kind>archive</kind>
         <file>rts6740.lib</file>
         <name>frexpf.obj</name>
      </input_file>
      <input_file id="fl-f6">
         <path>C:\CCStudio_v6.1\ccsv6\tools\compiler\c6000_7.4.16\lib\</path>
         <kind>archive</kind>
         <file>rts6740.lib</file>
         <name>ldexpf.obj</name>
      </input_file>
      <input_file id="fl-f7">
         <path>C:\CCStudio_v6.1\ccsv6\tools\compiler\c6000_7.4.16\lib\</path>
         <kind>archive</kind>
         <file>rts6740.lib</file>
         <name>memcpy64.obj</name>
      </input_file>
      <input_file id="fl-f8">
         <path>C:\CCStudio_v6.1\ccsv6\tools\compiler\c6000_7.4.16\lib\</path>
         <kind>archive</kind>
         <file>rts6740.lib</file>
         <name>modff.obj</name>
      </input_file>
      <input_file id="fl-f9">
         <path>C:\CCStudio_v6.1\ccsv6\tools\compiler\c6000_7.4.16\lib\</path>
         <kind>archive</kind>
         <file>rts6740.lib</file>
         <name>printf.obj</name>
      </input_file>
      <input_file id="fl-fa">
         <path>C:\CCStudio_v6.1\ccsv6\tools\compiler\c6000_7.4.16\lib\</path>
         <kind>archive</kind>
         <file>rts6740.lib</file>
         <name>defs.obj</name>
      </input_file>
      <input_file id="fl-fb">
         <path>C:\CCStudio_v6.1\ccsv6\tools\compiler\c6000_7.4.16\lib\</path>
         <kind>archive</kind>
         <file>rts6740.lib</file>
         <name>_printfi.obj</name>
      </input_file>
      <input_file id="fl-fc">
         <path>C:\CCStudio_v6.1\ccsv6\tools\compiler\c6000_7.4.16\lib\</path>
         <kind>archive</kind>
         <file>rts6740.lib</file>
         <name>isinf.obj</name>
      </input_file>
      <input_file id="fl-fd">
         <path>C:\CCStudio_v6.1\ccsv6\tools\compiler\c6000_7.4.16\lib\</path>
         <kind>archive</kind>
         <file>rts6740.lib</file>
         <name>imath64.obj</name>
      </input_file>
      <input_file id="fl-fe">
         <path>C:\CCStudio_v6.1\ccsv6\tools\compiler\c6000_7.4.16\lib\</path>
         <kind>archive</kind>
         <file>rts6740.lib</file>
         <name>fixdli.obj</name>
      </input_file>
      <input_file id="fl-ff">
         <path>C:\CCStudio_v6.1\ccsv6\tools\compiler\c6000_7.4.16\lib\</path>
         <kind>archive</kind>
         <file>rts6740.lib</file>
         <name>fltlid.obj</name>
      </input_file>
      <input_file id="fl-100">
         <path>C:\CCStudio_v6.1\ccsv6\tools\compiler\c6000_7.4.16\lib\</path>
         <kind>archive</kind>
         <file>rts6740.lib</file>
         <name>llshift.obj</name>
      </input_file>
      <input_file id="fl-101">
         <path>C:\CCStudio_v6.1\ccsv6\tools\compiler\c6000_7.4.16\lib\</path>
         <kind>archive</kind>
         <file>rts6740.lib</file>
         <name>negll.obj</name>
      </input_file>
      <input_file id="fl-102">
         <path>C:\CCStudio_v6.1\ccsv6\tools\compiler\c6000_7.4.16\lib\</path>
         <kind>archive</kind>
         <file>rts6740.lib</file>
         <name>fputc.obj</name>
      </input_file>
      <input_file id="fl-103">
         <path>C:\CCStudio_v6.1\ccsv6\tools\compiler\c6000_7.4.16\lib\</path>
         <kind>archive</kind>
         <file>rts6740.lib</file>
         <name>fflush.obj</name>
      </input_file>
      <input_file id="fl-104">
         <path>C:\CCStudio_v6.1\ccsv6\tools\compiler\c6000_7.4.16\lib\</path>
         <kind>archive</kind>
         <file>rts6740.lib</file>
         <name>_io_perm.obj</name>
      </input_file>
      <input_file id="fl-105">
         <path>C:\CCStudio_v6.1\ccsv6\tools\compiler\c6000_7.4.16\lib\</path>
         <kind>archive</kind>
         <file>rts6740.lib</file>
         <name>fputs.obj</name>
      </input_file>
      <input_file id="fl-106">
         <path>C:\CCStudio_v6.1\ccsv6\tools\compiler\c6000_7.4.16\lib\</path>
         <kind>archive</kind>
         <file>rts6740.lib</file>
         <name>fseek.obj</name>
      </input_file>
      <input_file id="fl-107">
         <path>C:\CCStudio_v6.1\ccsv6\tools\compiler\c6000_7.4.16\lib\</path>
         <kind>archive</kind>
         <file>rts6740.lib</file>
         <name>abs.obj</name>
      </input_file>
      <input_file id="fl-108">
         <path>C:\CCStudio_v6.1\ccsv6\tools\compiler\c6000_7.4.16\lib\</path>
         <kind>archive</kind>
         <file>rts6740.lib</file>
         <name>lowlev.obj</name>
      </input_file>
      <input_file id="fl-109">
         <path>C:\CCStudio_v6.1\ccsv6\tools\compiler\c6000_7.4.16\lib\</path>
         <kind>archive</kind>
         <file>rts6740.lib</file>
         <name>trgdrv.obj</name>
      </input_file>
      <input_file id="fl-10a">
         <path>C:\CCStudio_v6.1\ccsv6\tools\compiler\c6000_7.4.16\lib\</path>
         <kind>archive</kind>
         <file>rts6740.lib</file>
         <name>ltoa.obj</name>
      </input_file>
      <input_file id="fl-10b">
         <path>C:\CCStudio_v6.1\ccsv6\tools\compiler\c6000_7.4.16\lib\</path>
         <kind>archive</kind>
         <file>rts6740.lib</file>
         <name>memccpy.obj</name>
      </input_file>
      <input_file id="fl-10c">
         <path>C:\CCStudio_v6.1\ccsv6\tools\compiler\c6000_7.4.16\lib\</path>
         <kind>archive</kind>
         <file>rts6740.lib</file>
         <name>memset.obj</name>
      </input_file>
      <input_file id="fl-10d">
         <path>C:\CCStudio_v6.1\ccsv6\tools\compiler\c6000_7.4.16\lib\</path>
         <kind>archive</kind>
         <file>rts6740.lib</file>
         <name>trgmsg.obj</name>
      </input_file>
      <input_file id="fl-10e">
         <path>C:\CCStudio_v6.1\ccsv6\tools\compiler\c6000_7.4.16\lib\</path>
         <kind>archive</kind>
         <file>rts6740.lib</file>
         <name>setvbuf.obj</name>
      </input_file>
      <input_file id="fl-10f">
         <path>C:\CCStudio_v6.1\ccsv6\tools\compiler\c6000_7.4.16\lib\</path>
         <kind>archive</kind>
         <file>rts6740.lib</file>
         <name>fopen.obj</name>
      </input_file>
      <input_file id="fl-110">
         <path>C:\CCStudio_v6.1\ccsv6\tools\compiler\c6000_7.4.16\lib\</path>
         <kind>archive</kind>
         <file>rts6740.lib</file>
         <name>fclose.obj</name>
      </input_file>
      <input_file id="fl-111">
         <path>C:\CCStudio_v6.1\bios_5_42_02_10\packages\ti\bios\lib\</path>
         <kind>archive</kind>
         <file>bios.a674</file>
         <name>malloc.o674</name>
      </input_file>
      <input_file id="fl-112">
         <path>C:\CCStudio_v6.1\bios_5_42_02_10\packages\ti\bios\lib\</path>
         <kind>archive</kind>
         <file>bios.a674</file>
         <name>mem_allo.o674</name>
      </input_file>
      <input_file id="fl-113">
         <path>C:\CCStudio_v6.1\bios_5_42_02_10\packages\ti\bios\lib\</path>
         <kind>archive</kind>
         <file>bios.a674</file>
         <name>mem_free.o674</name>
      </input_file>
      <input_file id="fl-114">
         <path>C:\CCStudio_v6.1\bios_5_42_02_10\packages\ti\bios\lib\</path>
         <kind>archive</kind>
         <file>bios.a674</file>
         <name>sys_erro.o674</name>
      </input_file>
      <input_file id="fl-115">
         <path>C:\CCStudio_v6.1\ccsv6\tools\compiler\c6000_7.4.16\lib\</path>
         <kind>archive</kind>
         <file>rts6740.lib</file>
         <name>remove.obj</name>
      </input_file>
      <input_file id="fl-116">
         <path>C:\sgupta60\_shared\c67xmathlib_2_01_00_00\lib\</path>
         <kind>archive</kind>
         <file>c674xfastMath.lib</file>
         <name>sindp.obj</name>
      </input_file>
      <input_file id="fl-117">
         <path>C:\sgupta60\_shared\c67xmathlib_2_01_00_00\lib\</path>
         <kind>archive</kind>
         <file>c674xfastMath.lib</file>
         <name>sinsp.obj</name>
      </input_file>
      <input_file id="fl-118">
         <path>C:\CCStudio_v6.1\ccsv6\tools\compiler\c6000_7.4.16\lib\</path>
         <kind>archive</kind>
         <file>rts6740.lib</file>
         <name>sprintf.obj</name>
      </input_file>
      <input_file id="fl-119">
         <path>C:\sgupta60\_shared\c67xmathlib_2_01_00_00\lib\</path>
         <kind>archive</kind>
         <file>c674xfastMath.lib</file>
         <name>sqrtsp.obj</name>
      </input_file>
      <input_file id="fl-11a">
         <path>C:\CCStudio_v6.1\ccsv6\tools\compiler\c6000_7.4.16\lib\</path>
         <kind>archive</kind>
         <file>rts6740.lib</file>
         <name>sscanf.obj</name>
      </input_file>
      <input_file id="fl-11b">
         <path>C:\CCStudio_v6.1\ccsv6\tools\compiler\c6000_7.4.16\lib\</path>
         <kind>archive</kind>
         <file>rts6740.lib</file>
         <name>_scanfi.obj</name>
      </input_file>
      <input_file id="fl-11c">
         <path>C:\CCStudio_v6.1\ccsv6\tools\compiler\c6000_7.4.16\lib\</path>
         <kind>archive</kind>
         <file>rts6740.lib</file>
         <name>strtod.obj</name>
      </input_file>
      <input_file id="fl-11d">
         <path>C:\CCStudio_v6.1\ccsv6\tools\compiler\c6000_7.4.16\lib\</path>
         <kind>archive</kind>
         <file>rts6740.lib</file>
         <name>strtol.obj</name>
      </input_file>
      <input_file id="fl-11e">
         <path>C:\CCStudio_v6.1\ccsv6\tools\compiler\c6000_7.4.16\lib\</path>
         <kind>archive</kind>
         <file>rts6740.lib</file>
         <name>strtold.obj</name>
      </input_file>
      <input_file id="fl-11f">
         <path>C:\CCStudio_v6.1\ccsv6\tools\compiler\c6000_7.4.16\lib\</path>
         <kind>archive</kind>
         <file>rts6740.lib</file>
         <name>strtoll.obj</name>
      </input_file>
      <input_file id="fl-120">
         <path>C:\CCStudio_v6.1\ccsv6\tools\compiler\c6000_7.4.16\lib\</path>
         <kind>archive</kind>
         <file>rts6740.lib</file>
         <name>strtoul.obj</name>
      </input_file>
      <input_file id="fl-121">
         <path>C:\CCStudio_v6.1\ccsv6\tools\compiler\c6000_7.4.16\lib\</path>
         <kind>archive</kind>
         <file>rts6740.lib</file>
         <name>strtoull.obj</name>
      </input_file>
      <input_file id="fl-122">
         <path>C:\CCStudio_v6.1\ccsv6\tools\compiler\c6000_7.4.16\lib\</path>
         <kind>archive</kind>
         <file>rts6740.lib</file>
         <name>vsprintf.obj</name>
      </input_file>
   </input_file_list>
   <object_component_list>
      <object_component id="oc-8e">
         <name>.vers</name>
         <load_address>0x0</load_address>
         <run_address>0x0</run_address>
         <size>0x44</size>
         <input_file_ref idref="fl-6"/>
      </object_component>
      <object_component id="oc-78">
         <name>.clk</name>
         <uninitialized>true</uninitialized>
         <run_address>0x1182d4f8</run_address>
         <size>0x8</size>
         <input_file_ref idref="fl-6"/>
      </object_component>
      <object_component id="oc-79">
         <name>.prd</name>
         <uninitialized>true</uninitialized>
         <run_address>0x118327b8</run_address>
         <size>0x40</size>
         <input_file_ref idref="fl-6"/>
      </object_component>
      <object_component id="oc-81">
         <name>.swi</name>
         <uninitialized>true</uninitialized>
         <run_address>0x11832ea0</run_address>
         <size>0xdc</size>
         <input_file_ref idref="fl-6"/>
      </object_component>
      <object_component id="oc-82">
         <name>.tsk</name>
         <uninitialized>true</uninitialized>
         <run_address>0x11832c00</run_address>
         <size>0x180</size>
         <input_file_ref idref="fl-6"/>
      </object_component>
      <object_component id="oc-88">
         <name>.idl</name>
         <uninitialized>true</uninitialized>
         <run_address>0x11816670</run_address>
         <size>0x10</size>
         <input_file_ref idref="fl-6"/>
      </object_component>
      <object_component id="oc-87">
         <name>.idlcal</name>
         <uninitialized>true</uninitialized>
         <run_address>0x11823330</run_address>
         <size>0x10</size>
         <input_file_ref idref="fl-6"/>
      </object_component>
      <object_component id="oc-4f">
         <name>.bss</name>
         <uninitialized>true</uninitialized>
         <run_address>0x118316b8</run_address>
         <size>0x38</size>
         <input_file_ref idref="fl-6"/>
      </object_component>
      <object_component id="oc-57">
         <name>.bss</name>
         <uninitialized>true</uninitialized>
         <run_address>0x11831540</run_address>
         <size>0x88</size>
         <input_file_ref idref="fl-2"/>
      </object_component>
      <object_component id="oc-5e">
         <name>.bss</name>
         <uninitialized>true</uninitialized>
         <run_address>0x11831680</run_address>
         <size>0x38</size>
         <input_file_ref idref="fl-3"/>
      </object_component>
      <object_component id="oc-65">
         <name>.bss</name>
         <uninitialized>true</uninitialized>
         <run_address>0x1183177c</run_address>
         <size>0xb</size>
         <input_file_ref idref="fl-4"/>
      </object_component>
      <object_component id="oc-6c">
         <name>.bss</name>
         <uninitialized>true</uninitialized>
         <run_address>0x118312dc</run_address>
         <size>0xfc</size>
         <input_file_ref idref="fl-5"/>
      </object_component>
      <object_component id="oc-94">
         <name>.bss</name>
         <uninitialized>true</uninitialized>
         <run_address>0x11831788</run_address>
         <size>0x8</size>
         <input_file_ref idref="fl-8"/>
      </object_component>
      <object_component id="oc-9a">
         <name>.bss</name>
         <uninitialized>true</uninitialized>
         <run_address>0x118315c8</run_address>
         <size>0x6c</size>
         <input_file_ref idref="fl-9"/>
      </object_component>
      <object_component id="oc-a6">
         <name>.bss</name>
         <uninitialized>true</uninitialized>
         <run_address>0x118317ac</run_address>
         <size>0x4</size>
         <input_file_ref idref="fl-b"/>
      </object_component>
      <object_component id="oc-b0">
         <name>.bss</name>
         <uninitialized>true</uninitialized>
         <run_address>0x11831000</run_address>
         <size>0x1dc</size>
         <input_file_ref idref="fl-d"/>
      </object_component>
      <object_component id="oc-bc">
         <name>.bss</name>
         <uninitialized>true</uninitialized>
         <run_address>0x118313d8</run_address>
         <size>0xcc</size>
         <input_file_ref idref="fl-93"/>
      </object_component>
      <object_component id="oc-be">
         <name>.bss</name>
         <uninitialized>true</uninitialized>
         <run_address>0x118311dc</run_address>
         <size>0x100</size>
         <input_file_ref idref="fl-94"/>
      </object_component>
      <object_component id="oc-c5">
         <name>.bss</name>
         <uninitialized>true</uninitialized>
         <run_address>0x11831728</run_address>
         <size>0x18</size>
         <input_file_ref idref="fl-96"/>
      </object_component>
      <object_component id="oc-cb">
         <name>.bss</name>
         <uninitialized>true</uninitialized>
         <run_address>0x118314a4</run_address>
         <size>0x9c</size>
         <input_file_ref idref="fl-97"/>
      </object_component>
      <object_component id="oc-fc">
         <name>.bss</name>
         <uninitialized>true</uninitialized>
         <run_address>0x11831710</run_address>
         <size>0x18</size>
         <input_file_ref idref="fl-a4"/>
      </object_component>
      <object_component id="oc-fe">
         <name>.bss</name>
         <uninitialized>true</uninitialized>
         <run_address>0x118317a0</run_address>
         <size>0x4</size>
         <input_file_ref idref="fl-a5"/>
      </object_component>
      <object_component id="oc-132">
         <name>.bss</name>
         <uninitialized>true</uninitialized>
         <run_address>0x11831790</run_address>
         <size>0x8</size>
         <input_file_ref idref="fl-b1"/>
      </object_component>
      <object_component id="oc-139">
         <name>.bss</name>
         <uninitialized>true</uninitialized>
         <run_address>0x1183167c</run_address>
         <size>0x4</size>
         <input_file_ref idref="fl-b3"/>
      </object_component>
      <object_component id="oc-148">
         <name>.bss</name>
         <uninitialized>true</uninitialized>
         <run_address>0x118316f0</run_address>
         <size>0x20</size>
         <input_file_ref idref="fl-b7"/>
      </object_component>
      <object_component id="oc-14e">
         <name>.bss</name>
         <uninitialized>true</uninitialized>
         <run_address>0x11831740</run_address>
         <size>0x10</size>
         <input_file_ref idref="fl-b8"/>
      </object_component>
      <object_component id="oc-160">
         <name>.bss</name>
         <uninitialized>true</uninitialized>
         <run_address>0x11831760</run_address>
         <size>0x10</size>
         <input_file_ref idref="fl-bc"/>
      </object_component>
      <object_component id="oc-170">
         <name>.bss</name>
         <uninitialized>true</uninitialized>
         <run_address>0x118317a8</run_address>
         <size>0x4</size>
         <input_file_ref idref="fl-bf"/>
      </object_component>
      <object_component id="oc-175">
         <name>.bss</name>
         <uninitialized>true</uninitialized>
         <run_address>0x11831634</run_address>
         <size>0x48</size>
         <input_file_ref idref="fl-c0"/>
      </object_component>
      <object_component id="oc-18a">
         <name>.bss</name>
         <uninitialized>true</uninitialized>
         <run_address>0x118317a4</run_address>
         <size>0x4</size>
         <input_file_ref idref="fl-c6"/>
      </object_component>
      <object_component id="oc-196">
         <name>.bss</name>
         <uninitialized>true</uninitialized>
         <run_address>0x11831750</run_address>
         <size>0x10</size>
         <input_file_ref idref="fl-ca"/>
      </object_component>
      <object_component id="oc-1bd">
         <name>.bss</name>
         <uninitialized>true</uninitialized>
         <run_address>0x11831770</run_address>
         <size>0xc</size>
         <input_file_ref idref="fl-d4"/>
      </object_component>
      <object_component id="oc-1c9">
         <name>.bss</name>
         <uninitialized>true</uninitialized>
         <run_address>0x11831798</run_address>
         <size>0x8</size>
         <input_file_ref idref="fl-d7"/>
      </object_component>
      <object_component id="oc-80">
         <name>.hwi_vec</name>
         <load_address>0x11832800</load_address>
         <run_address>0x11832800</run_address>
         <size>0x200</size>
         <input_file_ref idref="fl-6"/>
      </object_component>
      <object_component id="oc-5a">
         <name>.far</name>
         <uninitialized>true</uninitialized>
         <run_address>0x118219f8</run_address>
         <size>0xfa0</size>
         <input_file_ref idref="fl-2"/>
      </object_component>
      <object_component id="oc-61">
         <name>.far</name>
         <uninitialized>true</uninitialized>
         <run_address>0x11822e80</run_address>
         <size>0x168</size>
         <input_file_ref idref="fl-3"/>
      </object_component>
      <object_component id="oc-6f">
         <name>.far</name>
         <uninitialized>true</uninitialized>
         <run_address>0x1181e9b0</run_address>
         <size>0x1a24</size>
         <input_file_ref idref="fl-5"/>
      </object_component>
      <object_component id="oc-9d">
         <name>.far</name>
         <uninitialized>true</uninitialized>
         <run_address>0x118203d8</run_address>
         <size>0x1620</size>
         <input_file_ref idref="fl-9"/>
      </object_component>
      <object_component id="oc-b3">
         <name>.far</name>
         <uninitialized>true</uninitialized>
         <run_address>0x11816680</run_address>
         <size>0x8330</size>
         <input_file_ref idref="fl-d"/>
      </object_component>
      <object_component id="oc-db">
         <name>.far</name>
         <uninitialized>true</uninitialized>
         <run_address>0x118232f4</run_address>
         <size>0x10</size>
         <input_file_ref idref="fl-9b"/>
      </object_component>
      <object_component id="oc-e8">
         <name>.far</name>
         <uninitialized>true</uninitialized>
         <run_address>0x11823304</run_address>
         <size>0xc</size>
         <input_file_ref idref="fl-9e"/>
      </object_component>
      <object_component id="oc-12f">
         <name>.far</name>
         <uninitialized>true</uninitialized>
         <run_address>0x118203d4</run_address>
         <size>0x4</size>
         <input_file_ref idref="fl-b0"/>
      </object_component>
      <object_component id="oc-13d">
         <name>.far</name>
         <uninitialized>true</uninitialized>
         <run_address>0x11822cbc</run_address>
         <size>0x4</size>
         <input_file_ref idref="fl-b4"/>
      </object_component>
      <object_component id="oc-151">
         <name>.far</name>
         <uninitialized>true</uninitialized>
         <run_address>0x118232e4</run_address>
         <size>0x10</size>
         <input_file_ref idref="fl-b8"/>
      </object_component>
      <object_component id="oc-164">
         <name>.far</name>
         <uninitialized>true</uninitialized>
         <run_address>0x11822e68</run_address>
         <size>0x18</size>
         <input_file_ref idref="fl-bc"/>
      </object_component>
      <object_component id="oc-178">
         <name>.far</name>
         <uninitialized>true</uninitialized>
         <run_address>0x11823108</run_address>
         <size>0xd8</size>
         <input_file_ref idref="fl-c0"/>
      </object_component>
      <object_component id="oc-190">
         <name>.far</name>
         <uninitialized>true</uninitialized>
         <run_address>0x11823240</run_address>
         <size>0x54</size>
         <input_file_ref idref="fl-c8"/>
      </object_component>
      <object_component id="oc-1c0">
         <name>.far</name>
         <uninitialized>true</uninitialized>
         <run_address>0x118231e0</run_address>
         <size>0x5c</size>
         <input_file_ref idref="fl-d4"/>
      </object_component>
      <object_component id="oc-1cc">
         <name>.far</name>
         <uninitialized>true</uninitialized>
         <run_address>0x11822e48</run_address>
         <size>0x20</size>
         <input_file_ref idref="fl-d7"/>
      </object_component>
      <object_component id="oc-1d6">
         <name>.far</name>
         <uninitialized>true</uninitialized>
         <run_address>0x11823294</run_address>
         <size>0x50</size>
         <input_file_ref idref="fl-da"/>
      </object_component>
      <object_component id="oc-200">
         <name>.far</name>
         <uninitialized>true</uninitialized>
         <run_address>0x1182331c</run_address>
         <size>0x8</size>
         <input_file_ref idref="fl-e5"/>
      </object_component>
      <object_component id="oc-215">
         <name>.far</name>
         <uninitialized>true</uninitialized>
         <run_address>0x11822cc0</run_address>
         <size>0x188</size>
         <input_file_ref idref="fl-eb"/>
      </object_component>
      <object_component id="oc-21a">
         <name>.far</name>
         <uninitialized>true</uninitialized>
         <run_address>0x11823324</run_address>
         <size>0x4</size>
         <input_file_ref idref="fl-ec"/>
      </object_component>
      <object_component id="oc-21f">
         <name>.far</name>
         <uninitialized>true</uninitialized>
         <run_address>0x11823310</run_address>
         <size>0xc</size>
         <input_file_ref idref="fl-ed"/>
      </object_component>
      <object_component id="oc-232">
         <name>.far</name>
         <uninitialized>true</uninitialized>
         <run_address>0x11823104</run_address>
         <size>0x4</size>
         <input_file_ref idref="fl-f2"/>
      </object_component>
      <object_component id="oc-24b">
         <name>.far</name>
         <uninitialized>true</uninitialized>
         <run_address>0x11822998</run_address>
         <size>0x324</size>
         <input_file_ref idref="fl-fa"/>
      </object_component>
      <object_component id="oc-278">
         <name>.far</name>
         <uninitialized>true</uninitialized>
         <run_address>0x11822fe8</run_address>
         <size>0x11c</size>
         <input_file_ref idref="fl-108"/>
      </object_component>
      <object_component id="oc-27c">
         <name>.far</name>
         <uninitialized>true</uninitialized>
         <run_address>0x11823328</run_address>
         <size>0x8</size>
         <input_file_ref idref="fl-109"/>
      </object_component>
      <object_component id="oc-291">
         <name>.far</name>
         <uninitialized>true</uninitialized>
         <run_address>0x1182323c</run_address>
         <size>0x4</size>
         <input_file_ref idref="fl-10f"/>
      </object_component>
      <object_component id="oc-8c">
         <name>.sem</name>
         <uninitialized>true</uninitialized>
         <run_address>0x11833324</run_address>
         <size>0x2c</size>
         <input_file_ref idref="fl-6"/>
      </object_component>
      <object_component id="oc-74">
         <name>.mem</name>
         <uninitialized>true</uninitialized>
         <run_address>0x118321b4</run_address>
         <size>0x4</size>
         <input_file_ref idref="fl-6"/>
      </object_component>
      <object_component id="oc-c7">
         <name>.bios</name>
         <load_address>0x11823340</load_address>
         <run_address>0x11823340</run_address>
         <size>0x5c0</size>
         <input_file_ref idref="fl-96"/>
      </object_component>
      <object_component id="oc-2e4">
         <name>.bios</name>
         <load_address>0x11823900</load_address>
         <run_address>0x11823900</run_address>
         <size>0x580</size>
         <input_file_ref idref="fl-b8"/>
      </object_component>
      <object_component id="oc-50">
         <name>.bios</name>
         <load_address>0x11823e80</load_address>
         <run_address>0x11823e80</run_address>
         <size>0x4e0</size>
         <input_file_ref idref="fl-94"/>
      </object_component>
      <object_component id="oc-4e">
         <name>.bios</name>
         <load_address>0x11824360</load_address>
         <run_address>0x11824360</run_address>
         <size>0x4c0</size>
         <input_file_ref idref="fl-97"/>
      </object_component>
      <object_component id="oc-119">
         <name>.bios</name>
         <load_address>0x11824820</load_address>
         <run_address>0x11824820</run_address>
         <size>0x380</size>
         <input_file_ref idref="fl-ab"/>
      </object_component>
      <object_component id="oc-379">
         <name>.bios</name>
         <load_address>0x11824ba0</load_address>
         <run_address>0x11824ba0</run_address>
         <size>0x280</size>
         <input_file_ref idref="fl-111"/>
      </object_component>
      <object_component id="oc-11e">
         <name>.bios</name>
         <load_address>0x11824e20</load_address>
         <run_address>0x11824e20</run_address>
         <size>0x280</size>
         <input_file_ref idref="fl-ac"/>
      </object_component>
      <object_component id="oc-2dc">
         <name>.bios</name>
         <load_address>0x118250a0</load_address>
         <run_address>0x118250a0</run_address>
         <size>0x240</size>
         <input_file_ref idref="fl-c5"/>
      </object_component>
      <object_component id="oc-37f">
         <name>.bios:.near</name>
         <load_address>0x118252e0</load_address>
         <run_address>0x118252e0</run_address>
         <size>0x200</size>
         <input_file_ref idref="fl-112"/>
      </object_component>
      <object_component id="oc-53">
         <name>.bios</name>
         <load_address>0x118254e0</load_address>
         <run_address>0x118254e0</run_address>
         <size>0x200</size>
         <input_file_ref idref="fl-9b"/>
      </object_component>
      <object_component id="oc-37e">
         <name>.bios:.near</name>
         <load_address>0x118256e0</load_address>
         <run_address>0x118256e0</run_address>
         <size>0x1e0</size>
         <input_file_ref idref="fl-113"/>
      </object_component>
      <object_component id="oc-14a">
         <name>.bios</name>
         <load_address>0x118258c0</load_address>
         <run_address>0x118258c0</run_address>
         <size>0x1e0</size>
         <input_file_ref idref="fl-b7"/>
      </object_component>
      <object_component id="oc-115">
         <name>.bios</name>
         <load_address>0x11825aa0</load_address>
         <run_address>0x11825aa0</run_address>
         <size>0x1e0</size>
         <input_file_ref idref="fl-aa"/>
      </object_component>
      <object_component id="oc-2ec">
         <name>.bios</name>
         <load_address>0x11825c80</load_address>
         <run_address>0x11825c80</run_address>
         <size>0x1e0</size>
         <input_file_ref idref="fl-ce"/>
      </object_component>
      <object_component id="oc-2e1">
         <name>.bios</name>
         <load_address>0x11825e60</load_address>
         <run_address>0x11825e60</run_address>
         <size>0x1a0</size>
         <input_file_ref idref="fl-df"/>
      </object_component>
      <object_component id="oc-2e6">
         <name>.bios</name>
         <load_address>0x11826000</load_address>
         <run_address>0x11826000</run_address>
         <size>0x1a0</size>
         <input_file_ref idref="fl-d9"/>
      </object_component>
      <object_component id="oc-ee">
         <name>.bios</name>
         <load_address>0x118261a0</load_address>
         <run_address>0x118261a0</run_address>
         <size>0x1a0</size>
         <input_file_ref idref="fl-a0"/>
      </object_component>
      <object_component id="oc-10d">
         <name>.bios</name>
         <load_address>0x11826340</load_address>
         <run_address>0x11826340</run_address>
         <size>0x180</size>
         <input_file_ref idref="fl-a8"/>
      </object_component>
      <object_component id="oc-306">
         <name>.bios</name>
         <load_address>0x118264c0</load_address>
         <run_address>0x118264c0</run_address>
         <size>0x180</size>
         <input_file_ref idref="fl-af"/>
      </object_component>
      <object_component id="oc-2d3">
         <name>.bios</name>
         <load_address>0x11826640</load_address>
         <run_address>0x11826640</run_address>
         <size>0x140</size>
         <input_file_ref idref="fl-e0"/>
      </object_component>
      <object_component id="oc-2df">
         <name>.bios</name>
         <load_address>0x11826780</load_address>
         <run_address>0x11826780</run_address>
         <size>0x140</size>
         <input_file_ref idref="fl-d5"/>
      </object_component>
      <object_component id="oc-316">
         <name>.bios</name>
         <load_address>0x118268c0</load_address>
         <run_address>0x118268c0</run_address>
         <size>0x140</size>
         <input_file_ref idref="fl-98"/>
      </object_component>
      <object_component id="oc-2e2">
         <name>.bios</name>
         <load_address>0x11826a00</load_address>
         <run_address>0x11826a00</run_address>
         <size>0x120</size>
         <input_file_ref idref="fl-b9"/>
      </object_component>
      <object_component id="oc-17d">
         <name>.bios</name>
         <load_address>0x11826b20</load_address>
         <run_address>0x11826b20</run_address>
         <size>0x120</size>
         <input_file_ref idref="fl-c2"/>
      </object_component>
      <object_component id="oc-2e7">
         <name>.bios</name>
         <load_address>0x11826c40</load_address>
         <run_address>0x11826c40</run_address>
         <size>0x120</size>
         <input_file_ref idref="fl-da"/>
      </object_component>
      <object_component id="oc-1ab">
         <name>.bios</name>
         <load_address>0x11826d60</load_address>
         <run_address>0x11826d60</run_address>
         <size>0xe0</size>
         <input_file_ref idref="fl-cf"/>
      </object_component>
      <object_component id="oc-2de">
         <name>.bios</name>
         <load_address>0x11826e40</load_address>
         <run_address>0x11826e40</run_address>
         <size>0xc0</size>
         <input_file_ref idref="fl-c1"/>
      </object_component>
      <object_component id="oc-2ee">
         <name>.bios</name>
         <load_address>0x11826f00</load_address>
         <run_address>0x11826f00</run_address>
         <size>0xa0</size>
         <input_file_ref idref="fl-d0"/>
      </object_component>
      <object_component id="oc-312">
         <name>.bios</name>
         <load_address>0x11826fa0</load_address>
         <run_address>0x11826fa0</run_address>
         <size>0xa0</size>
         <input_file_ref idref="fl-d6"/>
      </object_component>
      <object_component id="oc-2ed">
         <name>.bios</name>
         <load_address>0x11827040</load_address>
         <run_address>0x11827040</run_address>
         <size>0x80</size>
         <input_file_ref idref="fl-c4"/>
      </object_component>
      <object_component id="oc-2d5">
         <name>.bios</name>
         <load_address>0x118270c0</load_address>
         <run_address>0x118270c0</run_address>
         <size>0x80</size>
         <input_file_ref idref="fl-c3"/>
      </object_component>
      <object_component id="oc-318">
         <name>.bios</name>
         <load_address>0x11827140</load_address>
         <run_address>0x11827140</run_address>
         <size>0x80</size>
         <input_file_ref idref="fl-db"/>
      </object_component>
      <object_component id="oc-111">
         <name>.bios</name>
         <load_address>0x118271c0</load_address>
         <run_address>0x118271c0</run_address>
         <size>0x80</size>
         <input_file_ref idref="fl-a9"/>
      </object_component>
      <object_component id="oc-32c">
         <name>.bios</name>
         <load_address>0x11827240</load_address>
         <run_address>0x11827240</run_address>
         <size>0x80</size>
         <input_file_ref idref="fl-b0"/>
      </object_component>
      <object_component id="oc-104">
         <name>.bios</name>
         <load_address>0x118272c0</load_address>
         <run_address>0x118272c0</run_address>
         <size>0x80</size>
         <input_file_ref idref="fl-a6"/>
      </object_component>
      <object_component id="oc-381">
         <name>.bios:.near</name>
         <load_address>0x11827340</load_address>
         <run_address>0x11827340</run_address>
         <size>0x60</size>
         <input_file_ref idref="fl-114"/>
      </object_component>
      <object_component id="oc-f2">
         <name>.bios</name>
         <load_address>0x118273a0</load_address>
         <run_address>0x118273a0</run_address>
         <size>0x60</size>
         <input_file_ref idref="fl-a1"/>
      </object_component>
      <object_component id="oc-168">
         <name>.bios</name>
         <load_address>0x11827400</load_address>
         <run_address>0x11827400</run_address>
         <size>0x60</size>
         <input_file_ref idref="fl-bd"/>
      </object_component>
      <object_component id="oc-100">
         <name>.bios</name>
         <load_address>0x11827460</load_address>
         <run_address>0x11827460</run_address>
         <size>0x60</size>
         <input_file_ref idref="fl-a5"/>
      </object_component>
      <object_component id="oc-1a4">
         <name>.bios</name>
         <load_address>0x118274c0</load_address>
         <run_address>0x118274c0</run_address>
         <size>0x60</size>
         <input_file_ref idref="fl-cd"/>
      </object_component>
      <object_component id="oc-126">
         <name>.bios</name>
         <load_address>0x11827520</load_address>
         <run_address>0x11827520</run_address>
         <size>0x60</size>
         <input_file_ref idref="fl-ae"/>
      </object_component>
      <object_component id="oc-317">
         <name>.bios</name>
         <load_address>0x11827580</load_address>
         <run_address>0x11827580</run_address>
         <size>0x60</size>
         <input_file_ref idref="fl-d3"/>
      </object_component>
      <object_component id="oc-13f">
         <name>.bios</name>
         <load_address>0x118275e0</load_address>
         <run_address>0x118275e0</run_address>
         <size>0x60</size>
         <input_file_ref idref="fl-b5"/>
      </object_component>
      <object_component id="oc-4c">
         <name>.bios</name>
         <load_address>0x11827640</load_address>
         <run_address>0x11827640</run_address>
         <size>0x40</size>
         <input_file_ref idref="fl-95"/>
      </object_component>
      <object_component id="oc-122">
         <name>.bios</name>
         <load_address>0x11827680</load_address>
         <run_address>0x11827680</run_address>
         <size>0x40</size>
         <input_file_ref idref="fl-ad"/>
      </object_component>
      <object_component id="oc-4b">
         <name>.bios</name>
         <load_address>0x118276c0</load_address>
         <run_address>0x118276c0</run_address>
         <size>0x40</size>
         <input_file_ref idref="fl-9c"/>
      </object_component>
      <object_component id="oc-52">
         <name>.bios</name>
         <load_address>0x11827700</load_address>
         <run_address>0x11827700</run_address>
         <size>0x40</size>
         <input_file_ref idref="fl-9e"/>
      </object_component>
      <object_component id="oc-135">
         <name>.bios</name>
         <load_address>0x11827740</load_address>
         <run_address>0x11827740</run_address>
         <size>0x20</size>
         <input_file_ref idref="fl-b2"/>
      </object_component>
      <object_component id="oc-56">
         <name>.bios</name>
         <load_address>0x11827760</load_address>
         <run_address>0x11827760</run_address>
         <size>0x20</size>
         <input_file_ref idref="fl-9a"/>
      </object_component>
      <object_component id="oc-158">
         <name>.bios</name>
         <load_address>0x11827780</load_address>
         <run_address>0x11827780</run_address>
         <size>0x20</size>
         <input_file_ref idref="fl-ba"/>
      </object_component>
      <object_component id="oc-108">
         <name>.bios</name>
         <load_address>0x118277a0</load_address>
         <run_address>0x118277a0</run_address>
         <size>0x20</size>
         <input_file_ref idref="fl-a7"/>
      </object_component>
      <object_component id="oc-1b6">
         <name>.bios</name>
         <load_address>0x118277c0</load_address>
         <run_address>0x118277c0</run_address>
         <size>0x20</size>
         <input_file_ref idref="fl-d2"/>
      </object_component>
      <object_component id="oc-55">
         <name>.bios</name>
         <load_address>0x118277e0</load_address>
         <run_address>0x118277e0</run_address>
         <size>0x20</size>
         <input_file_ref idref="fl-9d"/>
      </object_component>
      <object_component id="oc-54">
         <name>.bios</name>
         <load_address>0x11827800</load_address>
         <run_address>0x11827800</run_address>
         <size>0x20</size>
         <input_file_ref idref="fl-9f"/>
      </object_component>
      <object_component id="oc-51">
         <name>.bios</name>
         <load_address>0x11827820</load_address>
         <run_address>0x11827820</run_address>
         <size>0x20</size>
         <input_file_ref idref="fl-99"/>
      </object_component>
      <object_component id="oc-289">
         <name>.cio</name>
         <uninitialized>true</uninitialized>
         <run_address>0x11832d80</run_address>
         <size>0x120</size>
         <input_file_ref idref="fl-10d"/>
      </object_component>
      <object_component id="oc-228">
         <name>.data</name>
         <load_address>0x11833048</load_address>
         <run_address>0x11833048</run_address>
         <size>0x60</size>
         <input_file_ref idref="fl-f0"/>
      </object_component>
      <object_component id="oc-2a9">
         <name>.data</name>
         <load_address>0x118330a8</load_address>
         <run_address>0x118330a8</run_address>
         <size>0x60</size>
         <input_file_ref idref="fl-116"/>
      </object_component>
      <object_component id="oc-19a">
         <name>.pinit</name>
         <load_address>0x1182f7f4</load_address>
         <run_address>0x1182f7f4</run_address>
         <size>0x4</size>
         <input_file_ref idref="fl-ca"/>
      </object_component>
      <object_component id="oc-165">
         <name>.pinit</name>
         <load_address>0x1182f7f8</load_address>
         <run_address>0x1182f7f8</run_address>
         <size>0x4</size>
         <input_file_ref idref="fl-bc"/>
      </object_component>
      <object_component id="oc-77">
         <name>.sys</name>
         <uninitialized>true</uninitialized>
         <run_address>0x118317b0</run_address>
         <size>0x10</size>
         <input_file_ref idref="fl-6"/>
      </object_component>
      <object_component id="oc-2d4">
         <name>.text</name>
         <load_address>0x11800000</load_address>
         <run_address>0x11800000</run_address>
         <size>0x3900</size>
         <input_file_ref idref="fl-d"/>
      </object_component>
      <object_component id="oc-2e0">
         <name>.text</name>
         <load_address>0x11803900</load_address>
         <run_address>0x11803900</run_address>
         <size>0x2620</size>
         <input_file_ref idref="fl-9"/>
      </object_component>
      <object_component id="oc-2d8">
         <name>.text</name>
         <load_address>0x11805f20</load_address>
         <run_address>0x11805f20</run_address>
         <size>0x1480</size>
         <input_file_ref idref="fl-5"/>
      </object_component>
      <object_component id="oc-2fb">
         <name>.text</name>
         <load_address>0x118073a0</load_address>
         <run_address>0x118073a0</run_address>
         <size>0xf80</size>
         <input_file_ref idref="fl-b6"/>
      </object_component>
      <object_component id="oc-2dd">
         <name>.text</name>
         <load_address>0x11808320</load_address>
         <run_address>0x11808320</run_address>
         <size>0xaa0</size>
         <input_file_ref idref="fl-4"/>
      </object_component>
      <object_component id="oc-330">
         <name>.text:__scanfi</name>
         <load_address>0x11808dc0</load_address>
         <run_address>0x11808dc0</run_address>
         <size>0x900</size>
         <input_file_ref idref="fl-11b"/>
      </object_component>
      <object_component id="oc-300">
         <name>.text</name>
         <load_address>0x118096c0</load_address>
         <run_address>0x118096c0</run_address>
         <size>0x720</size>
         <input_file_ref idref="fl-a"/>
      </object_component>
      <object_component id="oc-2d6">
         <name>.text</name>
         <load_address>0x11809de0</load_address>
         <run_address>0x11809de0</run_address>
         <size>0x6e0</size>
         <input_file_ref idref="fl-3"/>
      </object_component>
      <object_component id="oc-30d">
         <name>.text</name>
         <load_address>0x1180a4c0</load_address>
         <run_address>0x1180a4c0</run_address>
         <size>0x6c0</size>
         <input_file_ref idref="fl-de"/>
      </object_component>
      <object_component id="oc-346">
         <name>.text:__sset_arg</name>
         <load_address>0x1180ab80</load_address>
         <run_address>0x1180ab80</run_address>
         <size>0x620</size>
         <input_file_ref idref="fl-11b"/>
      </object_component>
      <object_component id="oc-36b">
         <name>.text:__getarg_diouxp</name>
         <load_address>0x1180b1a0</load_address>
         <run_address>0x1180b1a0</run_address>
         <size>0x580</size>
         <input_file_ref idref="fl-fb"/>
      </object_component>
      <object_component id="oc-349">
         <name>.text:__setfield</name>
         <load_address>0x1180b720</load_address>
         <run_address>0x1180b720</run_address>
         <size>0x520</size>
         <input_file_ref idref="fl-fb"/>
      </object_component>
      <object_component id="oc-2f8">
         <name>.text</name>
         <load_address>0x1180bc40</load_address>
         <run_address>0x1180bc40</run_address>
         <size>0x500</size>
         <input_file_ref idref="fl-b"/>
      </object_component>
      <object_component id="oc-2d9">
         <name>.text</name>
         <load_address>0x1180c140</load_address>
         <run_address>0x1180c140</run_address>
         <size>0x4c0</size>
         <input_file_ref idref="fl-2"/>
      </object_component>
      <object_component id="oc-343">
         <name>.text:__sproc_int</name>
         <load_address>0x1180c600</load_address>
         <run_address>0x1180c600</run_address>
         <size>0x4c0</size>
         <input_file_ref idref="fl-11b"/>
      </object_component>
      <object_component id="oc-326">
         <name>.text</name>
         <load_address>0x1180cac0</load_address>
         <run_address>0x1180cac0</run_address>
         <size>0x4a0</size>
         <input_file_ref idref="fl-be"/>
      </object_component>
      <object_component id="oc-354">
         <name>.text:_strtod</name>
         <load_address>0x1180cf60</load_address>
         <run_address>0x1180cf60</run_address>
         <size>0x460</size>
         <input_file_ref idref="fl-11c"/>
      </object_component>
      <object_component id="oc-356">
         <name>.text:_strtol</name>
         <load_address>0x1180d3c0</load_address>
         <run_address>0x1180d3c0</run_address>
         <size>0x460</size>
         <input_file_ref idref="fl-11d"/>
      </object_component>
      <object_component id="oc-355">
         <name>.text:_strtold</name>
         <load_address>0x1180d820</load_address>
         <run_address>0x1180d820</run_address>
         <size>0x460</size>
         <input_file_ref idref="fl-11e"/>
      </object_component>
      <object_component id="oc-357">
         <name>.text:_strtoll</name>
         <load_address>0x1180dc80</load_address>
         <run_address>0x1180dc80</run_address>
         <size>0x460</size>
         <input_file_ref idref="fl-11f"/>
      </object_component>
      <object_component id="oc-333">
         <name>.text:__printfi</name>
         <load_address>0x1180e0e0</load_address>
         <run_address>0x1180e0e0</run_address>
         <size>0x440</size>
         <input_file_ref idref="fl-fb"/>
      </object_component>
      <object_component id="oc-313">
         <name>.text</name>
         <load_address>0x1180e520</load_address>
         <run_address>0x1180e520</run_address>
         <size>0x440</size>
         <input_file_ref idref="fl-dc"/>
      </object_component>
      <object_component id="oc-352">
         <name>.text:_strtoul</name>
         <load_address>0x1180e960</load_address>
         <run_address>0x1180e960</run_address>
         <size>0x400</size>
         <input_file_ref idref="fl-120"/>
      </object_component>
      <object_component id="oc-353">
         <name>.text:_strtoull</name>
         <load_address>0x1180ed60</load_address>
         <run_address>0x1180ed60</run_address>
         <size>0x400</size>
         <input_file_ref idref="fl-121"/>
      </object_component>
      <object_component id="oc-2fc">
         <name>.text</name>
         <load_address>0x1180f160</load_address>
         <run_address>0x1180f160</run_address>
         <size>0x400</size>
         <input_file_ref idref="fl-bf"/>
      </object_component>
      <object_component id="oc-311">
         <name>.text</name>
         <load_address>0x1180f560</load_address>
         <run_address>0x1180f560</run_address>
         <size>0x400</size>
         <input_file_ref idref="fl-d1"/>
      </object_component>
      <object_component id="oc-303">
         <name>.text</name>
         <load_address>0x1180f960</load_address>
         <run_address>0x1180f960</run_address>
         <size>0x400</size>
         <input_file_ref idref="fl-e"/>
      </object_component>
      <object_component id="oc-34c">
         <name>.text:_fputs</name>
         <load_address>0x1180fd60</load_address>
         <run_address>0x1180fd60</run_address>
         <size>0x3a0</size>
         <input_file_ref idref="fl-105"/>
      </object_component>
      <object_component id="oc-341">
         <name>.text:__sget_conv</name>
         <load_address>0x11810100</load_address>
         <run_address>0x11810100</run_address>
         <size>0x340</size>
         <input_file_ref idref="fl-11b"/>
      </object_component>
      <object_component id="oc-358">
         <name>.text:__pproc_fge</name>
         <load_address>0x11810440</load_address>
         <run_address>0x11810440</run_address>
         <size>0x320</size>
         <input_file_ref idref="fl-fb"/>
      </object_component>
      <object_component id="oc-2f9">
         <name>.text</name>
         <load_address>0x11810760</load_address>
         <run_address>0x11810760</run_address>
         <size>0x300</size>
         <input_file_ref idref="fl-bb"/>
      </object_component>
      <object_component id="oc-342">
         <name>.text:__sproc_float</name>
         <load_address>0x11810a60</load_address>
         <run_address>0x11810a60</run_address>
         <size>0x2e0</size>
         <input_file_ref idref="fl-11b"/>
      </object_component>
      <object_component id="oc-348">
         <name>.text:__pproc_fwp</name>
         <load_address>0x11810d40</load_address>
         <run_address>0x11810d40</run_address>
         <size>0x2c0</size>
         <input_file_ref idref="fl-fb"/>
      </object_component>
      <object_component id="oc-2fd">
         <name>.text:_fmodf</name>
         <load_address>0x11811000</load_address>
         <run_address>0x11811000</run_address>
         <size>0x2c0</size>
         <input_file_ref idref="fl-f3"/>
      </object_component>
      <object_component id="oc-372">
         <name>.text:_ecvt</name>
         <load_address>0x118112c0</load_address>
         <run_address>0x118112c0</run_address>
         <size>0x2a0</size>
         <input_file_ref idref="fl-fb"/>
      </object_component>
      <object_component id="oc-375">
         <name>.text:_fcvt</name>
         <load_address>0x11811560</load_address>
         <run_address>0x11811560</run_address>
         <size>0x2a0</size>
         <input_file_ref idref="fl-fb"/>
      </object_component>
      <object_component id="oc-35e">
         <name>.text:__divull</name>
         <load_address>0x11811800</load_address>
         <run_address>0x11811800</run_address>
         <size>0x260</size>
         <input_file_ref idref="fl-fd"/>
      </object_component>
      <object_component id="oc-36a">
         <name>.text:__pconv_e</name>
         <load_address>0x11811a60</load_address>
         <run_address>0x11811a60</run_address>
         <size>0x260</size>
         <input_file_ref idref="fl-fb"/>
      </object_component>
      <object_component id="oc-359">
         <name>.text:__pproc_diouxp</name>
         <load_address>0x11811cc0</load_address>
         <run_address>0x11811cc0</run_address>
         <size>0x240</size>
         <input_file_ref idref="fl-fb"/>
      </object_component>
      <object_component id="oc-34a">
         <name>.text:__pproc_str</name>
         <load_address>0x11811f00</load_address>
         <run_address>0x11811f00</run_address>
         <size>0x220</size>
         <input_file_ref idref="fl-fb"/>
      </object_component>
      <object_component id="oc-34d">
         <name>.text:_fputc</name>
         <load_address>0x11812120</load_address>
         <run_address>0x11812120</run_address>
         <size>0x220</size>
         <input_file_ref idref="fl-102"/>
      </object_component>
      <object_component id="oc-368">
         <name>.text:__pconv_g</name>
         <load_address>0x11812340</load_address>
         <run_address>0x11812340</run_address>
         <size>0x200</size>
         <input_file_ref idref="fl-fb"/>
      </object_component>
      <object_component id="oc-36e">
         <name>.text:_setvbuf</name>
         <load_address>0x11812540</load_address>
         <run_address>0x11812540</run_address>
         <size>0x200</size>
         <input_file_ref idref="fl-10e"/>
      </object_component>
      <object_component id="oc-2fa">
         <name>.text</name>
         <load_address>0x11812740</load_address>
         <run_address>0x11812740</run_address>
         <size>0x1e0</size>
         <input_file_ref idref="fl-dd"/>
      </object_component>
      <object_component id="oc-374">
         <name>.text:__mcpy</name>
         <load_address>0x11812920</load_address>
         <run_address>0x11812920</run_address>
         <size>0x1c0</size>
         <input_file_ref idref="fl-fb"/>
      </object_component>
      <object_component id="oc-20f">
         <name>.text</name>
         <load_address>0x11812ae0</load_address>
         <run_address>0x11812ae0</run_address>
         <size>0x1c0</size>
[...]
         <name>_USTIMER_delay</name>
         <value>0x1181289c</value>
         <object_component_ref idref="oc-2fa"/>
      </symbol>
      <symbol id="sm-131f">
         <name>_USTIMER_set</name>
         <value>0x11812740</value>
         <object_component_ref idref="oc-2fa"/>
      </symbol>
      <symbol id="sm-1320">
         <name>_USTIMER_init</name>
         <value>0x1181278c</value>
         <object_component_ref idref="oc-2fa"/>
      </symbol>
      <symbol id="sm-1321">
         <name>_USTIMER_reset</name>
         <value>0x11812754</value>
         <object_component_ref idref="oc-2fa"/>
      </symbol>
      <symbol id="sm-1346">
         <name>_VPIF_initReceive</name>
         <value>0x1180a84c</value>
         <object_component_ref idref="oc-30d"/>
      </symbol>
      <symbol id="sm-1347">
         <name>_VPIF_initReceive_withPRU</name>
         <value>0x1180a6d8</value>
         <object_component_ref idref="oc-30d"/>
      </symbol>
      <symbol id="sm-1348">
         <name>_VPIF_initTransmit</name>
         <value>0x1180a4c0</value>
         <object_component_ref idref="oc-30d"/>
      </symbol>
      <symbol id="sm-135a">
         <name>__SEM_dopost</name>
         <value>0x11825e60</value>
         <object_component_ref idref="oc-2e1"/>
      </symbol>
      <symbol id="sm-136d">
         <name>__auto_init</name>
         <value>0x11826640</value>
         <object_component_ref idref="oc-2d3"/>
      </symbol>
      <symbol id="sm-1375">
         <name>_divdp</name>
         <value>0x11815ec0</value>
         <object_component_ref idref="oc-1f0"/>
      </symbol>
      <symbol id="sm-1376">
         <name>__divd</name>
         <value>0x11815ec0</value>
         <object_component_ref idref="oc-1f0"/>
      </symbol>
      <symbol id="sm-137e">
         <name>__divf</name>
         <value>0x11816240</value>
         <object_component_ref idref="oc-1f4"/>
      </symbol>
      <symbol id="sm-137f">
         <name>_divsp</name>
         <value>0x11816240</value>
         <object_component_ref idref="oc-1f4"/>
      </symbol>
      <symbol id="sm-1388">
         <name>__c6xabi_divi</name>
         <value>0x118148c0</value>
         <object_component_ref idref="oc-30b"/>
      </symbol>
      <symbol id="sm-1389">
         <name>__divi</name>
         <value>0x118148c0</value>
         <object_component_ref idref="oc-30b"/>
      </symbol>
      <symbol id="sm-1392">
         <name>__c6xabi_divu</name>
         <value>0x11815040</value>
         <object_component_ref idref="oc-335"/>
      </symbol>
      <symbol id="sm-1393">
         <name>__divu</name>
         <value>0x11815040</value>
         <object_component_ref idref="oc-335"/>
      </symbol>
      <symbol id="sm-13a5">
         <name>__unlock</name>
         <value>0x11823320</value>
         <object_component_ref idref="oc-200"/>
      </symbol>
      <symbol id="sm-13a6">
         <name>__lock</name>
         <value>0x1182331c</value>
         <object_component_ref idref="oc-200"/>
      </symbol>
      <symbol id="sm-13a7">
         <name>__register_lock</name>
         <value>0x118165c0</value>
         <object_component_ref idref="oc-319"/>
      </symbol>
      <symbol id="sm-13a8">
         <name>__nop</name>
         <value>0x11816520</value>
         <object_component_ref idref="oc-2ef"/>
      </symbol>
      <symbol id="sm-13a9">
         <name>__register_unlock</name>
         <value>0x118165e0</value>
         <object_component_ref idref="oc-31a"/>
      </symbol>
      <symbol id="sm-13b2">
         <name>__remi</name>
         <value>0x118151c0</value>
         <object_component_ref idref="oc-304"/>
      </symbol>
      <symbol id="sm-13b3">
         <name>__c6xabi_remi</name>
         <value>0x118151c0</value>
         <object_component_ref idref="oc-304"/>
      </symbol>
      <symbol id="sm-13c5">
         <name>__divul</name>
         <value>0x11812e40</value>
         <object_component_ref idref="oc-33d"/>
      </symbol>
      <symbol id="sm-13c6">
         <name>__remli</name>
         <value>0x11816420</value>
         <object_component_ref idref="oc-2ff"/>
      </symbol>
      <symbol id="sm-13c7">
         <name>__remul</name>
         <value>0x11816460</value>
         <object_component_ref idref="oc-364"/>
      </symbol>
      <symbol id="sm-13c8">
         <name>__divli</name>
         <value>0x11815600</value>
         <object_component_ref idref="oc-32a"/>
      </symbol>
      <symbol id="sm-13d2">
         <name>__roundf</name>
         <value>0x11815d40</value>
         <object_component_ref idref="oc-301"/>
      </symbol>
      <symbol id="sm-13da">
         <name>__c6xabi_strasgi_64plus</name>
         <value>0x118164a0</value>
         <object_component_ref idref="oc-322"/>
      </symbol>
      <symbol id="sm-13db">
         <name>__strasgi_64plus</name>
         <value>0x118164a0</value>
         <object_component_ref idref="oc-322"/>
      </symbol>
      <symbol id="sm-13e5">
         <name>_atan2f</name>
         <value>0x11812ae0</value>
         <object_component_ref idref="oc-20f"/>
      </symbol>
      <symbol id="sm-13e6">
         <name>_atan2sp</name>
         <value>0x11812ae0</value>
         <object_component_ref idref="oc-20f"/>
      </symbol>
      <symbol id="sm-13fa">
         <name>_atexit</name>
         <value>0x11815280</value>
         <object_component_ref idref="oc-31f"/>
      </symbol>
      <symbol id="sm-13fb">
         <name>___atexit_func_id__</name>
         <value>0x11822cc0</value>
         <object_component_ref idref="oc-215"/>
      </symbol>
      <symbol id="sm-1413">
         <name>_dtors</name>
         <value>0x11823324</value>
         <object_component_ref idref="oc-21a"/>
      </symbol>
      <symbol id="sm-1414">
         <name>_call_dtors</name>
         <value>0x11814500</value>
         <object_component_ref idref="oc-34b"/>
      </symbol>
      <symbol id="sm-1415">
         <name>___add_dtor</name>
         <value>0x118162a0</value>
         <object_component_ref idref="oc-33a"/>
      </symbol>
      <symbol id="sm-1421">
         <name>___TI_enable_exit_profile_output</name>
         <value>0x11823318</value>
         <object_component_ref idref="oc-21f"/>
      </symbol>
      <symbol id="sm-1422">
         <name>__cleanup_ptr</name>
         <value>0x11823310</value>
         <object_component_ref idref="oc-21f"/>
      </symbol>
      <symbol id="sm-1423">
         <name>__dtors_ptr</name>
         <value>0x11823314</value>
         <object_component_ref idref="oc-21f"/>
      </symbol>
      <symbol id="sm-1431">
         <name>_atoi</name>
         <value>0x118149a0</value>
         <object_component_ref idref="oc-315"/>
      </symbol>
      <symbol id="sm-1439">
         <name>__ctypes_</name>
         <value>0x1182f258</value>
         <object_component_ref idref="oc-336"/>
      </symbol>
      <symbol id="sm-1445">
         <name>_cos</name>
         <value>0x11813300</value>
         <object_component_ref idref="oc-227"/>
      </symbol>
      <symbol id="sm-1446">
         <name>_HPisDP</name>
         <value>0x11833048</value>
         <object_component_ref idref="oc-228"/>
      </symbol>
      <symbol id="sm-1447">
         <name>_cosdp</name>
         <value>0x11813300</value>
         <object_component_ref idref="oc-227"/>
      </symbol>
      <symbol id="sm-144f">
         <name>_cossp</name>
         <value>0x118140c0</value>
         <object_component_ref idref="oc-22c"/>
      </symbol>
      <symbol id="sm-1450">
         <name>_cosf</name>
         <value>0x118140c0</value>
         <object_component_ref idref="oc-22c"/>
      </symbol>
      <symbol id="sm-145a">
         <name>_errno</name>
         <value>0x11823104</value>
         <object_component_ref idref="oc-232"/>
      </symbol>
      <symbol id="sm-1470">
         <name>_fmodf</name>
         <value>0x11811000</value>
         <object_component_ref idref="oc-2fd"/>
      </symbol>
      <symbol id="sm-147a">
         <name>__truncf</name>
         <value>0x11816600</value>
         <object_component_ref idref="oc-329"/>
      </symbol>
      <symbol id="sm-1489">
         <name>_frexpf</name>
         <value>0x11814b60</value>
         <object_component_ref idref="oc-327"/>
      </symbol>
      <symbol id="sm-1497">
         <name>_ldexpf</name>
         <value>0x11813fa0</value>
         <object_component_ref idref="oc-328"/>
      </symbol>
      <symbol id="sm-149f">
         <name>_memcpy</name>
         <value>0x11815a60</value>
         <object_component_ref idref="oc-2f7"/>
      </symbol>
      <symbol id="sm-14aa">
         <name>_modff</name>
         <value>0x11816060</value>
         <object_component_ref idref="oc-2fe"/>
      </symbol>
      <symbol id="sm-14bf">
         <name>_printf</name>
         <value>0x11814d20</value>
         <object_component_ref idref="oc-325"/>
      </symbol>
      <symbol id="sm-14c9">
         <name>__tmpnams</name>
         <value>0x11822b78</value>
         <object_component_ref idref="oc-24b"/>
      </symbol>
      <symbol id="sm-14ca">
         <name>__ft_end</name>
         <value>0x11822cb8</value>
         <object_component_ref idref="oc-24b"/>
      </symbol>
      <symbol id="sm-14cb">
         <name>__ftable</name>
         <value>0x11822998</value>
         <object_component_ref idref="oc-24b"/>
      </symbol>
      <symbol id="sm-15d4">
         <name>__printfi</name>
         <value>0x1180e0e0</value>
         <object_component_ref idref="oc-333"/>
      </symbol>
      <symbol id="sm-15de">
         <name>___isinf</name>
         <value>0x118162e0</value>
         <object_component_ref idref="oc-367"/>
      </symbol>
      <symbol id="sm-15f4">
         <name>__subcull</name>
         <value>0x11815fa0</value>
         <object_component_ref idref="oc-370"/>
      </symbol>
      <symbol id="sm-15f5">
         <name>__divull</name>
         <value>0x11811800</value>
         <object_component_ref idref="oc-35e"/>
      </symbol>
      <symbol id="sm-15f6">
         <name>__remull</name>
         <value>0x11815f40</value>
         <object_component_ref idref="oc-365"/>
      </symbol>
      <symbol id="sm-1603">
         <name>__fixdli</name>
         <value>0x118157e0</value>
         <object_component_ref idref="oc-37b"/>
      </symbol>
      <symbol id="sm-160e">
         <name>__fltlid</name>
         <value>0x11815c40</value>
         <object_component_ref idref="oc-37d"/>
      </symbol>
      <symbol id="sm-161c">
         <name>__llshl</name>
         <value>0x11815cc0</value>
         <object_component_ref idref="oc-36f"/>
      </symbol>
      <symbol id="sm-161d">
         <name>__llshru</name>
         <value>0x11816360</value>
         <object_component_ref idref="oc-371"/>
      </symbol>
      <symbol id="sm-1627">
         <name>__negll</name>
         <value>0x11816500</value>
         <object_component_ref idref="oc-35f"/>
      </symbol>
      <symbol id="sm-1642">
         <name>_putc</name>
         <value>0x11812120</value>
         <object_component_ref idref="oc-34d"/>
      </symbol>
      <symbol id="sm-1643">
         <name>_fputc</name>
         <value>0x11812120</value>
         <object_component_ref idref="oc-34d"/>
      </symbol>
      <symbol id="sm-1650">
         <name>__doflush</name>
         <value>0x11815100</value>
         <object_component_ref idref="oc-35c"/>
      </symbol>
      <symbol id="sm-165f">
         <name>__wrt_ok</name>
         <value>0x11814400</value>
         <object_component_ref idref="oc-35b"/>
      </symbol>
      <symbol id="sm-1681">
         <name>_fputs</name>
         <value>0x1180fd60</value>
         <object_component_ref idref="oc-34c"/>
      </symbol>
      <symbol id="sm-1692">
         <name>_fseek</name>
         <value>0x11813e80</value>
         <object_component_ref idref="oc-36d"/>
      </symbol>
      <symbol id="sm-16d6">
         <name>_unlink</name>
         <value>0x11815e40</value>
         <object_component_ref idref="oc-384"/>
      </symbol>
      <symbol id="sm-16d7">
         <name>_lseek</name>
         <value>0x118159c0</value>
         <object_component_ref idref="oc-378"/>
      </symbol>
      <symbol id="sm-16d8">
         <name>_close</name>
         <value>0x11814a80</value>
         <object_component_ref idref="oc-382"/>
      </symbol>
      <symbol id="sm-16d9">
         <name>_write</name>
         <value>0x11815b00</value>
         <object_component_ref idref="oc-35d"/>
      </symbol>
      <symbol id="sm-1702">
         <name>_HOSTopen</name>
         <value>0x11814700</value>
         <object_component_ref idref="oc-2f0"/>
      </symbol>
      <symbol id="sm-1703">
         <name>_HOSTread</name>
         <value>0x118147e0</value>
         <object_component_ref idref="oc-2f2"/>
      </symbol>
      <symbol id="sm-1704">
         <name>_HOSTrename</name>
         <value>0x11813180</value>
         <object_component_ref idref="oc-2f6"/>
      </symbol>
      <symbol id="sm-1705">
         <name>_HOSTwrite</name>
         <value>0x11814ec0</value>
         <object_component_ref idref="oc-2f3"/>
      </symbol>
      <symbol id="sm-1706">
         <name>_HOSTlseek</name>
         <value>0x11814300</value>
         <object_component_ref idref="oc-2f4"/>
      </symbol>
      <symbol id="sm-1707">
         <name>_HOSTunlink</name>
         <value>0x11814e00</value>
         <object_component_ref idref="oc-2f5"/>
      </symbol>
      <symbol id="sm-1708">
         <name>_HOSTclose</name>
         <value>0x118154c0</value>
         <object_component_ref idref="oc-2f1"/>
      </symbol>
      <symbol id="sm-1715">
         <name>_ltoa</name>
         <value>0x11815340</value>
         <object_component_ref idref="oc-37c"/>
      </symbol>
      <symbol id="sm-1722">
         <name>_memccpy</name>
         <value>0x11816000</value>
         <object_component_ref idref="oc-35a"/>
      </symbol>
      <symbol id="sm-172d">
         <name>_memset</name>
         <value>0x11814c40</value>
         <object_component_ref idref="oc-340"/>
      </symbol>
      <symbol id="sm-173d">
         <name>C$$IO$$</name>
         <value>0x11816238</value>
         <object_component_ref idref="oc-320"/>
      </symbol>
      <symbol id="sm-173e">
         <name>__CIOBUF_</name>
         <value>0x11832d80</value>
         <object_component_ref idref="oc-289"/>
      </symbol>
      <symbol id="sm-173f">
         <name>_readmsg</name>
         <value>0x11815dc0</value>
         <object_component_ref idref="oc-321"/>
      </symbol>
      <symbol id="sm-1740">
         <name>_writemsg</name>
         <value>0x118161e0</value>
         <object_component_ref idref="oc-320"/>
      </symbol>
      <symbol id="sm-1757">
         <name>_setvbuf</name>
         <value>0x11812540</value>
         <object_component_ref idref="oc-36e"/>
      </symbol>
      <symbol id="sm-176a">
         <name>__cleanup</name>
         <value>0x11815560</value>
         <object_component_ref idref="oc-37a"/>
      </symbol>
      <symbol id="sm-177c">
         <name>__closefile</name>
         <value>0x11813b20</value>
         <object_component_ref idref="oc-380"/>
      </symbol>
      <symbol id="sm-1798">
         <name>_free</name>
         <value>0x11824ba0</value>
         <object_component_ref idref="oc-379"/>
      </symbol>
      <symbol id="sm-1799">
         <name>_calloc</name>
         <value>0x11824dcc</value>
         <object_component_ref idref="oc-379"/>
      </symbol>
      <symbol id="sm-179a">
         <name>_memalign</name>
         <value>0x11824d08</value>
         <object_component_ref idref="oc-379"/>
      </symbol>
      <symbol id="sm-179b">
         <name>_realloc</name>
         <value>0x11824c24</value>
         <object_component_ref idref="oc-379"/>
      </symbol>
      <symbol id="sm-179c">
         <name>_malloc</name>
         <value>0x11824bc4</value>
         <object_component_ref idref="oc-379"/>
      </symbol>
      <symbol id="sm-17b3">
         <name>_MEM_alloc</name>
         <value>0x118252e0</value>
         <object_component_ref idref="oc-37f"/>
      </symbol>
      <symbol id="sm-17c5">
         <name>_MEM_free</name>
         <value>0x118256e0</value>
         <object_component_ref idref="oc-37e"/>
      </symbol>
      <symbol id="sm-17d0">
         <name>_SYS_error</name>
         <value>0x11827340</value>
         <object_component_ref idref="oc-381"/>
      </symbol>
      <symbol id="sm-17da">
         <name>_remove</name>
         <value>0x11816640</value>
         <object_component_ref idref="oc-383"/>
      </symbol>
      <symbol id="sm-17e6">
         <name>_sin</name>
         <value>0x11813498</value>
         <object_component_ref idref="oc-2a8"/>
      </symbol>
      <symbol id="sm-17e7">
         <name>_sindp</name>
         <value>0x11813498</value>
         <object_component_ref idref="oc-2a8"/>
      </symbol>
      <symbol id="sm-17e8">
         <name>_HPisdp</name>
         <value>0x118330a8</value>
         <object_component_ref idref="oc-2a9"/>
      </symbol>
      <symbol id="sm-17f0">
         <name>_sinf</name>
         <value>0x118141f4</value>
         <object_component_ref idref="oc-2ad"/>
      </symbol>
      <symbol id="sm-17f1">
         <name>_sinsp</name>
         <value>0x118141f4</value>
         <object_component_ref idref="oc-2ad"/>
      </symbol>
      <symbol id="sm-1801">
         <name>_sprintf</name>
         <value>0x118160c0</value>
         <object_component_ref idref="oc-308"/>
      </symbol>
      <symbol id="sm-1809">
         <name>_sqrtf</name>
         <value>0x11815ba0</value>
         <object_component_ref idref="oc-2b4"/>
      </symbol>
      <symbol id="sm-180a">
         <name>_sqrtsp</name>
         <value>0x11815ba0</value>
         <object_component_ref idref="oc-2b4"/>
      </symbol>
      <symbol id="sm-1824">
         <name>_sscanf</name>
         <value>0x11816120</value>
         <object_component_ref idref="oc-307"/>
      </symbol>
      <symbol id="sm-18fc">
         <name>__scanfi</name>
         <value>0x11808dc0</value>
         <object_component_ref idref="oc-330"/>
      </symbol>
      <symbol id="sm-1921">
         <name>_strtod</name>
         <value>0x1180cf60</value>
         <object_component_ref idref="oc-354"/>
      </symbol>
      <symbol id="sm-1939">
         <name>_strtol</name>
         <value>0x1180d3c0</value>
         <object_component_ref idref="oc-356"/>
      </symbol>
      <symbol id="sm-195e">
         <name>_strtold</name>
         <value>0x1180d820</value>
         <object_component_ref idref="oc-355"/>
      </symbol>
      <symbol id="sm-1979">
         <name>_strtoll</name>
         <value>0x1180dc80</value>
         <object_component_ref idref="oc-357"/>
      </symbol>
      <symbol id="sm-1991">
         <name>_strtoul</name>
         <value>0x1180e960</value>
         <object_component_ref idref="oc-352"/>
      </symbol>
      <symbol id="sm-19ad">
         <name>_strtoull</name>
         <value>0x1180ed60</value>
         <object_component_ref idref="oc-353"/>
      </symbol>
      <symbol id="sm-19bd">
         <name>_vsprintf</name>
         <value>0x11816180</value>
         <object_component_ref idref="oc-32b"/>
      </symbol>
   </symbol_table>
</link_info>
