******************************************************************************
               TMS320C6x Linker PC v7.4.16                     
******************************************************************************
>> Linked Thu May 11 10:54:21 2017

OUTPUT FILE NAME:   <FinalProject.out>
ENTRY POINT SYMBOL: "_c_int00"  address: 11831ae0


MEMORY CONFIGURATION

         name            origin    length      used     unused   attr    fill
----------------------  --------  ---------  --------  --------  ----  --------
  IRAM                  11800000   00038000  00033350  00004cb0  RWIX
  CACHE_L2              11838000   00008000  00000000  00008000  RWIX
  CACHE_L1P             11e00000   00008000  00000000  00008000  RWIX
  CACHE_L1D             11f00000   00008000  00000000  00008000  RWIX
  L3_CBA_RAM            80000000   00020000  00000000  00020000  RWIX
  DDR                   c3000000   01000000  00008000  00ff8000  RWIX


SECTION ALLOCATION MAP

 output                                  attributes/
section   page    origin      length       input sections
--------  ----  ----------  ----------   ----------------
.vers      0    00000000    00000044     COPY SECTION
                  00000000    00000044     FinalProjectcfg.obj (.vers)

.text      0    11800000    00016660     
                  11800000    00003900     user_FinalProject.obj (.text)
                  11803900    00002620     Ladar.obj (.text)
                  11805f20    00001480     ColorVision.obj (.text)
                  118073a0    00000f80     evmomapl138_bsl.lib : evmomapl138.obj (.text)
                  11808320    00000aa0     ColorLCD.obj (.text)
                  11808dc0    00000900     rts6740.lib : _scanfi.obj (.text:__scanfi)
                  118096c0    00000720     MatrixMath.obj (.text)
                  11809de0    000006e0     COECSL_mcbsp.obj (.text)
                  1180a4c0    000006c0     evmomapl138_bsl.lib : evmomapl138_vpif.obj (.text)
                  1180ab80    00000620     rts6740.lib : _scanfi.obj (.text:__sset_arg)
                  1180b1a0    00000580                 : _printfi.obj (.text:__getarg_diouxp)
                  1180b720    00000520                 : _printfi.obj (.text:__setfield)
                  1180bc40    00000500     pQueue.obj (.text)
                  1180c140    000004c0     COECSL_edma3.obj (.text)
                  1180c600    000004c0     rts6740.lib : _scanfi.obj (.text:__sproc_int)
                  1180cac0    000004a0     evmomapl138_bsl.lib : evmomapl138_i2c_gpio.obj (.text)
                  1180cf60    00000460     rts6740.lib : strtod.obj (.text:_strtod)
                  1180d3c0    00000460                 : strtol.obj (.text:_strtol)
                  1180d820    00000460                 : strtold.obj (.text:_strtold)
                  1180dc80    00000460                 : strtoll.obj (.text:_strtoll)
                  1180e0e0    00000440                 : _printfi.obj (.text:__printfi)
                  1180e520    00000440     evmomapl138_bsl.lib : evmomapl138_uart.obj (.text)
                  1180e960    00000400     rts6740.lib : strtoul.obj (.text:_strtoul)
                  1180ed60    00000400                 : strtoull.obj (.text:_strtoull)
                  1180f160    00000400     evmomapl138_bsl.lib : evmomapl138_i2c.obj (.text)
                  1180f560    00000400                         : evmomapl138_spi.obj (.text)
                  1180f960    00000400     user_xy.obj (.text)
                  1180fd60    000003a0     rts6740.lib : fputs.obj (.text:_fputs)
                  11810100    00000340                 : _scanfi.obj (.text:__sget_conv)
                  11810440    00000320                 : _printfi.obj (.text:__pproc_fge)
                  11810760    00000300     evmomapl138_bsl.lib : evmomapl138_gpio.obj (.text)
                  11810a60    000002e0     rts6740.lib : _scanfi.obj (.text:__sproc_float)
                  11810d40    000002c0                 : _printfi.obj (.text:__pproc_fwp)
                  11811000    000002c0                 : fmodf.obj (.text:_fmodf)
                  118112c0    000002a0                 : _printfi.obj (.text:_ecvt)
                  11811560    000002a0                 : _printfi.obj (.text:_fcvt)
                  11811800    00000260                 : imath64.obj (.text:__divull)
                  11811a60    00000260                 : _printfi.obj (.text:__pconv_e)
                  11811cc0    00000240                 : _printfi.obj (.text:__pproc_diouxp)
                  11811f00    00000220                 : _printfi.obj (.text:__pproc_str)
                  11812120    00000220                 : fputc.obj (.text:_fputc)
                  11812340    00000200                 : _printfi.obj (.text:__pconv_g)
                  11812540    00000200                 : setvbuf.obj (.text:_setvbuf)
                  11812740    000001e0     evmomapl138_bsl.lib : evmomapl138_timer.obj (.text)
                  11812920    000001c0     rts6740.lib : _printfi.obj (.text:__mcpy)
                  11812ae0    000001c0     c674xfastMath.lib : atan2sp.obj (.text)
                  11812ca0    000001a0     LCDprintf.obj (.text)
                  11812e40    000001a0     rts6740.lib : imath40.obj (.text:__divul)
                  11812fe0    000001a0                 : _scanfi.obj (.text:__sproc_str)
                  11813180    00000180                 : trgdrv.obj (.text:_HOSTrename)
                  11813300    00000180     c674xfastMath.lib : cosdp.obj (.text)
                  11813480    00000180                       : sindp.obj (.text)
                  11813600    00000160     rts6740.lib : _scanfi.obj (.text:__sproc_lb)
                  11813760    00000140                 : sscanf.obj (.text:__chkmbc)
                  118138a0    00000140                 : _printfi.obj (.text:__pproc_fflags)
                  118139e0    00000140                 : lowlev.obj (.text:_getdevice)
                  11813b20    00000120                 : fclose.obj (.text:__closefile)
                  11813c40    00000120                 : _printfi.obj (.text:__ltostr)
                  11813d60    00000120                 : _scanfi.obj (.text:__sget_scanset)
                  11813e80    00000120                 : fseek.obj (.text:_fseek)
                  11813fa0    00000120                 : ldexpf.obj (.text:_ldexpf)
                  118140c0    00000120     c674xfastMath.lib : cossp.obj (.text)
                  118141e0    00000120                       : sinsp.obj (.text)
                  11814300    00000100     rts6740.lib : trgdrv.obj (.text:_HOSTlseek)
                  11814400    00000100                 : _io_perm.obj (.text:__wrt_ok)
                  11814500    00000100                 : sinit.obj (.text:_call_dtors)
                  11814600    00000100     pru.obj (.text)
                  11814700    000000e0     rts6740.lib : trgdrv.obj (.text:_HOSTopen)
                  118147e0    000000e0                 : trgdrv.obj (.text:_HOSTread)
                  118148c0    000000e0                 : divi.obj (.text:__divi)
                  118149a0    000000e0                 : atoi.obj (.text:_atoi)
                  11814a80    000000e0                 : lowlev.obj (.text:_close)
                  11814b60    000000e0                 : frexpf.obj (.text:_frexpf)
                  11814c40    000000e0                 : memset.obj (.text:_memset)
                  11814d20    000000e0                 : printf.obj (.text:_printf)
                  11814e00    000000c0                 : trgdrv.obj (.text:_HOSTunlink)
                  11814ec0    000000c0                 : trgdrv.obj (.text:_HOSTwrite)
                  11814f80    000000c0                 : _printfi.obj (.text:__div)
                  11815040    000000c0                 : divu.obj (.text:__divu)
                  11815100    000000c0                 : fflush.obj (.text:__doflush)
                  118151c0    000000c0                 : remi.obj (.text:__remi)
                  11815280    000000c0                 : atexit.obj (.text:_atexit)
                  11815340    000000c0                 : ltoa.obj (.text:_ltoa)
                  11815400    000000c0     bios.a674 : tsk_stup.o674 (.text)
                  118154c0    000000a0     rts6740.lib : trgdrv.obj (.text:_HOSTclose)
                  11815560    000000a0                 : fopen.obj (.text:__cleanup)
                  11815600    000000a0                 : imath40.obj (.text:__divli)
                  118156a0    000000a0                 : _printfi.obj (.text:__ecpy)
                  11815740    000000a0                 : _printfi.obj (.text:__fcpy)
                  118157e0    000000a0                 : fixdli.obj (.text:__fixdli)
                  11815880    000000a0                 : _printfi.obj (.text:__pconv_f)
                  11815920    000000a0                 : lowlev.obj (.text:_finddevice)
                  118159c0    000000a0                 : lowlev.obj (.text:_lseek)
                  11815a60    000000a0                 : memcpy64.obj (.text:_memcpy)
                  11815b00    000000a0                 : lowlev.obj (.text:_write)
                  11815ba0    000000a0     c674xfastMath.lib : sqrtsp.obj (.text)
                  11815c40    00000080     rts6740.lib : fltlid.obj (.text:__fltlid)
                  11815cc0    00000080                 : llshift.obj (.text:__llshl)
                  11815d40    00000080                 : roundf.obj (.text:__roundf)
                  11815dc0    00000080                 : trgmsg.obj (.text:_readmsg)
                  11815e40    00000080                 : lowlev.obj (.text:_unlink)
                  11815ec0    00000080     c674xfastMath.lib : divdp.obj (.text)
                  11815f40    00000060     rts6740.lib : imath64.obj (.text:__remull)
                  11815fa0    00000060                 : imath64.obj (.text:__subcull)
                  11816000    00000060                 : memccpy.obj (.text:_memccpy)
                  11816060    00000060                 : modff.obj (.text:_modff)
                  118160c0    00000060                 : sprintf.obj (.text:_sprintf)
                  11816120    00000060                 : sscanf.obj (.text:_sscanf)
                  11816180    00000060                 : vsprintf.obj (.text:_vsprintf)
                  118161e0    00000060                 : trgmsg.obj (.text:_writemsg)
                  11816240    00000060     c674xfastMath.lib : divsp.obj (.text)
                  118162a0    00000040     rts6740.lib : sinit.obj (.text:___add_dtor)
                  118162e0    00000040                 : isinf.obj (.text:___isinf)
                  11816320    00000040                 : _printfi.obj (.text:___isnan)
                  11816360    00000040                 : llshift.obj (.text:__llshru)
                  118163a0    00000040                 : sprintf.obj (.text:__outs)
                  118163e0    00000040                 : vsprintf.obj (.text:__outs)
                  11816420    00000040                 : imath40.obj (.text:__remli)
                  11816460    00000040                 : imath40.obj (.text:__remul)
                  118164a0    00000040                 : strasg.obj (.text:__strasgi_64plus)
                  118164e0    00000020                 : sscanf.obj (.text:__inpchar)
                  11816500    00000020                 : negll.obj (.text:__negll)
                  11816520    00000020                 : _lock.obj (.text:__nop)
                  11816540    00000020                 : printf.obj (.text:__outc)
                  11816560    00000020                 : sprintf.obj (.text:__outc)
                  11816580    00000020                 : vsprintf.obj (.text:__outc)
                  118165a0    00000020                 : printf.obj (.text:__outs)
                  118165c0    00000020                 : _lock.obj (.text:__register_lock)
                  118165e0    00000020                 : _lock.obj (.text:__register_unlock)
                  11816600    00000020                 : truncf.obj (.text:__truncf)
                  11816620    00000020                 : sscanf.obj (.text:__uninpchar)
                  11816640    00000020                 : remove.obj (.text:_remove)

.hst1      0    11816660    00000010     UNINITIALIZED
                  11816660    00000010     FinalProjectcfg.obj (.hst1)

.idl       0    11816670    00000010     UNINITIALIZED
                  11816670    00000010     FinalProjectcfg.obj (.idl)

.far       0    11816680    0000ccb0     UNINITIALIZED
                  11816680    00008330     user_FinalProject.obj (.far)
                  1181e9b0    00001a24     ColorVision.obj (.far)
                  118203d4    00000004     bios6748.a674 : bcache_wait.o674 (.far)
                  118203d8    00001620     Ladar.obj (.far)
                  118219f8    00000fa0     COECSL_edma3.obj (.far)
                  11822998    00000324     rts6740.lib : defs.obj (.far)
                  11822cbc    00000004     bios6748.a674 : clk_data.o674 (.far)
                  11822cc0    00000188     rts6740.lib : atexit.obj (.far)
                  11822e48    00000020     bios.a674 : sys.o674 (.far)
                  11822e68    00000018     rtdx64xplus.lib : rtdx_mon.o64P (.far)
                  11822e80    00000168     COECSL_mcbsp.obj (.far)
                  11822fe8    0000011c     rts6740.lib : lowlev.obj (.far)
                  11823104    00000004                 : errno.obj (.far)
                  11823108    000000d8     bios.a674 : knl.o674 (.far)
                  118231e0    0000005c               : tsk.o674 (.far)
                  1182323c    00000004     rts6740.lib : fopen.obj (.far)
                  11823240    00000054     bios.a674 : obj_init.o674 (.far)
                  11823294    00000050               : tsk_stup.o674 (.far)
                  118232e4    00000010               : exc.o674 (.far)
                  118232f4    00000010               : knl_tick.o674 (.far)
                  11823304    0000000c               : utl_putc.o674 (.far)
                  11823310    0000000c     rts6740.lib : exit.obj (.far)
                  1182331c    00000008                 : _lock.obj (.far)
                  11823324    00000004                 : sinit.obj (.far)
                  11823328    00000008                 : trgdrv.obj (.far)

.idlcal    0    11823330    00000010     UNINITIALIZED
                  11823330    00000010     FinalProjectcfg.obj (.idlcal)

.bios      0    11823340    00004500     
                  11823340    000005c0     lnkrtdx.a674 : rtdx.o674 (.bios)
                  11823900    00000580     bios.a674 : exc.o674 (.bios)
                  11823e80    000004e0               : hwi_disp_asm.o674 (.bios)
                  11824360    000004c0               : swi.o674 (.bios)
                  11824820    00000380               : prd.o674 (.bios)
                  11824ba0    00000280               : malloc.o674 (.bios)
                  11824e20    00000280               : rta.o674 (.bios)
                  118250a0    00000240               : knl_run.o674 (.bios)
                  118252e0    00000200               : mem_allo.o674 (.bios:.near)
                  118254e0    00000200               : knl_tick.o674 (.bios)
                  118256e0    000001e0               : mem_free.o674 (.bios:.near)
                  118258c0    000001e0               : exc_asm.o674 (.bios)
                  11825aa0    000001e0               : pip.o674 (.bios)
                  11825c80    000001e0               : sem_pend.o674 (.bios)
                  11825e60    000001a0               : sem_dopo.o674 (.bios)
                  11826000    000001a0               : tsk_setu.o674 (.bios)
                  118261a0    000001a0     bios6748.a674 : clk.o674 (.bios)
                  11826340    00000180     bios.a674 : knl_swit.o674 (.bios)
                  118264c0    00000180     bios6748.a674 : bcache_block.o674 (.bios)
                  11826640    00000140     bios.a674 : autoinit.o674 (.bios)
                  11826780    00000140               : tsk_exit.o674 (.bios)
                  118268c0    00000140     bios6748.a674 : bcache_init.o674 (.bios)
                  11826a00    00000120     bios.a674 : gbl_cacheinit64P.o674 (.bios)
                  11826b20    00000120               : knl_chec.o674 (.bios)
                  11826c40    00000120               : tsk_stup.o674 (.bios)
                  11826d60    000000e0               : sem_post_asm.o674 (.bios)
                  11826e40    000000c0               : knl_exit.o674 (.bios)
                  11826f00    000000a0               : sem_post.o674 (.bios)
                  11826fa0    000000a0               : sys_exit.o674 (.bios)
                  11827040    00000080               : knl_ipos.o674 (.bios)
                  118270c0    00000080               : knl_post.o674 (.bios)
                  11827140    00000080               : lck.o674 (.bios)
                  118271c0    00000080               : log.o674 (.bios)
                  11827240    00000080     bios6748.a674 : bcache_wait.o674 (.bios)
                  118272c0    00000080                   : idl_cal.o674 (.bios)
                  11827340    00000060     bios.a674 : sys_erro.o674 (.bios:.near)
                  118273a0    00000060               : fxn.o674 (.bios)
                  11827400    00000060               : hwi_c.o674 (.bios)
                  11827460    00000060               : idl_busy.o674 (.bios)
                  118274c0    00000060               : sem_pend_counting.o674 (.bios)
                  11827520    00000060               : sts.o674 (.bios)
                  11827580    00000060               : sys_abor.o674 (.bios)
                  118275e0    00000060     bios6748.a674 : clk_meas.o674 (.bios)
                  11827640    00000040     bios.a674 : idl_stub.o674 (.bios)
                  11827680    00000040               : rta_andn.o674 (.bios)
                  118276c0    00000040               : utl_doab.o674 (.bios)
                  11827700    00000040               : utl_putc.o674 (.bios)
                  11827740    00000020               : clk_getltime.o674 (.bios)
                  11827760    00000020               : fxn_c.o674 (.bios)
                  11827780    00000020               : gbl_vers.o674 (.bios)
                  118277a0    00000020               : idl.o674 (.bios)
                  118277c0    00000020               : sts_set.o674 (.bios)
                  118277e0    00000020               : utl_doer.o674 (.bios)
                  11827800    00000020               : utl_halt.o674 (.bios)
                  11827820    00000020     bios6748.a674 : clk_gethtime.o674 (.bios)

.cinit     0    11827840    00002cb4     
                  11827840    00000c6c     user_FinalProject.obj (.cinit)
                  118284ac    00000004     --HOLE-- [fill = 0]
                  118284b0    00000b9c     FinalProjectcfg.obj (.cinit)
                  1182904c    00000004     --HOLE-- [fill = 0]
                  11829050    00000514     ColorVision.obj (.cinit)
                  11829564    00000004     --HOLE-- [fill = 0]
                  11829568    000002ac     Ladar.obj (.cinit)
                  11829814    00000004     --HOLE-- [fill = 0]
                  11829818    0000026c     bios.a674 : biosdata.o674 (.cinit)
                  11829a84    00000004     --HOLE-- [fill = 0]
                  11829a88    000001fc     COECSL_edma3.obj (.cinit)
                  11829c84    00000004     --HOLE-- [fill = 0]
                  11829c88    000001a4     bios.a674 : knl.o674 (.cinit)
                  11829e2c    00000004     --HOLE-- [fill = 0]
                  11829e30    000000b0               : swi.o674 (.cinit)
                  11829ee0    0000009c     COECSL_mcbsp.obj (.cinit)
                  11829f7c    00000004     --HOLE-- [fill = 0]
                  11829f80    00000080     bios.a674 : tsk.o674 (.cinit)
                  1182a000    00000068     rtdx64xplus.lib : rtdx_mon.o64P (.cinit)
                  1182a068    00000060     bios.a674 : tsk_stup.o674 (.cinit)
                  1182a0c8    0000005c     lnkrtdx.a674 : rtdx.o674 (.cinit)
                  1182a124    00000004     --HOLE-- [fill = 0]
                  1182a128    0000005c     rts6740.lib : defs.obj (.cinit)
                  1182a184    00000004     --HOLE-- [fill = 0]
                  1182a188    0000005c                 : lowlev.obj (.cinit)
                  1182a1e4    00000004     --HOLE-- [fill = 0]
                  1182a1e8    0000004c     bios.a674 : rta.o674 (.cinit)
                  1182a234    00000004     --HOLE-- [fill = 0]
                  1182a238    0000004c     rtdx64xplus.lib : buffer1.o64P (.cinit)
                  1182a284    00000004     --HOLE-- [fill = 0]
                  1182a288    0000003c     bios.a674 : exc.o674 (.cinit)
                  1182a2c4    00000004     --HOLE-- [fill = 0]
                  1182a2c8    00000039     ColorLCD.obj (.cinit)
                  1182a301    00000007     --HOLE-- [fill = 0]
                  1182a308    00000034     bios.a674 : hwi.o674 (.cinit)
                  1182a33c    00000004     --HOLE-- [fill = 0]
                  1182a340    0000002c               : utl_putc.o674 (.cinit)
                  1182a36c    00000004     --HOLE-- [fill = 0]
                  1182a370    0000002c     rts6740.lib : exit.obj (.cinit)
                  1182a39c    00000004     --HOLE-- [fill = 0]
                  1182a3a0    00000024     bios.a674 : obj_init.o674 (.cinit)
                  1182a3c4    00000004     --HOLE-- [fill = 0]
                  1182a3c8    0000001c     LCDprintf.obj (.cinit)
                  1182a3e4    00000004     --HOLE-- [fill = 0]
                  1182a3e8    0000001c     bios.a674 : exc_asm.o674 (.cinit)
                  1182a404    00000004     --HOLE-- [fill = 0]
                  1182a408    0000001c               : sys.o674 (.cinit)
                  1182a424    00000004     --HOLE-- [fill = 0]
                  1182a428    0000001c     rts6740.lib : _lock.obj (.cinit)
                  1182a444    00000004     --HOLE-- [fill = 0]
                  1182a448    0000001c                 : atexit.obj (.cinit)
                  1182a464    00000004     --HOLE-- [fill = 0]
                  1182a468    00000018     bios.a674 : knl_tick.o674 (.cinit)
                  1182a480    0000000c               : idl_busy.o674 (.cinit)
                  1182a48c    00000004     --HOLE-- [fill = 0]
                  1182a490    0000000c               : knl_swit.o674 (.cinit)
                  1182a49c    00000004     --HOLE-- [fill = 0]
                  1182a4a0    0000000c     bios6748.a674 : bcache_wait.o674 (.cinit)
                  1182a4ac    00000004     --HOLE-- [fill = 0]
                  1182a4b0    0000000c     pQueue.obj (.cinit)
                  1182a4bc    00000004     --HOLE-- [fill = 0]
                  1182a4c0    0000000c     rts6740.lib : errno.obj (.cinit)
                  1182a4cc    00000004     --HOLE-- [fill = 0]
                  1182a4d0    0000000c                 : fopen.obj (.cinit)
                  1182a4dc    00000004     --HOLE-- [fill = 0]
                  1182a4e0    0000000c                 : sinit.obj (.cinit)
                  1182a4ec    00000004     --HOLE-- [fill = 0]
                  1182a4f0    00000004     (.pad.cinit) [fill = 0]

.IRAM$heap 
*          0    1182a4f4    00002000     UNINITIALIZED
                  1182a4f4    00002000     --HOLE--

.args      0    1182c4f4    00000004     
                  1182c4f4    00000004     --HOLE-- [fill = 0]

.TSK_astar$stk 
*          0    1182c4f8    00001000     UNINITIALIZED
                  1182c4f8    00001000     FinalProjectcfg.obj (.TSK_astar$stk)

.clk       0    1182d4f8    00000008     UNINITIALIZED
                  1182d4f8    00000008     FinalProjectcfg.obj (.clk)

.rtdx_text 
*          0    1182d500    00000fc0     
                  1182d500    000002a0     rtdx64xplus.lib : rtdx_mon.o64P (.rtdx_text:_HSRTDX_rec)
                  1182d7a0    00000260                     : buffer1.o64P (.rtdx_text:_RTDX_Buffer_WriteCB)
                  1182da00    00000260                     : buffer1.o64P (.rtdx_text:_RTDX_write_next)
                  1182dc60    000001a0                     : rtdx_mon.o64P (.rtdx_text:_HSRTDX_xmt)
                  1182de00    00000160                     : rtdx_mon.o64P (.rtdx_text:_RTDX_Send_To_Host)
                  1182df60    000000e0                     : rtdx_mon.o64P (.rtdx_text:_RTDX_Mon_Queue)
                  1182e040    000000e0                     : buffer1.o64P (.rtdx_text:_claim)
                  1182e120    000000a0                     : rtdx_mon.o64P (.rtdx_text:_RTDX_GetH2THeader)
                  1182e1c0    000000a0                     : rtdx_mon.o64P (.rtdx_text:_RTDX_Poll)
                  1182e260    00000080                     : rtdx_mon.o64P (.rtdx_text:_RTDX_Final_RT_Monitor)
                  1182e2e0    00000060                     : buffer1.o64P (.rtdx_text:_RTDX_Buffer_Initialize)
                  1182e340    00000060                     : rtdx_mon.o64P (.rtdx_text:_RTDX_Init_RT_Monitor)
                  1182e3a0    00000040                     : buffer2.o64P (.rtdx_text:_RTDX_Buffer_ReadCB)
                  1182e3e0    00000040                     : buffer1.o64P (.rtdx_text:_RTDX_Buffer_Size)
                  1182e420    00000040                     : memfill.o64P (.rtdx_text:_RTDX_memfill)
                  1182e460    00000020                     : buffer2.o64P (.rtdx_text:_RTDX_Buffer_Read)
                  1182e480    00000020                     : buffer1.o64P (.rtdx_text:_RTDX_Buffer_Write)
                  1182e4a0    00000020                     : intr_tgt.o64P (.rtdx_text)

.stack     0    1182e4c0    00000c00     UNINITIALIZED
                  1182e4c0    00000c00     --HOLE--

.const     0    1182f0c0    00000634     
                  1182f0c0    00000193     bios.a674 : exc.o674 (.const:.string)
                  1182f253    00000004               : mem_allo.o674 (.const:.string)
                  1182f257    00000001     --HOLE-- [fill = 0]
                  1182f258    00000101     rts6740.lib : ctype.obj (.const:.string:__ctypes_)
                  1182f359    00000004     bios.a674 : mem_free.o674 (.const:.string)
                  1182f35d    00000002     rts6740.lib : fputs.obj (.const:.string)
                  1182f35f    00000001     --HOLE-- [fill = 0]
                  1182f360    00000080     evmomapl138_bsl.lib : evmomapl138.obj (.const:_bitval_u32)
                  1182f3e0    00000064     user_FinalProject.obj (.const:.string)
                  1182f444    00000001     bios.a674 : tsk.o674 (.const:.string)
                  1182f445    00000003     --HOLE-- [fill = 0]
                  1182f448    00000050     rts6740.lib : strtod.obj (.const:_digits)
                  1182f498    00000050                 : strtold.obj (.const:_digits)
                  1182f4e8    0000004e     bios.a674 : tsk_stup.o674 (.const:.string)
                  1182f536    00000002     --HOLE-- [fill = 0]
                  1182f538    00000048     rts6740.lib : strtod.obj (.const:_powerof10)
                  1182f580    00000048                 : strtold.obj (.const:_powerof10)
                  1182f5c8    00000044     Ladar.obj (.const:.string)
                  1182f60c    00000040     evmomapl138_bsl.lib : evmomapl138.obj (.const:.string)
                  1182f64c    00000023     bios.a674 : utl_doab.o674 (.const:.string)
                  1182f66f    00000023     rts6740.lib : _printfi.obj (.const:.string)
                  1182f692    00000022     bios.a674 : utl_doer.o674 (.const:.string)
                  1182f6b4    00000018     ColorLCD.obj (.const)
                  1182f6cc    00000010     evmomapl138_bsl.lib : evmomapl138_uart.obj (.const:.string)
                  1182f6dc    00000004     --HOLE-- [fill = 0]
                  1182f6e0    00000007     rts6740.lib : _scanfi.obj (.const:.string:_flit$1)
                  1182f6e7    00000001     --HOLE-- [fill = 0]
                  1182f6e8    00000006                 : _scanfi.obj (.const:.string:_barr$2)
                  1182f6ee    00000002     --HOLE-- [fill = 0]
                  1182f6f0    00000004     Ladar.obj (.const:.string:_$P$T0$1)

.hst0      0    1182f6f4    00000100     UNINITIALIZED
                  1182f6f4    00000100     FinalProjectcfg.obj (.hst0)

.printf    0    1182f6f4    0000012f     COPY SECTION
                  1182f6f4    0000012f     FinalProjectcfg.obj (.printf)

.pinit     0    1182f7f4    0000000c     
                  1182f7f4    00000004     rtdx64xplus.lib : buffer1.o64P (.pinit)
                  1182f7f8    00000004                     : rtdx_mon.o64P (.pinit)
                  1182f7fc    00000004     --HOLE-- [fill = 0]

.LOG_system$buf 
*          0    1182f800    00000800     UNINITIALIZED
                  1182f800    00000800     FinalProjectcfg.obj (.LOG_system$buf)

.TSK_ComWithLinux$stk 
*          0    11830000    00000800     UNINITIALIZED
                  11830000    00000800     FinalProjectcfg.obj (.TSK_ComWithLinux$stk)

.TSK_LADAR$stk 
*          0    11830800    00000800     UNINITIALIZED
                  11830800    00000800     FinalProjectcfg.obj (.TSK_LADAR$stk)

.bss       0    11831000    000007b0     UNINITIALIZED
                  11831000    000001dc     user_FinalProject.obj (.bss)
                  118311dc    00000100     bios.a674 : hwi_disp_asm.o674 (.bss)
                  118312dc    000000fc     ColorVision.obj (.bss)
                  118313d8    000000cc     bios.a674 : biosdata.o674 (.bss)
                  118314a4    0000009c               : swi.o674 (.bss)
                  11831540    00000088     COECSL_edma3.obj (.bss)
                  118315c8    0000006c     Ladar.obj (.bss)
                  11831634    00000048     bios.a674 : knl.o674 (.bss)
                  1183167c    00000004               : clk_data2.o674 (.bss)
                  11831680    00000038     COECSL_mcbsp.obj (.bss)
                  118316b8    00000038     FinalProjectcfg.obj (.bss)
                  118316f0    00000020     bios.a674 : exc_asm.o674 (.bss)
                  11831710    00000018               : hwi.o674 (.bss)
                  11831728    00000018     lnkrtdx.a674 : rtdx.o674 (.bss)
                  11831740    00000010     bios.a674 : exc.o674 (.bss)
                  11831750    00000010     rtdx64xplus.lib : buffer1.o64P (.bss)
                  11831760    00000010                     : rtdx_mon.o64P (.bss)
                  11831770    0000000c     bios.a674 : tsk.o674 (.bss)
                  1183177c    0000000b     ColorLCD.obj (.bss)
                  11831787    00000001     --HOLE--
                  11831788    00000008     LCDprintf.obj (.bss)
                  11831790    00000008     bios.a674 : clk_data.o674 (.bss)
                  11831798    00000008               : sys.o674 (.bss)
                  118317a0    00000004               : idl_busy.o674 (.bss)
                  118317a4    00000004               : mem_asm.o674 (.bss)
                  118317a8    00000004     evmomapl138_bsl.lib : evmomapl138_i2c.obj (.bss)
                  118317ac    00000004     pQueue.obj (.bss)

.sys       0    118317b0    00000010     UNINITIALIZED
                  118317b0    00000010     FinalProjectcfg.obj (.sys)

.sysinit   0    118317c0    00000500     
                  118317c0    00000320     FinalProjectcfg.obj (.sysinit)
                  11831ae0    000000c0     bios.a674 : boot.o674 (.sysinit)
                  11831ba0    000000c0               : mem_init.o674 (.sysinit)
                  11831c60    00000060               : tsk_init.o674 (.sysinit)

.rtdx_data 
*          0    11831cc0    000004f4     UNINITIALIZED
                  11831cc0    00000080     --HOLE--
                  11831d40    00000410     FinalProjectcfg.obj (.rtdx_data)
                  11832150    00000044     rtdx64xplus.lib : rtdx_mon.o64P (.rtdx_data)
                  11832194    00000020                     : buffer1.o64P (.rtdx_data)

.mem       0    118321b4    00000004     UNINITIALIZED
                  118321b4    00000004     FinalProjectcfg.obj (.mem)

.TSK_idle$stk 
*          0    118321b8    00000400     UNINITIALIZED
                  118321b8    00000400     FinalProjectcfg.obj (.TSK_idle$stk)

.trace     0    118325b8    00000200     
                  118325b8    00000200     --HOLE-- [fill = 00000000]

.prd       0    118327b8    00000040     UNINITIALIZED
                  118327b8    00000040     FinalProjectcfg.obj (.prd)

.hwi_vec   0    11832800    00000200     
                  11832800    00000200     FinalProjectcfg.obj (.hwi_vec)

.trace$buf 
*          0    11832a00    00000200     UNINITIALIZED
                  11832a00    00000200     FinalProjectcfg.obj (.trace$buf)

.tsk       0    11832c00    00000180     UNINITIALIZED
                  11832c00    00000180     FinalProjectcfg.obj (.tsk)

.cio       0    11832d80    00000120     UNINITIALIZED
                  11832d80    00000120     rts6740.lib : trgmsg.obj (.cio)

.swi       0    11832ea0    000000dc     UNINITIALIZED
                  11832ea0    000000dc     FinalProjectcfg.obj (.swi)

.pip       0    11832f7c    000000c8     UNINITIALIZED
                  11832f7c    000000c8     FinalProjectcfg.obj (.pip)

.data      0    11833048    000000c0     
                  11833048    00000060     c674xfastMath.lib : cosdp.obj (.data)
                  118330a8    00000060                       : sindp.obj (.data)

.sts       0    11833108    000000c0     
                  11833108    000000c0     FinalProjectcfg.obj (.sts)

.switch    0    118331c8    00000080     
                  118331c8    00000028     rts6740.lib : _scanfi.obj (.switch:__sset_arg)
                  118331f0    00000024     evmomapl138_bsl.lib : evmomapl138_gpio.obj (.switch:_getRegisterBankAndBit)
                  11833214    00000014     user_FinalProject.obj (.switch:_RobotControl)
                  11833228    00000010     evmomapl138_bsl.lib : evmomapl138_spi.obj (.switch:_SPI_init)
                  11833238    00000010     ColorVision.obj (.switch:_userProcessColorImageFunc_laser)

.gblinit   0    11833248    00000070     
                  11833248    00000070     FinalProjectcfg.obj (.gblinit)

.hst       0    118332b8    0000003c     UNINITIALIZED
                  118332b8    0000003c     FinalProjectcfg.obj (.hst)

.log       0    118332f4    00000030     
                  118332f4    00000030     FinalProjectcfg.obj (.log)

.sem       0    11833324    0000002c     UNINITIALIZED
                  11833324    0000002c     FinalProjectcfg.obj (.sem)

.trcdata   0    11833350    0000000c     
                  11833350    0000000c     bios.a674 : trc.o674 (.trcdata)

.DDR$heap 
*          0    c3000000    00008000     UNINITIALIZED
                  c3000000    00008000     --HOLE--


GLOBAL SYMBOLS: SORTED ALPHABETICALLY BY Name 

address    name
--------   ----
11831000   $bss
11831000   .bss
11833048   .data
11800000   .text
11831984   BIOS$$CLKOFF
11831944   BIOS$$CLKON
118317c0   BIOS_init
118319ec   BIOS_start
00000000   BUF$
00000001   BUF_ENABLED
11816238   C$$IO$$
ffffffff   CACHE_L1D
ffffffff   CACHE_L1P
ffffffff   CACHE_L2
00000001   CLK$
1182d4f8   CLK_A_TABBEG
00000001   CLK_CALDIV
00000001   CLK_CALMULT
000493e0   CLK_COUNTSPMS
00000004   CLK_COUNTSPMSHIGH
11831400   CLK_D_idletime
118313fc   CLK_D_isrhook
118313f8   CLK_D_tabbeg
118313f4   CLK_D_timefxn
00000001   CLK_ENABLEHTIME
11827820   CLK_F_gethtime
118261a0   CLK_F_getltime
118261b0   CLK_F_isr
118262f0   CLK_F_itime
11823e80   CLK_HOOKFXN
00000001   CLK_HTIMEDIV
00000001   CLK_HTIMEMULT
000493e0   CLK_HTIMEPERLTIME
00005dc0   CLK_INPUTCLK
00008000   CLK_INTBIT
00000001   CLK_LTIMEDIV
000493e0   CLK_LTIMEMULT
000003e8   CLK_MICROSECS
00000001   CLK_POWERENABLE
00005dc0   CLK_PRD
00000000   CLK_PRDHIGH
01c21000   CLK_REGS
00000000   CLK_RESETTIMER
118313f0   CLK_R_time
00000020   CLK_TCR
00000000   CLK_TDDR
00000000   CLK_TDDRHIGH
11827820   CLK_TIMEFXN
00000001   CLK_TIMERNUM
00000005   CLK_TIMMODE
00000001   CLK_USETIMER
1182d4fc   CLK_null
118316d0   DDR
c3000000   DDR$B
00008000   DDR$L
00000000   DEV$
00000000   DGN$
00000000   DHL$
00000000   DHL_gChannelsAvailable
00000000   DIO$
00000000   DIO_NUMSWIBASE
00000000   DIO_NUMTSKBASE
00000000   DIO_STATIC
00000000   DPI$
00000000   ECM$
00000000   ECM_ENABLE
ffffffff   ECM_EVTMASK0
ffffffff   ECM_EVTMASK1
ffffffff   ECM_EVTMASK2
ffffffff   ECM_EVTMASK3
0000000a   EVENT10
00000064   EVENT100
00000065   EVENT101
00000066   EVENT102
00000067   EVENT103
00000068   EVENT104
00000069   EVENT105
0000006a   EVENT106
0000006b   EVENT107
0000006c   EVENT108
0000006d   EVENT109
0000000b   EVENT11
0000006e   EVENT110
0000006f   EVENT111
00000070   EVENT112
00000071   EVENT113
00000072   EVENT114
00000073   EVENT115
00000074   EVENT116
00000075   EVENT117
00000076   EVENT118
00000077   EVENT119
0000000c   EVENT12
00000078   EVENT120
00000079   EVENT121
0000007a   EVENT122
0000007b   EVENT123
0000007c   EVENT124
0000007d   EVENT125
0000007e   EVENT126
0000007f   EVENT127
0000000d   EVENT13
0000000e   EVENT14
0000000f   EVENT15
00000010   EVENT16
00000011   EVENT17
00000012   EVENT18
00000013   EVENT19
00000014   EVENT20
00000015   EVENT21
00000016   EVENT22
00000017   EVENT23
00000018   EVENT24
00000019   EVENT25
0000001a   EVENT26
0000001b   EVENT27
0000001c   EVENT28
0000001d   EVENT29
0000001e   EVENT30
0000001f   EVENT31
00000020   EVENT32
00000021   EVENT33
00000022   EVENT34
00000023   EVENT35
00000024   EVENT36
00000025   EVENT37
00000026   EVENT38
00000027   EVENT39
00000004   EVENT4
00000028   EVENT40
00000029   EVENT41
0000002a   EVENT42
0000002b   EVENT43
0000002c   EVENT44
0000002d   EVENT45
0000002e   EVENT46
0000002f   EVENT47
00000030   EVENT48
00000031   EVENT49
00000005   EVENT5
00000032   EVENT50
00000033   EVENT51
00000034   EVENT52
00000035   EVENT53
00000036   EVENT54
00000037   EVENT55
00000038   EVENT56
00000039   EVENT57
0000003a   EVENT58
0000003b   EVENT59
00000006   EVENT6
0000003c   EVENT60
0000003d   EVENT61
0000003e   EVENT62
0000003f   EVENT63
00000040   EVENT64
00000041   EVENT65
00000042   EVENT66
00000043   EVENT67
00000044   EVENT68
00000045   EVENT69
00000007   EVENT7
00000046   EVENT70
00000047   EVENT71
00000048   EVENT72
00000049   EVENT73
0000004a   EVENT74
0000004b   EVENT75
0000004c   EVENT76
0000004d   EVENT77
0000004e   EVENT78
0000004f   EVENT79
00000008   EVENT8
00000050   EVENT80
00000051   EVENT81
00000052   EVENT82
00000053   EVENT83
00000054   EVENT84
00000055   EVENT85
00000056   EVENT86
00000057   EVENT87
00000058   EVENT88
00000059   EVENT89
00000009   EVENT9
0000005a   EVENT90
0000005b   EVENT91
0000005c   EVENT92
0000005d   EVENT93
0000005e   EVENT94
0000005f   EVENT95
00000060   EVENT96
00000061   EVENT97
00000062   EVENT98
00000063   EVENT99
118273a0   FXN_F_nop
118273a4   FXN_F_run
118273e0   FXN_F_zero
00000001   GBL$
00005205   GBL_A_VERSION
00000000   GBL_BCACHEREADADDR0
00000000   GBL_BCACHEREADADDR1
00000000   GBL_BCACHEREADADDR2
00000000   GBL_BIGENDIAN
00000000   GBL_CACHE
00000000   GBL_CALLCSLCFGINIT
00004e20   GBL_CLKIN
00001a5b   GBL_CLKTYPE
00001a5c   GBL_DSPSUBTYPE
0000003e   GBL_DSPTYPE
00000001   GBL_ENABLEINST
00000000   GBL_ENABLE_SK
00000042   GBL_FOOTPRINT
000493e0   GBL_FREQ
00000000   GBL_GEMTRUECOMPEN
00000007   GBL_L1DMODE
00000007   GBL_L1PMODE
00000001   GBL_L2CONFIGURE
00000000   GBL_L2MAR0_31
00000001   GBL_L2MAR128_159
00000000   GBL_L2MAR160_191
ffffffff   GBL_L2MAR192_223
00000000   GBL_L2MAR224_255
00000000   GBL_L2MAR32_63
00000000   GBL_L2MAR64_95
00000000   GBL_L2MAR96_127
00000001   GBL_L2MODE
00000000   GBL_NULL
00000000   GBL_PROCID
00000000   GBL_ROM
00000000   GBL_SUPPORTCSL
0000dbef   GBL_TRCMASKVALUE
00000000   GBL_USERINIT
11827760   GBL_USERINITFXN
00000001   GBL_boot
11833358   GBL_initdone
1182e4c0   GBL_stackbeg
1182f0bf   GBL_stackend
00000000   GIO$
11827760   GIO_CREATEFXN
11827760   GIO_DELETEFXN
11827760   GIO_PENDFXN
11827760   GIO_POSTFXN
00000000   HOOK$
00000000   HOOK_KNLID
00000001   HST$
118332b8   HST_A_TABBEG
118332f4   HST_A_TABEND
00000000   HST_DSM
118316d4   HST_DSMBUFSEG
00000400   HST_DSMMEMSIZE
1183146c   HST_D_chanmask
11831470   HST_D_tabbeg
11831474   HST_D_tabend
000000ff   HST_MAXFRAMEALLOWED
00000040   HST_MAXFRAMESET
00000000   HST_NONE
00000001   HST_RTDX
00000001   HWI$
11832800   HWI_A_VECS
00009978   HWI_CFGDISPATCHED
11831720   HWI_D_bss
11831724   HWI_D_ccmask
11831710   HWI_D_spsave
00000001   HWI_ENABLE_EXC
11823e80   HWI_F_dispatch
00000000   HWI_GENERATE_RESET_VEC
0000000a   HWI_INT10
00000000   HWI_INT10$hwi
0000000b   HWI_INT11
00000000   HWI_INT11$hwi
0000000c   HWI_INT12
00000000   HWI_INT12$hwi
0000000d   HWI_INT13
00000000   HWI_INT13$hwi
0000000e   HWI_INT14
00000000   HWI_INT14$hwi
0000000f   HWI_INT15
00000000   HWI_INT15$hwi
00000004   HWI_INT4
00000000   HWI_INT4$hwi
00000005   HWI_INT5
00000000   HWI_INT5$hwi
00000006   HWI_INT6
00000000   HWI_INT6$hwi
00000007   HWI_INT7
00000000   HWI_INT7$hwi
00000008   HWI_INT8
00000000   HWI_INT8$hwi
00000009   HWI_INT9
00000000   HWI_INT9$hwi
07065b5f   HWI_INTRMUX1
0b0a0908   HWI_INTRMUX2
28040d0c   HWI_INTRMUX3
00000001   HWI_NMI
00000000   HWI_NMI$hwi
00000000   HWI_POLARITYMASK
00000002   HWI_RESERVED0
00000000   HWI_RESERVED0$hwi
00000003   HWI_RESERVED1
00000000   HWI_RESERVED1$hwi
00000000   HWI_RESET
00000000   HWI_RESET$hwi
00000000   HWI_ZEROTAB
00000001   IDL$
11823330   IDL_A_CALBEG
11816670   IDL_A_TABBEG
00000006   IDL_CALIBRERROR
11827640   IDL_CALIBRFXN
118317a0   IDL_D_busyObj
118313e0   IDL_D_calbeg
118313dc   IDL_D_calibrate
118313d8   IDL_D_tabbeg
1181667c   IDL_END
1182333c   IDL_END$
11827460   IDL_F_busy
118272c0   IDL_F_calibrate
118277a0   IDL_F_loop
11827640   IDL_F_stub
00000001   IDL_USECLKIDLTIME
118331bc   IDL_busyObj
1182f81e   IDL_busyObj$avgfmt
00000001   IDL_busyObj$filter
00000001   IDL_busyObj$iA
00000000   IDL_busyObj$iB
00000001   IDL_busyObj$iC
1182f818   IDL_busyObj$maxfmt
00000000   IDL_busyObj$operation
118331b8   IDL_busyObj$stsobj
1182f81b   IDL_busyObj$sumfmt
00000002   IDL_busyObj$unittype
11816670   IDL_cpuLoad
11823330   IDL_cpuLoad$
118316d4   IRAM
1182a4f4   IRAM$B
00002000   IRAM$L
00000001   ISRC$
11826498   KNL_glue
11832ecc   KNL_swi
00000001   KNL_swi$dorta
00000002   KNL_swi$ord
00000000   KNL_swi$pri
1183313c   KNL_swi$sts
1182f758   KNL_swi$sts$avgfmt
00000002   KNL_swi$sts$filter
00000001   KNL_swi$sts$filtmaxmult
00000001   KNL_swi$sts$filtsummult
1182f748   KNL_swi$sts$maxfmt
11833138   KNL_swi$sts$stsobj
1182f750   KNL_swi$sts$sumfmt
00000000   KNL_swi$sts$unittype
00000000   KNL_swi$swi
ffffffff   L3_CBA_RAM
00000001   LCK$
11823340   LNK_F_checkBufferCall
118233c0   LNK_F_dataPump
11823360   LNK_F_getChanPtr
118233b8   LNK_F_init
118238c8   LNK_F_readCallBack
11816674   LNK_dataPump
11823334   LNK_dataPump$
1183172c   LNK_dspFrameReadyMask
11831728   LNK_dspFrameRequestMask
11823640   LNK_newin
11823774   LNK_newout
118233d0   LNK_rcloop
11823494   LNK_rdrtry
11831734   LNK_readDone
11831738   LNK_readFail
11831730   LNK_readPend
118234a4   LNK_rrloop
1183173c   LNK_writeFail
11823570   LNK_wrloop
11823564   LNK_wrrtry
00000001   LOG$
118332f4   LOG_A_TABBEG
11833324   LOG_A_TABEND
00000002   LOG_A_TABLEN
118313e4   LOG_D_system
00000001   LOG_ENABLED
118271c0   LOG_F_event
118332f4   LOG_system
1182f800   LOG_system$buf
00000000   LOG_system$datatype
00000000   LOG_system$log
00000200   LOG_system$size
00000000   MBX$
00000001   MEM$
118316d4   MEM_MALLOCSEG
00000000   MEM_NULL
118316d4   MEM_SEGZERO
00000000   MEM_USEMPC
00000002   MEM_gNumHeap
00000000   MSGQ$
00000000   MSGQ_USEMSGQ
00000000   OBJ$
00000000   PIP$
11832f7c   PIP_A_TABBEG
11833044   PIP_A_TABEND
00000002   PIP_A_TABLEN
118313e8   PIP_D_tabbeg
118313ec   PIP_D_tablen
11825b18   PIP_F_give
11825b18   PIP_F_probe
11825be8   PIP_F_start
11825aa0   PIP_F_take
00000064   PIP_OBJSIZE
00000000   PIP_gNextId
00000002   PIP_gNumEmbed
00000000   POOL$
00000000   POOL_USEPOOL
00000001   PRD$
118327b8   PRD_A_TABBEG
118327f8   PRD_A_TABEND
00000002   PRD_A_TABLEN
11831428   PRD_D_cur
1183142c   PRD_D_elapsed
11831430   PRD_D_prevtim
11831434   PRD_D_scalar
11831438   PRD_D_swihandle
1183143c   PRD_D_tabbeg
11831440   PRD_D_tablen
11831444   PRD_D_thook
11831424   PRD_D_tick
11824820   PRD_F_swi
11824aa4   PRD_F_tick
00000001   PRD_SCALAR
11832ea0   PRD_SWIHANDLE
118256b4   PRD_THOOKFXN
118327d8   PRD_addtime
118327f4   PRD_addtime$aaa
00000000   PRD_addtime$mode
00000004   PRD_addtime$ord
00000001   PRD_addtime$period
00000000   PRD_addtime$prd
1183311c   PRD_addtime$sts
1182f723   PRD_addtime$sts$avgfmt
00000000   PRD_addtime$sts$filter
1182f711   PRD_addtime$sts$maxfmt
11833118   PRD_addtime$sts$stsobj
1182f71a   PRD_addtime$sts$sumfmt
00000002   PRD_addtime$sts$unittype
1182d4f8   PRD_clock
118327b8   PRD_startMcBSP
118327d4   PRD_startMcBSP$aaa
00000000   PRD_startMcBSP$mode
00000003   PRD_startMcBSP$ord
00000019   PRD_startMcBSP$period
00000000   PRD_startMcBSP$prd
1183310c   PRD_startMcBSP$sts
1182f706   PRD_startMcBSP$sts$avgfmt
00000000   PRD_startMcBSP$sts$filter
1182f6f4   PRD_startMcBSP$sts$maxfmt
11833108   PRD_startMcBSP$sts$stsobj
1182f6fd   PRD_startMcBSP$sts$sumfmt
00000002   PRD_startMcBSP$sts$unittype
11832ea0   PRD_swi
00000001   PRD_swi$dorta
00000001   PRD_swi$ord
00000004   PRD_swi$pri
1183312c   PRD_swi$sts
1182f73e   PRD_swi$sts$avgfmt
00000002   PRD_swi$sts$filter
00000001   PRD_swi$sts$filtmaxmult
00000001   PRD_swi$sts$filtsummult
1182f72e   PRD_swi$sts$maxfmt
11833128   PRD_swi$sts$stsobj
1182f736   PRD_swi$sts$sumfmt
00000000   PRD_swi$sts$unittype
00000000   PRD_swi$swi
00000001   PWRM$
00000030   PWRM_PWRM_CAPSMASK
0000000a   PWRM_PWRM_CLKTICKSPERSLOT
00000000   PWRM_PWRM_ENABLE
00000002   PWRM_PWRM_INITSPCPU
00000000   PWRM_PWRM_INITSPPER
00000000   PWRM_PWRM_LOADENABLE
00000001   PWRM_PWRM_NUMSLOTS
00000000   PWRM_PWRM_RESOURCETRACKING
00000000   PWRM_PWRM_SCALING
11827760   PWRM_PWRM_SHAREDRESOURCEFXN
11827760   PWRM_PWRM_SLOTHOOKFXN
00000000   PWRM_PWRM_TIMERIDNUM
00000000   PWRM_PWRM_TIMERINTRMASK
00000000   PWRM_PWRM_TIMERWUGENMASK
00000000   PWRM_PWRM_USERRESOURCES
00000000   PWRM_PWRM_USETIMER
00000001   QUE$
11831448   RTA_D_fromHost
11831450   RTA_D_logval
11831460   RTA_D_stsval
1183144c   RTA_D_toHost
11827680   RTA_F_andn
11824f00   RTA_F_dispatch
11824e20   RTA_F_getlog
11824e58   RTA_F_getsts
11827698   RTA_F_or
11824e98   RTA_F_readblk
11824ec0   RTA_F_resetmem
11824eb4   RTA_F_writeword
11816678   RTA_dispatcher
11823338   RTA_dispatcher$
11824f4c   RTA_execute
118332bc   RTA_fromHost
11816660   RTA_fromHost$buf
00000004   RTA_fromHost$framesize
00000000   RTA_fromHost$hst
00000001   RTA_fromHost$id
00000000   RTA_fromHost$mode
11832f7c   RTA_fromHost$pipe
11832fac   RTA_fromHost$pipe$aaa
11832fdc   RTA_fromHost$pipe$bbb
118316d8   RTA_fromHost$pipe$dtab
11832f80   RTA_fromHost$pipe$rd
11832fb0   RTA_fromHost$pipe$wr
118332c4   RTA_fromHost$rtdx
118332d8   RTA_toHost
1182f6f4   RTA_toHost$buf
00000040   RTA_toHost$framesize
00000000   RTA_toHost$hst
00000000   RTA_toHost$id
00000001   RTA_toHost$mode
11832fe0   RTA_toHost$pipe
11833010   RTA_toHost$pipe$aaa
11833040   RTA_toHost$pipe$bbb
118316e4   RTA_toHost$pipe$dtab
11832fe4   RTA_toHost$pipe$rd
11833014   RTA_toHost$pipe$wr
118332e0   RTA_toHost$rtdx
00000001   RTDX$
00000408   RTDX_BUFMEMSIZE
118316d4   RTDX_DATAMEMSEG
00000000   RTDX_MODE
00000001   RTDX_NORMALIZED_HDR
00000001   RTDX_USERTDX
00000000   RTDX_USERTEXECUTION
00000001   SEM$
11833330   SEM_startAstar
00000000   SIO$
00000001   STS$
11833108   STS_A_TABBEG
118331c8   STS_A_TABEND
1182754c   STS_F_add
11827520   STS_F_delta
11827568   STS_F_reset
00000001   SWI$
11832ea0   SWI_A_TABBEG
11832f7c   SWI_A_TABEND
00000005   SWI_A_TABLEN
118314bc   SWI_D_curfxn
118314ac   SWI_D_curmask
118314b8   SWI_D_curmbox
118314b0   SWI_D_curset
118314a8   SWI_D_execaddr
118314c4   SWI_D_inswi
118314b4   SWI_D_lock
118314c0   SWI_D_rdybeg
118314c8   SWI_D_rdytab
118314a4   SWI_D_runaddr
00000000   SWI_EHOOKFXN
11824544   SWI_EXECFXN
11824360   SWI_F_enable
11824544   SWI_F_exec
1182456c   SWI_F_iexec
118243d0   SWI_F_post
118245ec   SWI_F_run
00000000   SWI_IHOOKFXN
11832ef8   SWI_LCD
00000001   SWI_LCD$dorta
00000004   SWI_LCD$ord
00000001   SWI_LCD$pri
1183314c   SWI_LCD$sts
1182f772   SWI_LCD$sts$avgfmt
00000002   SWI_LCD$sts$filter
00000001   SWI_LCD$sts$filtmaxmult
00000001   SWI_LCD$sts$filtsummult
1182f762   SWI_LCD$sts$maxfmt
11833148   SWI_LCD$sts$stsobj
1182f76a   SWI_LCD$sts$sumfmt
00000000   SWI_LCD$sts$unittype
00000000   SWI_LCD$swi
118245ec   SWI_RUNFXN
11832f24   SWI_RobotControl
00000001   SWI_RobotControl$dorta
00000005   SWI_RobotControl$ord
00000003   SWI_RobotControl$pri
1183315c   SWI_RobotControl$sts
1182f78c   SWI_RobotControl$sts$avgfmt
00000002   SWI_RobotControl$sts$filter
00000001   SWI_RobotControl$sts$filtmaxmult
00000001   SWI_RobotControl$sts$filtsummult
1182f77c   SWI_RobotControl$sts$maxfmt
11833158   SWI_RobotControl$sts$stsobj
1182f784   SWI_RobotControl$sts$sumfmt
00000000   SWI_RobotControl$sts$unittype
00000000   SWI_RobotControl$swi
11832f50   SWI_vision
00000001   SWI_vision$dorta
00000006   SWI_vision$ord
00000002   SWI_vision$pri
1183316c   SWI_vision$sts
1182f7a6   SWI_vision$sts$avgfmt
00000002   SWI_vision$sts$filter
00000001   SWI_vision$sts$filtmaxmult
00000001   SWI_vision$sts$filtsummult
1182f796   SWI_vision$sts$maxfmt
11833168   SWI_vision$sts$stsobj
1182f79e   SWI_vision$sts$sumfmt
00000000   SWI_vision$sts$unittype
00000000   SWI_vision$swi
00000001   SYS$
118317b0   SYS$config
118276c0   SYS_ABORTFXN
118277e0   SYS_ERRORFXN
11827800   SYS_EXITFXN
11827700   SYS_PUTCFXN
11833354   TRC_R_mask
11833350   TRC_cinit
00000001   TSK$
11832c6c   TSK_ComWithLinux
00000002   TSK_ComWithLinux$ord
00000001   TSK_ComWithLinux$pri
11830000   TSK_ComWithLinux$stack
11830798   TSK_ComWithLinux$stkptr
1183318c   TSK_ComWithLinux$sts
1182f7da   TSK_ComWithLinux$sts$avgfmt
00000002   TSK_ComWithLinux$sts$filter
00000001   TSK_ComWithLinux$sts$filtmaxmult
00000001   TSK_ComWithLinux$sts$filtsummult
1182f7ca   TSK_ComWithLinux$sts$maxfmt
11833188   TSK_ComWithLinux$sts$stsobj
1182f7d2   TSK_ComWithLinux$sts$sumfmt
00000000   TSK_ComWithLinux$sts$unittype
00000000   TSK_ComWithLinux$tsk
11832ccc   TSK_LADAR
00000003   TSK_LADAR$ord
00000001   TSK_LADAR$pri
11830800   TSK_LADAR$stack
11830f98   TSK_LADAR$stkptr
1183319c   TSK_LADAR$sts
1182f7f4   TSK_LADAR$sts$avgfmt
00000002   TSK_LADAR$sts$filter
00000001   TSK_LADAR$sts$filtmaxmult
00000001   TSK_LADAR$sts$filtsummult
1182f7e4   TSK_LADAR$sts$maxfmt
11833198   TSK_LADAR$sts$stsobj
1182f7ec   TSK_LADAR$sts$sumfmt
00000000   TSK_LADAR$sts$unittype
00000000   TSK_LADAR$tsk
00000000   TSK_NUM_HOOKS
00000001   TSK_PRIORITY
00000000   TSK_READYFXN
00000000   TSK_STACKSEG
00000400   TSK_STACKSIZE
00000000   TSK_SWITCHFXN
11827760   TSK_VCREATEFXN
11827760   TSK_VDELETEFXN
11827760   TSK_VEXITFXN
11832d2c   TSK_astar
00000004   TSK_astar$ord
00000001   TSK_astar$pri
1182c4f8   TSK_astar$stack
1182d490   TSK_astar$stkptr
118331ac   TSK_astar$sts
1182f80e   TSK_astar$sts$avgfmt
00000002   TSK_astar$sts$filter
00000001   TSK_astar$sts$filtmaxmult
00000001   TSK_astar$sts$filtsummult
1182f7fe   TSK_astar$sts$maxfmt
118331a8   TSK_astar$sts$stsobj
1182f806   TSK_astar$sts$sumfmt
00000000   TSK_astar$sts$unittype
00000000   TSK_astar$tsk
11832c0c   TSK_idle
00000001   TSK_idle$ord
00000000   TSK_idle$pri
118321b8   TSK_idle$stack
11832550   TSK_idle$stkptr
1183317c   TSK_idle$sts
1182f7c0   TSK_idle$sts$avgfmt
00000002   TSK_idle$sts$filter
00000001   TSK_idle$sts$filtmaxmult
00000001   TSK_idle$sts$filtsummult
1182f7b0   TSK_idle$sts$maxfmt
11833178   TSK_idle$sts$stsobj
1182f7b8   TSK_idle$sts$sumfmt
00000000   TSK_idle$sts$unittype
00000000   TSK_idle$tsk
00000000   UDEV$
118168a0   _B
11826954   _BCACHE_bootInit
118269d4   _BCACHE_getMar
11826984   _BCACHE_getSize
11826614   _BCACHE_inv
11826954   _BCACHE_setCacheToSram
11826904   _BCACHE_setMar
118268c0   _BCACHE_setSize
11827240   _BCACHE_wait
11826604   _BCACHE_wb
118265f0   _BCACHE_wbInv
118317c0   _BIOS_init
118319ec   _BIOS_start
11803c10   _Bresenhamline
118168c0   _Bu
ffffffff   _CACHE_L1D
ffffffff   _CACHE_L1P
ffffffff   _CACHE_L2
000493e0   _CLK_COUNTSPMS
11831790   _CLK_DFLTMICROSECS
11831420   _CLK_D_countspms
11831414   _CLK_D_dirty
11831794   _CLK_D_microseconds
11831418   _CLK_D_prd
1183141c   _CLK_D_tddr
118262f0   _CLK_F_itime
00005dc0   _CLK_PRD
01c21000   _CLK_REGS
00000000   _CLK_TDDR
00000001   _CLK_TIMERNUM
00000001   _CLK_USETIMER
11827820   _CLK_gethtime
11827740   _CLK_getltime
11831404   _CLK_htimeDiv
11831408   _CLK_htimeMult
1183167c   _CLK_htimePerLtime
11822cbc   _CLK_inputClock
118262f0   _CLK_itime
1183140c   _CLK_ltimeDiv
11831410   _CLK_ltimeMult
118275e0   _CLK_measure
11831338   _Cdifference
11805f48   _Check_Equivalency
11803314   _ComWithLinux
118316d0   _DDR
c3000000   _DDR_base
00008000   _DDR_length
1180c2f4   _EDMA3_0_ISR
11831540   _EDMA3_0_Regs
1180c22c   _EDMA3_1_ISR
11831544   _EDMA3_1_Regs
0000000a   _EVENT10
00000064   _EVENT100
00000065   _EVENT101
00000066   _EVENT102
00000067   _EVENT103
00000068   _EVENT104
00000069   _EVENT105
0000006a   _EVENT106
0000006b   _EVENT107
0000006c   _EVENT108
0000006d   _EVENT109
0000000b   _EVENT11
0000006e   _EVENT110
0000006f   _EVENT111
00000070   _EVENT112
00000071   _EVENT113
00000072   _EVENT114
00000073   _EVENT115
00000074   _EVENT116
00000075   _EVENT117
00000076   _EVENT118
00000077   _EVENT119
0000000c   _EVENT12
00000078   _EVENT120
00000079   _EVENT121
0000007a   _EVENT122
0000007b   _EVENT123
0000007c   _EVENT124
0000007d   _EVENT125
0000007e   _EVENT126
0000007f   _EVENT127
0000000d   _EVENT13
0000000e   _EVENT14
0000000f   _EVENT15
00000010   _EVENT16
00000011   _EVENT17
00000012   _EVENT18
00000013   _EVENT19
00000014   _EVENT20
00000015   _EVENT21
00000016   _EVENT22
00000017   _EVENT23
00000018   _EVENT24
00000019   _EVENT25
0000001a   _EVENT26
0000001b   _EVENT27
0000001c   _EVENT28
0000001d   _EVENT29
0000001e   _EVENT30
0000001f   _EVENT31
00000020   _EVENT32
00000021   _EVENT33
00000022   _EVENT34
00000023   _EVENT35
00000024   _EVENT36
00000025   _EVENT37
00000026   _EVENT38
00000027   _EVENT39
00000004   _EVENT4
00000028   _EVENT40
00000029   _EVENT41
0000002a   _EVENT42
0000002b   _EVENT43
0000002c   _EVENT44
0000002d   _EVENT45
0000002e   _EVENT46
0000002f   _EVENT47
00000030   _EVENT48
00000031   _EVENT49
00000005   _EVENT5
00000032   _EVENT50
00000033   _EVENT51
00000034   _EVENT52
00000035   _EVENT53
00000036   _EVENT54
00000037   _EVENT55
00000038   _EVENT56
00000039   _EVENT57
0000003a   _EVENT58
0000003b   _EVENT59
00000006   _EVENT6
0000003c   _EVENT60
0000003d   _EVENT61
0000003e   _EVENT62
0000003f   _EVENT63
00000040   _EVENT64
00000041   _EVENT65
00000042   _EVENT66
00000043   _EVENT67
00000044   _EVENT68
00000045   _EVENT69
00000007   _EVENT7
00000046   _EVENT70
00000047   _EVENT71
00000048   _EVENT72
00000049   _EVENT73
0000004a   _EVENT74
0000004b   _EVENT75
0000004c   _EVENT76
0000004d   _EVENT77
0000004e   _EVENT78
0000004f   _EVENT79
00000008   _EVENT8
00000050   _EVENT80
00000051   _EVENT81
00000052   _EVENT82
00000053   _EVENT83
00000054   _EVENT84
00000055   _EVENT85
00000056   _EVENT86
00000057   _EVENT87
00000058   _EVENT88
00000059   _EVENT89
00000009   _EVENT9
0000005a   _EVENT90
0000005b   _EVENT91
0000005c   _EVENT92
0000005d   _EVENT93
0000005e   _EVENT94
0000005f   _EVENT95
00000060   _EVENT96
00000061   _EVENT97
00000062   _EVENT98
00000063   _EVENT99
118081f0   _EVMOMAPL138_enableDsp
11808170   _EVMOMAPL138_init
118079cc   _EVMOMAPL138_initRAM
118078b8   _EVMOMAPL138_lpscTransition
1180786c   _EVMOMAPL138_pinmuxConfig
11823e50   _EXC_clearLastStatus
118258c0   _EXC_dispatch
11823c74   _EXC_exceptionHandler
11831740   _EXC_exceptionHook
11823c40   _EXC_external
11831748   _EXC_externalHook
11823c20   _EXC_getLastStatus
11823be0   _EXC_init
11823934   _EXC_internal
11831744   _EXC_internalHook
11823900   _EXC_nmi
1183174c   _EXC_nmiHook
118316f8   _EXC_returnPtr
11825a84   _EXC_setReturnPtr
118232e4   _EXC_status
118316f0   _EXC_sysTrapTable
1183159c   _F28335_Extra1
118315a0   _F28335_Extra2
118315a4   _F28335_Extra3
118315a8   _F28335_Extra4
11827760   _FXN_F_nop
118273a4   _FXN_F_run
118273e0   _FXN_F_zero
11805fd4   _Fix_Equivalency
00000000   _GBL_CACHE
11826a68   _GBL_cacheInit64P
1183147c   _GBL_clkIn
11831480   _GBL_freq
11827780   _GBL_getVersion
11831478   _GBL_procId
11810a0c   _GPIO_getInput
118109c0   _GPIO_getOutput
11810818   _GPIO_setDir
11810878   _GPIO_setOutput
118108d8   _GPIO_toggleLoop
11831188   _Gate
118154c0   _HOSTclose
11814300   _HOSTlseek
11814700   _HOSTopen
118147e0   _HOSTread
11813180   _HOSTrename
11814e00   _HOSTunlink
11814ec0   _HOSTwrite
11833048   _HPisDP
118330a8   _HPisdp
1182d500   _HSRTDX_rec
1182dc60   _HSRTDX_xmt
118332b8   _HST_A_TABBEG
118332f4   _HST_A_TABEND
00009978   _HWI_CFGDISPATCHED
1183171c   _HWI_D_inhwi
11831710   _HWI_D_spsave
11823e80   _HWI_F_dispatch
0000000a   _HWI_INT10
0000000b   _HWI_INT11
0000000c   _HWI_INT12
0000000d   _HWI_INT13
0000000e   _HWI_INT14
0000000f   _HWI_INT15
00000004   _HWI_INT4
00000005   _HWI_INT5
00000006   _HWI_INT6
00000007   _HWI_INT7
00000008   _HWI_INT8
00000009   _HWI_INT9
00000001   _HWI_NMI
00000002   _HWI_RESERVED0
00000003   _HWI_RESERVED1
00000000   _HWI_RESET
1182f0b8   _HWI_STKBOTTOM
1182e4c0   _HWI_STKTOP
11831710   _HWI_data
11827400   _HWI_disable
118311dc   _HWI_dispatchTab
11827418   _HWI_enable
1182742c   _HWI_restore
1180ce40   _I2CGPIO_getInput
1180cd10   _I2CGPIO_getInputAll
1180cc38   _I2CGPIO_init
1180cb20   _I2CGPIO_setOutput
1180cac0   _I2CGPIO_setOutputAll
1180f160   _I2C_init
1180f360   _I2C_read
1180f238   _I2C_write
118331bc   _IDL_busyObj
11816670   _IDL_cpuLoad
118277a0   _IDL_loop
118316d4   _IRAM
1182a4f4   _IRAM_base
00002000   _IRAM_length
118312e8   _Image_data
11816908   _K
1183163c   _KNL_alarm
11826b20   _KNL_check
11831660   _KNL_curqueue
11831650   _KNL_curtask
11831658   _KNL_curtime
118231a8   _KNL_dummy
11826e80   _KNL_enter
11826e40   _KNL_exit
11826be8   _KNL_idle
11831678   _KNL_idlefxn
11831644   _KNL_inactive
11827040   _KNL_ipost
11826c10   _KNL_max
11831664   _KNL_maxqueue
118270c0   _KNL_post
11831654   _KNL_prevtask
11831648   _KNL_priority
11823108   _KNL_queues
118250a0   _KNL_run
11826340   _KNL_saveIsrFrame
1183164c   _KNL_set
11831640   _KNL_setpri
11832ecc   _KNL_swi
1183165c   _KNL_swiptr
118263ec   _KNL_switch
1183166c   _KNL_tcreatefxn
11831670   _KNL_tdeletefxn
118256b4   _KNL_tick
11831674   _KNL_treadyfxn
11831668   _KNL_tswitchfxn
11831634   _KNL_wFlag
11831638   _KNL_wList
ffffffff   _L3_CBA_RAM
11805614   _LADAR_Get_and_Process_Scan
11805034   _LADAR_scan
11804e18   _LADAR_sendG
11816e98   _LADARangle
11831604   _LADARcenterFt
11817280   _LADARdataX
11817668   _LADARdataY
11805190   _LADARdetections2xy
11816ab0   _LADARdistance
118204a8   _LADARinBuffer
11831600   _LADARleftFt
11820a20   _LADARoutBuffer
118315d0   _LADARprocess
1182121c   _LADARps
118315cc   _LADARready
11831608   _LADARrightFt
11805dd8   _LADARtask
11808a28   _LCD
11812de0   _LCDPrintfLine
118312f0   _LCD_Image
1183177c   _LCD_mem
11803bac   _LCD_saturate
11831788   _LCDnewMsgLine1
1183178c   _LCDnewMsgLine2
11812ca0   _LCDvPrintfLine
11827160   _LCK_pend
11827140   _LCK_post
11816674   _LNK_dataPump
1183172c   _LNK_dspFrameReadyMask
11831728   _LNK_dspFrameRequestMask
11831734   _LNK_readDone
11831738   _LNK_readFail
11831730   _LNK_readPend
1183173c   _LNK_writeFail
118332f4   _LOG_A_TABBEG
11833324   _LOG_A_TABEND
00000002   _LOG_A_TABLEN
118313e4   _LOG_D_system
118271c0   _LOG_event
118332f4   _LOG_system
11831010   _LVvalue1
11831014   _LVvalue2
118312ec   _Linux_Image
118317a4   _MEM
11831484   _MEM_D_NUMSEGMENTS
1183148c   _MEM_D_freelist
11831490   _MEM_D_lockaddr
11831488   _MEM_D_memtab
11831494   _MEM_D_unlockaddr
118252e0   _MEM_alloc
118256e0   _MEM_free
11831ba0   _MEM_init
118316b8   _MEM_memtab
11809d80   _Matrix1x3_Mult
11809d34   _Matrix3x1_Add
11809ce0   _Matrix3x1_Mult
11809ca0   _Matrix3x2_Mult
11809b34   _Matrix3x3_Add
1180992c   _Matrix3x3_Invert
11809750   _Matrix3x3_Mult
118096c0   _Matrix3x3_Trans
1183168c   _McBSPrecerror
11823278   _OBJ_segtab
11823240   _OBJ_table
11817a64   _OPTITRACKps
11817a50   _Optitrackdata
11832f7c   _PIP_A_TABBEG
11833044   _PIP_A_TABEND
11831424   _PRD_D_tick
118327d8   _PRD_addtime
1182d4f8   _PRD_clock
118327b8   _PRD_startMcBSP
11832ea0   _PRD_swi
1181e9b0   _PRUCode
11807364   _PRU_HWI
11814694   _PRU_load
11814668   _PRU_reset
11814674   _PRU_restart
11814658   _PRU_run
1181460c   _PRU_stop
11814600   _PRU_wakeup
118169d0   _P_pred
11816930   _Q
11816958   _R
11821210   _ROBOTps
11816678   _RTA_dispatcher
118332bc   _RTA_fromHost
118332d8   _RTA_toHost
11831d40   _RTDX_Buffer
1183214c   _RTDX_Buffer_End
1182e2e0   _RTDX_Buffer_Initialize
1182e460   _RTDX_Buffer_Read
1182e3a0   _RTDX_Buffer_ReadCB
1182e3e0   _RTDX_Buffer_Size
11832148   _RTDX_Buffer_Start
1182e480   _RTDX_Buffer_Write
1182d7a0   _RTDX_Buffer_WriteCB
1182e260   _RTDX_Final_RT_Monitor
1182e340   _RTDX_Init_RT_Monitor
00000002   _RTDX_JTAGONLY
1182e4a0   _RTDX_Mask_IER
1182df60   _RTDX_Mon_Queue
1182e1c0   _RTDX_Poll
00000000   _RTDX_interrupt_mask
1182e420   _RTDX_memfill
118321a0   _RTDX_writing
118018f0   _RobotControl
11816980   _S
118316d4   _SEG0
118274c0   _SEM_pend
11825c80   _SEM_pendEnterKnl
11826d60   _SEM_post
11826d60   _SEM_postBinary
11826f00   _SEM_postEnterKnl
11833330   _SEM_startAstar
1180f6e8   _SPI_init
1180f560   _SPI_xfer
11833108   _STS_A_TABBEG
118331c8   _STS_A_TABEND
1182754c   _STS_add
11827520   _STS_delta
11827568   _STS_reset
118277c0   _STS_set
118314bc   _SWI_D_curfxn
118314ac   _SWI_D_curmask
118314b0   _SWI_D_curset
118314a8   _SWI_D_execaddr
118314c4   _SWI_D_inswi
118314b4   _SWI_D_lock
118314c0   _SWI_D_rdybeg
118314a4   _SWI_D_runaddr
11832ef8   _SWI_LCD
11832f24   _SWI_RobotControl
118314a4   _SWI_data
118243d0   _SWI_post
11832f50   _SWI_vision
11831498   _SYS
118325b8   _SYS_PUTCBEG
118327b7   _SYS_PUTCEND
11827580   _SYS_abort
11827340   _SYS_error
11826fa0   _SYS_exit
11822e48   _SYS_exitStack
11831798   _SYS_exitStackPtr
1183179c   _SYS_exitStackTop
118169a8   _S_inv
1180a330   _SetRobotOutputs
1180a218   _SetRobotOutputs_manual
11805fa8   _Set_Equivalency
1183118c   _Switch
11833354   _TRC_R_mask
11831778   _TSK
118231e0   _TSK_ATTRS
11832c6c   _TSK_ComWithLinux
11832ccc   _TSK_LADAR
11832d2c   _TSK_astar
118231fc   _TSK_config
11826780   _TSK_exit
11832c0c   _TSK_idle
11831c60   _TSK_init
11831770   _TSK_nTasks
11831774   _TSK_pid
11826000   _TSK_setup
11826ce4   _TSK_startup
1182321c   _TSK_timerSem
118313a4   _Thres_Image
1180e760   _UART_init
1180e740   _UART_rxByte
1180e570   _UART_txArray
1180e520   _UART_txByte
1180e6d4   _UART_txString
1180e640   _UART_txUint32
1180e5f8   _UART_txUint8
1181289c   _USTIMER_delay
11812870   _USTIMER_get
1181278c   _USTIMER_init
11812754   _USTIMER_reset
11812740   _USTIMER_set
11807858   _UTIL_isUIBoardAttached
118076ec   _UTIL_printMem
118276c0   _UTL_doAbort
118277e0   _UTL_doError
11827700   _UTL_doPutc
11827800   _UTL_halt
11803d44   _UpdateLCDwithLADAR
11800f78   _UpdateOptitrackStates
11807304   _VPIF_HWI
118313c8   _VPIF_beginning_line
1180a84c   _VPIF_initReceive
1180a6d8   _VPIF_initReceive_withPRU
1180a4c0   _VPIF_initTransmit
118203d4   __BCACHE_emifAddr
11832d80   __CIOBUF_
11826310   __CLK_lat1beg
11826330   __CLK_lat1end
118314a0   __HOOK_NUMHOOKS
1183149c   __HOOK_knlId
11823e80   __HWI_lat1beg
11824008   __HWI_lat1end
11824008   __HWI_lat2beg
118241e4   __HWI_lat2end1
11824170   __HWI_lat2end2
11824200   __HWI_lat3beg
118241a0   __HWI_lat3end2
11827460   __IDL_lat1beg
118274a0   __IDL_lat1end
11826b6c   __KNL_lat1beg
11826be8   __KNL_lat1end
118271c0   __LOG_lat1beg
118232bc   __MEM_mutex
11824ec0   __RTA_lat1beg
11824ef4   __RTA_lat1end
11825e60   __SEM_dopost
1182f0c0   __STACK_END
00000c00   __STACK_SIZE
118244d8   __SWI_lat1beg
11824584   __SWI_lat1end
11824588   __SWI_lat2beg
118245e8   __SWI_lat2end
11824360   __SWI_lat3beg
118243cc   __SWI_lat3end
11823294   __TSK_mutex
11823318   ___TI_enable_exit_profile_output
ffffffff   ___TI_pprof_out_hndl
ffffffff   ___TI_prof_data_size
ffffffff   ___TI_prof_data_start
118162a0   ___add_dtor
11822cc0   ___atexit_func_id__
ffffffff   ___binit__
11831000   ___bss__
ffffffff   ___c_args__
11827840   ___cinit__
11833048   ___data__
11833108   ___edata__
118317b0   ___end__
11816660   ___etext__
118162e0   ___isinf
1182f7f4   ___pinit__
11800000   ___text__
11826640   __auto_init
118148c0   __c6xabi_divi
11815040   __c6xabi_divu
118151c0   __c6xabi_remi
118164a0   __c6xabi_strasgi_64plus
11815560   __cleanup
11823310   __cleanup_ptr
11813b20   __closefile
1182f258   __ctypes_
11815ec0   __divd
11816240   __divf
118148c0   __divi
11815600   __divli
11815040   __divu
11812e40   __divul
11811800   __divull
11815100   __doflush
11823314   __dtors_ptr
118157e0   __fixdli
11815c40   __fltlid
11822cb8   __ft_end
11822998   __ftable
11815cc0   __llshl
11816360   __llshru
1182331c   __lock
11816500   __negll
11816520   __nop
1180e0e0   __printfi
118165c0   __register_lock
118165e0   __register_unlock
118151c0   __remi
11816420   __remli
11816460   __remul
11815f40   __remull
11815d40   __roundf
11808dc0   __scanfi
1182e4c0   __stack
118164a0   __strasgi_64plus
11815fa0   __subcull
11822b78   __tmpnams
11816600   __truncf
11823320   __unlock
11814400   __wrt_ok
11831564   _adcA0
1183156c   _adcA1
11831574   _adcA2
1183157c   _adcA3
11831584   _adcA4
1183158c   _adcA5
11831594   _adcA6
11831598   _adcA7
11831568   _adcB0
11831570   _adcB1
11831578   _adcB2
11831580   _adcB3
11831588   _adcB4
11831590   _adcB5
1180a1f8   _addtime
118003b8   _astar
118310d8   _astarrunning
11812ae0   _atan2f
11812ae0   _atan2sp
11815280   _atexit
118149a0   _atoi
11831190   _ballposx
11831194   _ballposy
11831124   _bcc
1182f360   _bitval_u32
11831786   _bkgrnd_blue
11831785   _bkgrnd_green
11831784   _bkgrnd_red
11831368   _blue
118313b0   _blue_ccenter
118313b4   _blue_numpixs
118313ac   _blue_rcenter
11831780   _bluegain
11831128   _bpx
11831120   _brc
1183131c   _c
118315fc   _cCommandName
118315f5   _cLADARdata
118315f4   _cPrevLADARdata
11831ae0   _c_int00
11814500   _call_dtors
11824dcc   _calloc
11800010   _canTravel
11831348   _cbar
11831108   _cen_col_blue
11831110   _cen_col_orange
11831104   _cen_row_blue
1183110c   _cen_row_orange
11814a80   _close
1181b7d4   _closedSet
11831330   _color
11831334   _color2
1183155c   _compass
11807508   _config_pll0
118073a0   _config_pll1
11820478   _corner_x
11820490   _corner_y
118203d8   _cornersX
11820428   _cornersY
11813300   _cos
11813300   _cosdp
118140c0   _cosf
118140c0   _cossp
11831150   _count
11831154   _count2
1183119c   _countblue
11831158   _countdelay
1183115c   _countdelayblue
11831160   _countdelayorange
11831198   _countdrop
1183109c   _counter
118311b0   _counterladar
118311a4   _counterstorm
118311a0   _countorange
11831164   _countswitch
11831340   _cprime
118310c0   _currDist
118313cc   _current
118310d4   _current_index
1183132c   _current_object
118316ac   _danindex
11803b48   _decode2byteLADAR
11831168   _delayblueswitch
1183116c   _delayorangeswitch
1183137c   _delta
11831144   _distance
11831114   _distance_y
11815ec0   _divdp
11816240   _divsp
118313d4   _done
118311c4   _dropping
11823324   _dtors
118219f8   _enc0_array
1183154c   _enc1
11831038   _enc1old
11831550   _enc2
1183103c   _enc2old
11831554   _enc3
11831558   _enc4
118310e4   _endcol
118310e8   _endrow
118313d0   _equivalency
1181ec38   _equivalency_objects
118315e0   _errC
118315dc   _errL
118315e4   _errR
11823104   _errno
11831098   _errorcheck
118168e0   _eye3
11831548   _f28335RecFirsttime
11822f80   _f28335TXData
11822e80   _f28335recData
1183160c   _fLEFT_RIGHT_ANGLE
11820038   _final_object_stats
11831078   _firstdata
118310e0   _firsttime
118316b0   _firsttimeLine1
118316b4   _firsttimeLine2
11831690   _firsttimeintMCBSPrec
118311b8   _flagger
11811000   _fmodf
11812120   _fputc
1180fd60   _fputs
11831084   _frame_error
11824ba0   _free
11814b60   _frexpf
11816680   _fromLinuxstring
11813e80   _fseek
11831178   _gateClose
1183117c   _gateOpen
11831170   _gateclose
11831130   _gcc
11800078   _getNeighbors
11831134   _gpx
1183112c   _grc
11831364   _green
11831054   _gyro
11831068   _gyro4x_gain
11831048   _gyro_angle
11831058   _gyro_degrees
11831050   _gyro_drift
1183105c   _gyro_radians
11831060   _gyro_x
11831064   _gyro_y
11831044   _gyro_zero
1180be4c   _hasChild
11800000   _heuristic
1183136c   _hue
1181ec10   _i2cdata
118315f8   _iLADARrcv
118313a8   _ifblue
11831000   _index
118310d0   _indexpos
11807050   _init_ColorVision
1180c140   _init_DMA
11803944   _init_LADAR
1180878c   _init_LCD
118084f8   _init_LCD_mem
11809de0   _init_McBSP
11831314   _k
1183111c   _kp
11831358   _largest_num_pixels
1183135c   _largest_object
11813fa0   _ldexpf
11831324   _left
1180be88   _leftChild
118159c0   _lseek
11815340   _ltoa
11800914   _main
11824bc4   _malloc
1181dd58   _map
118310cc   _mapColSize
118310c8   _mapRowSize
1180be94   _maxPriorityChild
118316a0   _mcbspReset
11824d08   _memalign
11816000   _memccpy
11815a60   _memcpy
11814c40   _memset
11831378   _min
118311ac   _minimum
11816060   _modff
1180f960   _my_atanf
11805f34   _my_max
11805f20   _my_min
1183134c   _neighbor_type
11817a70   _neighbors
11820e28   _newLADARangle
1183161c   _newLADARdata
11821228   _newLADARdataX
11821610   _newLADARdataY
11820a40   _newLADARdistance
11831688   _newServos
11831310   _new_C02
1183130c   _new_C20
11831018   _new_LV_data
11831300   _new_coordata
11831304   _new_num_found_objects
11831308   _new_object_theta
1183107c   _new_optitrack
118315ac   _new_sendtolinux_F28335_Extra
1183101c   _newnavdata
11831024   _newturn
11831020   _newvref
11818750   _nodeTrack
118312f4   _noimagefound
118315d8   _numReadings
118315c0   _num_EDMA3_0
11831118   _num_pix
11831328   _num_unique_objects
118315c4   _numofints
118310fc   _numpels_blue
11831100   _numpels_orange
11831610   _numreadings_lastscan
11831148   _obj_x
1183114c   _obj_y
11831354   _object_detected
1181f438   _object_stats
118312f8   _object_x
118312fc   _object_y
118311b4   _objectdetected
1181de08   _obs_t
118311c8   _obsdetected
1181e6f0   _obstaclemap
118310f4   _obsx
118310f8   _obsy
1183104c   _old_gyro
11819250   _openSet
118313bc   _orange_ccenter
118313c0   _orange_numpixs
118313b8   _orange_rcenter
118317ac   _pQueueoutofMemory
1180bc84   _parent
11818110   _pathCol
118310c4   _pathLen
11817ad0   _pathRow
1180c0e8   _peek
118312e4   _pic_data
1180bf00   _pop
11831080   _previous_frame
11831384   _print_b
11831385   _print_g
11831380   _print_hue
11831383   _print_r
11831381   _print_sat
11831382   _print_val
11814d20   _printf
118313c4   _ptrshrdmem
1180bc90   _push
11812120   _putc
11831318   _r
11831344   _rbar
11815dc0   _readmsg
11824c24   _realloc
118002f8   _reconstructPath
11831360   _red
11831138   _remap
11816640   _remove
118311a8   _resetflag
1180bc78   _rightChild
11831628   _robotT
11831620   _robotX
11831624   _robotY
11816a40   _robotdest
11831070   _robotdestSize
1180bc74   _root
11803920   _roundFloatToInt
1183133c   _rprime
11831758   _rtdxNullChanCnt
1183175c   _rtdxNullFuncCnt
11831764   _rtdxRecNotDoneCnt
1183176c   _rtdxXmtErrorCnt
11831760   _rtdxXmtNotDoneCnt
11831768   _rtdxXmtRestartCnt
11832194   _rtdx_buffer_state
11832150   _rtdx_mon_state
118008c4   _runAstar
11831370   _sat
118315c8   _scalingLadar
1183113c   _seeball
118315b0   _send_F28335_Extra1
118315b4   _send_F28335_Extra2
118315b8   _send_F28335_Extra3
118315bc   _send_F28335_Extra4
1180a1a4   _send_McBSP
11831140   _send_to_labview
118311bc   _sendball
11831680   _servosPosted
118083cc   _set_background
11831040   _settlegyro
11812540   _setvbuf
11803900   _signf
11813498   _sin
11813498   _sindp
118141f4   _sinf
118141f4   _sinsp
1180bc48   _size
11831398   _specs_h
1183139c   _specs_h2
118313a0   _specs_hrad
11831388   _specs_s
1183138c   _specs_srad
11831390   _specs_v
11831394   _specs_vrad
11808378   _spi_command
11808320   _spi_data
118160c0   _sprintf
11815ba0   _sqrtf
11815ba0   _sqrtsp
11816120   _sscanf
11831614   _startAngle
1180bc40   _startHeap
1180a104   _startMcBSP
118310f0   _startcol
118310dc   _startdelay
118310ec   _startrow
1183106c   _statePos
11831618   _stepSize
1180cf60   _strtod
1180d3c0   _strtol
1180d820   _strtold
1180dc80   _strtoll
1180e960   _strtoul
1180ed60   _strtoull
11831180   _switchBlue
11831184   _switchOrange
11831560   _switchstate
118315ec   _tLADARcenterFt
118315e8   _tLADARleftFt
118315f0   _tLADARrightFt
1183108c   _tempOPTITRACK_theta
11831630   _tempOff
1183162c   _tempSign
11816a20   _temp_3x1
118169f8   _temp_3x3
1181f038   _temp_equivalency_objects
11831088   _temp_theta
11831090   _temp_trackableID
118316a8   _testcount
118312e0   _testvar
118311d0   _timecount
11831698   _timeint
11816788   _toLinuxstring
11831350   _too_many_objects
11831320   _top
1183330c   _trace
11831094   _trackableID
11831074   _trackableIDerror
1183100c   _tskcount
11831008   _turn
118168b8   _u
118315d4   _uart1count
11815e40   _unlink
118312dc   _updateLCD
11806278   _userProcessColorImageFunc_laser
11831374   _value
118310a0   _var1
118310a4   _var2
118310a8   _var3
118310ac   _var4
118310b0   _var5
118310b4   _var6
118310b8   _var7
118310bc   _var8
11831028   _vel1
11831030   _vel1old
1183102c   _vel2
11831034   _vel2old
11807038   _vision
11831004   _vref
11816180   _vsprintf
118311c0   _whichball
11831174   _whichcase
118311d8   _whichled
11815b00   _write
118161e0   _writemsg
11816890   _x_pred
1180f9d4   _xy_control
11816a30   _ytilde
118168d0   _z
ffffffff   binit
11827840   cinit
11833108   edata
118317b0   end
11816660   etext
11832800   hwi0
11832820   hwi1
11832940   hwi10
11832960   hwi11
11832980   hwi12
118329a0   hwi13
118329c0   hwi14
118329e0   hwi15
11832840   hwi2
11832860   hwi3
11832880   hwi4
118328a0   hwi5
118328c0   hwi6
118328e0   hwi7
11832900   hwi8
11832920   hwi9
1182f7f4   pinit
1183330c   trace
11832a00   trace$buf
00000001   trace$datatype
00000000   trace$log
00000080   trace$size


GLOBAL SYMBOLS: SORTED BY Symbol Address 

address    name
--------   ----
00000000   BUF$
00000000   CLK_PRDHIGH
00000000   CLK_RESETTIMER
00000000   CLK_TDDR
00000000   CLK_TDDRHIGH
00000000   DEV$
00000000   DGN$
00000000   DHL$
00000000   DHL_gChannelsAvailable
00000000   DIO$
00000000   DIO_NUMSWIBASE
00000000   DIO_NUMTSKBASE
00000000   DIO_STATIC
00000000   DPI$
00000000   ECM$
00000000   ECM_ENABLE
00000000   GBL_BCACHEREADADDR0
00000000   GBL_BCACHEREADADDR1
00000000   GBL_BCACHEREADADDR2
00000000   GBL_BIGENDIAN
00000000   GBL_CACHE
00000000   GBL_CALLCSLCFGINIT
00000000   GBL_ENABLE_SK
00000000   GBL_GEMTRUECOMPEN
00000000   GBL_L2MAR0_31
00000000   GBL_L2MAR160_191
00000000   GBL_L2MAR224_255
00000000   GBL_L2MAR32_63
00000000   GBL_L2MAR64_95
00000000   GBL_L2MAR96_127
00000000   GBL_NULL
00000000   GBL_PROCID
00000000   GBL_ROM
00000000   GBL_SUPPORTCSL
00000000   GBL_USERINIT
00000000   GIO$
00000000   HOOK$
00000000   HOOK_KNLID
00000000   HST_DSM
00000000   HST_NONE
00000000   HWI_GENERATE_RESET_VEC
00000000   HWI_INT10$hwi
00000000   HWI_INT11$hwi
00000000   HWI_INT12$hwi
00000000   HWI_INT13$hwi
00000000   HWI_INT14$hwi
00000000   HWI_INT15$hwi
00000000   HWI_INT4$hwi
00000000   HWI_INT5$hwi
00000000   HWI_INT6$hwi
00000000   HWI_INT7$hwi
00000000   HWI_INT8$hwi
00000000   HWI_INT9$hwi
00000000   HWI_NMI$hwi
00000000   HWI_POLARITYMASK
00000000   HWI_RESERVED0$hwi
00000000   HWI_RESERVED1$hwi
00000000   HWI_RESET
00000000   HWI_RESET$hwi
00000000   HWI_ZEROTAB
00000000   IDL_busyObj$iB
00000000   IDL_busyObj$operation
00000000   KNL_swi$pri
00000000   KNL_swi$sts$unittype
00000000   KNL_swi$swi
00000000   LOG_system$datatype
00000000   LOG_system$log
00000000   MBX$
00000000   MEM_NULL
00000000   MEM_USEMPC
00000000   MSGQ$
00000000   MSGQ_USEMSGQ
00000000   OBJ$
00000000   PIP$
00000000   PIP_gNextId
00000000   POOL$
00000000   POOL_USEPOOL
00000000   PRD_addtime$mode
00000000   PRD_addtime$prd
00000000   PRD_addtime$sts$filter
00000000   PRD_startMcBSP$mode
00000000   PRD_startMcBSP$prd
00000000   PRD_startMcBSP$sts$filter
00000000   PRD_swi$sts$unittype
00000000   PRD_swi$swi
00000000   PWRM_PWRM_ENABLE
00000000   PWRM_PWRM_INITSPPER
00000000   PWRM_PWRM_LOADENABLE
00000000   PWRM_PWRM_RESOURCETRACKING
00000000   PWRM_PWRM_SCALING
00000000   PWRM_PWRM_TIMERIDNUM
00000000   PWRM_PWRM_TIMERINTRMASK
00000000   PWRM_PWRM_TIMERWUGENMASK
00000000   PWRM_PWRM_USERRESOURCES
00000000   PWRM_PWRM_USETIMER
00000000   RTA_fromHost$hst
00000000   RTA_fromHost$mode
00000000   RTA_toHost$hst
00000000   RTA_toHost$id
00000000   RTDX_MODE
00000000   RTDX_USERTEXECUTION
00000000   SIO$
00000000   SWI_EHOOKFXN
00000000   SWI_IHOOKFXN
[...]
11823be0   _EXC_init
11823c20   _EXC_getLastStatus
11823c40   _EXC_external
11823c74   _EXC_exceptionHandler
11823e50   _EXC_clearLastStatus
11823e80   CLK_HOOKFXN
11823e80   HWI_F_dispatch
11823e80   _HWI_F_dispatch
11823e80   __HWI_lat1beg
11824008   __HWI_lat1end
11824008   __HWI_lat2beg
11824170   __HWI_lat2end2
118241a0   __HWI_lat3end2
118241e4   __HWI_lat2end1
11824200   __HWI_lat3beg
11824360   SWI_F_enable
11824360   __SWI_lat3beg
118243cc   __SWI_lat3end
118243d0   SWI_F_post
118243d0   _SWI_post
118244d8   __SWI_lat1beg
11824544   SWI_EXECFXN
11824544   SWI_F_exec
1182456c   SWI_F_iexec
11824584   __SWI_lat1end
11824588   __SWI_lat2beg
118245e8   __SWI_lat2end
118245ec   SWI_F_run
118245ec   SWI_RUNFXN
11824820   PRD_F_swi
11824aa4   PRD_F_tick
11824ba0   _free
11824bc4   _malloc
11824c24   _realloc
11824d08   _memalign
11824dcc   _calloc
11824e20   RTA_F_getlog
11824e58   RTA_F_getsts
11824e98   RTA_F_readblk
11824eb4   RTA_F_writeword
11824ec0   RTA_F_resetmem
11824ec0   __RTA_lat1beg
11824ef4   __RTA_lat1end
11824f00   RTA_F_dispatch
11824f4c   RTA_execute
118250a0   _KNL_run
118252e0   _MEM_alloc
118256b4   PRD_THOOKFXN
118256b4   _KNL_tick
118256e0   _MEM_free
118258c0   _EXC_dispatch
11825a84   _EXC_setReturnPtr
11825aa0   PIP_F_take
11825b18   PIP_F_give
11825b18   PIP_F_probe
11825be8   PIP_F_start
11825c80   _SEM_pendEnterKnl
11825e60   __SEM_dopost
11826000   _TSK_setup
118261a0   CLK_F_getltime
118261b0   CLK_F_isr
118262f0   CLK_F_itime
118262f0   _CLK_F_itime
118262f0   _CLK_itime
11826310   __CLK_lat1beg
11826330   __CLK_lat1end
11826340   _KNL_saveIsrFrame
118263ec   _KNL_switch
11826498   KNL_glue
118265f0   _BCACHE_wbInv
11826604   _BCACHE_wb
11826614   _BCACHE_inv
11826640   __auto_init
11826780   _TSK_exit
118268c0   _BCACHE_setSize
11826904   _BCACHE_setMar
11826954   _BCACHE_bootInit
11826954   _BCACHE_setCacheToSram
11826984   _BCACHE_getSize
118269d4   _BCACHE_getMar
11826a68   _GBL_cacheInit64P
11826b20   _KNL_check
11826b6c   __KNL_lat1beg
11826be8   _KNL_idle
11826be8   __KNL_lat1end
11826c10   _KNL_max
11826ce4   _TSK_startup
11826d60   _SEM_post
11826d60   _SEM_postBinary
11826e40   _KNL_exit
11826e80   _KNL_enter
11826f00   _SEM_postEnterKnl
11826fa0   _SYS_exit
11827040   _KNL_ipost
118270c0   _KNL_post
11827140   _LCK_post
11827160   _LCK_pend
118271c0   LOG_F_event
118271c0   _LOG_event
118271c0   __LOG_lat1beg
11827240   _BCACHE_wait
118272c0   IDL_F_calibrate
11827340   _SYS_error
118273a0   FXN_F_nop
118273a4   FXN_F_run
118273a4   _FXN_F_run
118273e0   FXN_F_zero
118273e0   _FXN_F_zero
11827400   _HWI_disable
11827418   _HWI_enable
1182742c   _HWI_restore
11827460   IDL_F_busy
11827460   __IDL_lat1beg
118274a0   __IDL_lat1end
118274c0   _SEM_pend
11827520   STS_F_delta
11827520   _STS_delta
1182754c   STS_F_add
1182754c   _STS_add
11827568   STS_F_reset
11827568   _STS_reset
11827580   _SYS_abort
118275e0   _CLK_measure
11827640   IDL_CALIBRFXN
11827640   IDL_F_stub
11827680   RTA_F_andn
11827698   RTA_F_or
118276c0   SYS_ABORTFXN
118276c0   _UTL_doAbort
11827700   SYS_PUTCFXN
11827700   _UTL_doPutc
11827740   _CLK_getltime
11827760   GBL_USERINITFXN
11827760   GIO_CREATEFXN
11827760   GIO_DELETEFXN
11827760   GIO_PENDFXN
11827760   GIO_POSTFXN
11827760   PWRM_PWRM_SHAREDRESOURCEFXN
11827760   PWRM_PWRM_SLOTHOOKFXN
11827760   TSK_VCREATEFXN
11827760   TSK_VDELETEFXN
11827760   TSK_VEXITFXN
11827760   _FXN_F_nop
11827780   _GBL_getVersion
118277a0   IDL_F_loop
118277a0   _IDL_loop
118277c0   _STS_set
118277e0   SYS_ERRORFXN
118277e0   _UTL_doError
11827800   SYS_EXITFXN
11827800   _UTL_halt
11827820   CLK_F_gethtime
11827820   CLK_TIMEFXN
11827820   _CLK_gethtime
11827840   ___cinit__
11827840   cinit
1182a4f4   IRAM$B
1182a4f4   _IRAM_base
1182c4f8   TSK_astar$stack
1182d490   TSK_astar$stkptr
1182d4f8   CLK_A_TABBEG
1182d4f8   PRD_clock
1182d4f8   _PRD_clock
1182d4fc   CLK_null
1182d500   _HSRTDX_rec
1182d7a0   _RTDX_Buffer_WriteCB
1182dc60   _HSRTDX_xmt
1182df60   _RTDX_Mon_Queue
1182e1c0   _RTDX_Poll
1182e260   _RTDX_Final_RT_Monitor
1182e2e0   _RTDX_Buffer_Initialize
1182e340   _RTDX_Init_RT_Monitor
1182e3a0   _RTDX_Buffer_ReadCB
1182e3e0   _RTDX_Buffer_Size
1182e420   _RTDX_memfill
1182e460   _RTDX_Buffer_Read
1182e480   _RTDX_Buffer_Write
1182e4a0   _RTDX_Mask_IER
1182e4c0   GBL_stackbeg
1182e4c0   _HWI_STKTOP
1182e4c0   __stack
1182f0b8   _HWI_STKBOTTOM
1182f0bf   GBL_stackend
1182f0c0   __STACK_END
1182f258   __ctypes_
1182f360   _bitval_u32
1182f6f4   PRD_startMcBSP$sts$maxfmt
1182f6f4   RTA_toHost$buf
1182f6fd   PRD_startMcBSP$sts$sumfmt
1182f706   PRD_startMcBSP$sts$avgfmt
1182f711   PRD_addtime$sts$maxfmt
1182f71a   PRD_addtime$sts$sumfmt
1182f723   PRD_addtime$sts$avgfmt
1182f72e   PRD_swi$sts$maxfmt
1182f736   PRD_swi$sts$sumfmt
1182f73e   PRD_swi$sts$avgfmt
1182f748   KNL_swi$sts$maxfmt
1182f750   KNL_swi$sts$sumfmt
1182f758   KNL_swi$sts$avgfmt
1182f762   SWI_LCD$sts$maxfmt
1182f76a   SWI_LCD$sts$sumfmt
1182f772   SWI_LCD$sts$avgfmt
1182f77c   SWI_RobotControl$sts$maxfmt
1182f784   SWI_RobotControl$sts$sumfmt
1182f78c   SWI_RobotControl$sts$avgfmt
1182f796   SWI_vision$sts$maxfmt
1182f79e   SWI_vision$sts$sumfmt
1182f7a6   SWI_vision$sts$avgfmt
1182f7b0   TSK_idle$sts$maxfmt
1182f7b8   TSK_idle$sts$sumfmt
1182f7c0   TSK_idle$sts$avgfmt
1182f7ca   TSK_ComWithLinux$sts$maxfmt
1182f7d2   TSK_ComWithLinux$sts$sumfmt
1182f7da   TSK_ComWithLinux$sts$avgfmt
1182f7e4   TSK_LADAR$sts$maxfmt
1182f7ec   TSK_LADAR$sts$sumfmt
1182f7f4   TSK_LADAR$sts$avgfmt
1182f7f4   ___pinit__
1182f7f4   pinit
1182f7fe   TSK_astar$sts$maxfmt
1182f800   LOG_system$buf
1182f806   TSK_astar$sts$sumfmt
1182f80e   TSK_astar$sts$avgfmt
1182f818   IDL_busyObj$maxfmt
1182f81b   IDL_busyObj$sumfmt
1182f81e   IDL_busyObj$avgfmt
11830000   TSK_ComWithLinux$stack
11830798   TSK_ComWithLinux$stkptr
11830800   TSK_LADAR$stack
11830f98   TSK_LADAR$stkptr
11831000   $bss
11831000   .bss
11831000   ___bss__
11831000   _index
11831004   _vref
11831008   _turn
1183100c   _tskcount
11831010   _LVvalue1
11831014   _LVvalue2
11831018   _new_LV_data
1183101c   _newnavdata
11831020   _newvref
11831024   _newturn
11831028   _vel1
1183102c   _vel2
11831030   _vel1old
11831034   _vel2old
11831038   _enc1old
1183103c   _enc2old
11831040   _settlegyro
11831044   _gyro_zero
11831048   _gyro_angle
1183104c   _old_gyro
11831050   _gyro_drift
11831054   _gyro
11831058   _gyro_degrees
1183105c   _gyro_radians
11831060   _gyro_x
11831064   _gyro_y
11831068   _gyro4x_gain
1183106c   _statePos
11831070   _robotdestSize
11831074   _trackableIDerror
11831078   _firstdata
1183107c   _new_optitrack
11831080   _previous_frame
11831084   _frame_error
11831088   _temp_theta
1183108c   _tempOPTITRACK_theta
11831090   _temp_trackableID
11831094   _trackableID
11831098   _errorcheck
1183109c   _counter
118310a0   _var1
118310a4   _var2
118310a8   _var3
118310ac   _var4
118310b0   _var5
118310b4   _var6
118310b8   _var7
118310bc   _var8
118310c0   _currDist
118310c4   _pathLen
118310c8   _mapRowSize
118310cc   _mapColSize
118310d0   _indexpos
118310d4   _current_index
118310d8   _astarrunning
118310dc   _startdelay
118310e0   _firsttime
118310e4   _endcol
118310e8   _endrow
118310ec   _startrow
118310f0   _startcol
118310f4   _obsx
118310f8   _obsy
118310fc   _numpels_blue
11831100   _numpels_orange
11831104   _cen_row_blue
11831108   _cen_col_blue
1183110c   _cen_row_orange
11831110   _cen_col_orange
11831114   _distance_y
11831118   _num_pix
1183111c   _kp
11831120   _brc
11831124   _bcc
11831128   _bpx
1183112c   _grc
11831130   _gcc
11831134   _gpx
11831138   _remap
1183113c   _seeball
11831140   _send_to_labview
11831144   _distance
11831148   _obj_x
1183114c   _obj_y
11831150   _count
11831154   _count2
11831158   _countdelay
1183115c   _countdelayblue
11831160   _countdelayorange
11831164   _countswitch
11831168   _delayblueswitch
1183116c   _delayorangeswitch
11831170   _gateclose
11831174   _whichcase
11831178   _gateClose
1183117c   _gateOpen
11831180   _switchBlue
11831184   _switchOrange
11831188   _Gate
1183118c   _Switch
11831190   _ballposx
11831194   _ballposy
11831198   _countdrop
1183119c   _countblue
118311a0   _countorange
118311a4   _counterstorm
118311a8   _resetflag
118311ac   _minimum
118311b0   _counterladar
118311b4   _objectdetected
118311b8   _flagger
118311bc   _sendball
118311c0   _whichball
118311c4   _dropping
118311c8   _obsdetected
118311d0   _timecount
118311d8   _whichled
118311dc   _HWI_dispatchTab
118312dc   _updateLCD
118312e0   _testvar
118312e4   _pic_data
118312e8   _Image_data
118312ec   _Linux_Image
118312f0   _LCD_Image
118312f4   _noimagefound
118312f8   _object_x
118312fc   _object_y
11831300   _new_coordata
11831304   _new_num_found_objects
11831308   _new_object_theta
1183130c   _new_C20
11831310   _new_C02
11831314   _k
11831318   _r
1183131c   _c
11831320   _top
11831324   _left
11831328   _num_unique_objects
1183132c   _current_object
11831330   _color
11831334   _color2
11831338   _Cdifference
1183133c   _rprime
11831340   _cprime
11831344   _rbar
11831348   _cbar
1183134c   _neighbor_type
11831350   _too_many_objects
11831354   _object_detected
11831358   _largest_num_pixels
1183135c   _largest_object
11831360   _red
11831364   _green
11831368   _blue
1183136c   _hue
11831370   _sat
11831374   _value
11831378   _min
1183137c   _delta
11831380   _print_hue
11831381   _print_sat
11831382   _print_val
11831383   _print_r
11831384   _print_b
11831385   _print_g
11831388   _specs_s
1183138c   _specs_srad
11831390   _specs_v
11831394   _specs_vrad
11831398   _specs_h
1183139c   _specs_h2
118313a0   _specs_hrad
118313a4   _Thres_Image
118313a8   _ifblue
118313ac   _blue_rcenter
118313b0   _blue_ccenter
118313b4   _blue_numpixs
118313b8   _orange_rcenter
118313bc   _orange_ccenter
118313c0   _orange_numpixs
118313c4   _ptrshrdmem
118313c8   _VPIF_beginning_line
118313cc   _current
118313d0   _equivalency
118313d4   _done
118313d8   IDL_D_tabbeg
118313dc   IDL_D_calibrate
118313e0   IDL_D_calbeg
118313e4   LOG_D_system
118313e4   _LOG_D_system
118313e8   PIP_D_tabbeg
118313ec   PIP_D_tablen
118313f0   CLK_R_time
118313f4   CLK_D_timefxn
118313f8   CLK_D_tabbeg
118313fc   CLK_D_isrhook
11831400   CLK_D_idletime
11831404   _CLK_htimeDiv
11831408   _CLK_htimeMult
1183140c   _CLK_ltimeDiv
11831410   _CLK_ltimeMult
11831414   _CLK_D_dirty
11831418   _CLK_D_prd
1183141c   _CLK_D_tddr
11831420   _CLK_D_countspms
11831424   PRD_D_tick
11831424   _PRD_D_tick
11831428   PRD_D_cur
1183142c   PRD_D_elapsed
11831430   PRD_D_prevtim
11831434   PRD_D_scalar
11831438   PRD_D_swihandle
1183143c   PRD_D_tabbeg
11831440   PRD_D_tablen
11831444   PRD_D_thook
11831448   RTA_D_fromHost
1183144c   RTA_D_toHost
11831450   RTA_D_logval
11831460   RTA_D_stsval
1183146c   HST_D_chanmask
11831470   HST_D_tabbeg
11831474   HST_D_tabend
11831478   _GBL_procId
1183147c   _GBL_clkIn
11831480   _GBL_freq
11831484   _MEM_D_NUMSEGMENTS
11831488   _MEM_D_memtab
1183148c   _MEM_D_freelist
11831490   _MEM_D_lockaddr
11831494   _MEM_D_unlockaddr
11831498   _SYS
1183149c   __HOOK_knlId
118314a0   __HOOK_NUMHOOKS
118314a4   SWI_D_runaddr
118314a4   _SWI_D_runaddr
118314a4   _SWI_data
118314a8   SWI_D_execaddr
118314a8   _SWI_D_execaddr
118314ac   SWI_D_curmask
118314ac   _SWI_D_curmask
118314b0   SWI_D_curset
118314b0   _SWI_D_curset
118314b4   SWI_D_lock
118314b4   _SWI_D_lock
118314b8   SWI_D_curmbox
118314bc   SWI_D_curfxn
118314bc   _SWI_D_curfxn
118314c0   SWI_D_rdybeg
118314c0   _SWI_D_rdybeg
118314c4   SWI_D_inswi
118314c4   _SWI_D_inswi
118314c8   SWI_D_rdytab
11831540   _EDMA3_0_Regs
11831544   _EDMA3_1_Regs
11831548   _f28335RecFirsttime
1183154c   _enc1
11831550   _enc2
11831554   _enc3
11831558   _enc4
1183155c   _compass
11831560   _switchstate
11831564   _adcA0
11831568   _adcB0
1183156c   _adcA1
11831570   _adcB1
11831574   _adcA2
11831578   _adcB2
1183157c   _adcA3
11831580   _adcB3
11831584   _adcA4
11831588   _adcB4
1183158c   _adcA5
11831590   _adcB5
11831594   _adcA6
11831598   _adcA7
1183159c   _F28335_Extra1
118315a0   _F28335_Extra2
118315a4   _F28335_Extra3
118315a8   _F28335_Extra4
118315ac   _new_sendtolinux_F28335_Extra
118315b0   _send_F28335_Extra1
118315b4   _send_F28335_Extra2
118315b8   _send_F28335_Extra3
118315bc   _send_F28335_Extra4
118315c0   _num_EDMA3_0
118315c4   _numofints
118315c8   _scalingLadar
118315cc   _LADARready
118315d0   _LADARprocess
118315d4   _uart1count
118315d8   _numReadings
118315dc   _errL
118315e0   _errC
118315e4   _errR
118315e8   _tLADARleftFt
118315ec   _tLADARcenterFt
118315f0   _tLADARrightFt
118315f4   _cPrevLADARdata
118315f5   _cLADARdata
118315f8   _iLADARrcv
118315fc   _cCommandName
11831600   _LADARleftFt
11831604   _LADARcenterFt
11831608   _LADARrightFt
1183160c   _fLEFT_RIGHT_ANGLE
11831610   _numreadings_lastscan
11831614   _startAngle
11831618   _stepSize
1183161c   _newLADARdata
11831620   _robotX
11831624   _robotY
11831628   _robotT
1183162c   _tempSign
11831630   _tempOff
11831634   _KNL_wFlag
11831638   _KNL_wList
1183163c   _KNL_alarm
11831640   _KNL_setpri
11831644   _KNL_inactive
11831648   _KNL_priority
1183164c   _KNL_set
11831650   _KNL_curtask
11831654   _KNL_prevtask
11831658   _KNL_curtime
1183165c   _KNL_swiptr
11831660   _KNL_curqueue
11831664   _KNL_maxqueue
11831668   _KNL_tswitchfxn
1183166c   _KNL_tcreatefxn
11831670   _KNL_tdeletefxn
11831674   _KNL_treadyfxn
11831678   _KNL_idlefxn
1183167c   _CLK_htimePerLtime
11831680   _servosPosted
11831688   _newServos
1183168c   _McBSPrecerror
11831690   _firsttimeintMCBSPrec
11831698   _timeint
118316a0   _mcbspReset
118316a8   _testcount
118316ac   _danindex
118316b0   _firsttimeLine1
118316b4   _firsttimeLine2
118316b8   _MEM_memtab
118316d0   DDR
118316d0   _DDR
118316d4   HST_DSMBUFSEG
118316d4   IRAM
118316d4   MEM_MALLOCSEG
118316d4   MEM_SEGZERO
118316d4   RTDX_DATAMEMSEG
118316d4   _IRAM
118316d4   _SEG0
118316d8   RTA_fromHost$pipe$dtab
118316e4   RTA_toHost$pipe$dtab
118316f0   _EXC_sysTrapTable
118316f8   _EXC_returnPtr
11831710   HWI_D_spsave
11831710   _HWI_D_spsave
11831710   _HWI_data
1183171c   _HWI_D_inhwi
11831720   HWI_D_bss
11831724   HWI_D_ccmask
11831728   LNK_dspFrameRequestMask
11831728   _LNK_dspFrameRequestMask
1183172c   LNK_dspFrameReadyMask
1183172c   _LNK_dspFrameReadyMask
11831730   LNK_readPend
11831730   _LNK_readPend
11831734   LNK_readDone
11831734   _LNK_readDone
11831738   LNK_readFail
11831738   _LNK_readFail
1183173c   LNK_writeFail
1183173c   _LNK_writeFail
11831740   _EXC_exceptionHook
11831744   _EXC_internalHook
11831748   _EXC_externalHook
1183174c   _EXC_nmiHook
11831758   _rtdxNullChanCnt
1183175c   _rtdxNullFuncCnt
11831760   _rtdxXmtNotDoneCnt
11831764   _rtdxRecNotDoneCnt
11831768   _rtdxXmtRestartCnt
1183176c   _rtdxXmtErrorCnt
11831770   _TSK_nTasks
11831774   _TSK_pid
11831778   _TSK
1183177c   _LCD_mem
11831780   _bluegain
11831784   _bkgrnd_red
11831785   _bkgrnd_green
11831786   _bkgrnd_blue
11831788   _LCDnewMsgLine1
1183178c   _LCDnewMsgLine2
11831790   _CLK_DFLTMICROSECS
11831794   _CLK_D_microseconds
11831798   _SYS_exitStackPtr
1183179c   _SYS_exitStackTop
118317a0   IDL_D_busyObj
118317a4   _MEM
118317ac   _pQueueoutofMemory
118317b0   SYS$config
118317b0   ___end__
118317b0   end
118317c0   BIOS_init
118317c0   _BIOS_init
11831944   BIOS$$CLKON
11831984   BIOS$$CLKOFF
118319ec   BIOS_start
118319ec   _BIOS_start
11831ae0   _c_int00
11831ba0   _MEM_init
11831c60   _TSK_init
11831d40   _RTDX_Buffer
11832148   _RTDX_Buffer_Start
1183214c   _RTDX_Buffer_End
11832150   _rtdx_mon_state
11832194   _rtdx_buffer_state
118321a0   _RTDX_writing
118321b8   TSK_idle$stack
11832550   TSK_idle$stkptr
118325b8   _SYS_PUTCBEG
118327b7   _SYS_PUTCEND
118327b8   PRD_A_TABBEG
118327b8   PRD_startMcBSP
118327b8   _PRD_startMcBSP
118327d4   PRD_startMcBSP$aaa
118327d8   PRD_addtime
118327d8   _PRD_addtime
118327f4   PRD_addtime$aaa
118327f8   PRD_A_TABEND
11832800   HWI_A_VECS
11832800   hwi0
11832820   hwi1
11832840   hwi2
11832860   hwi3
11832880   hwi4
118328a0   hwi5
118328c0   hwi6
118328e0   hwi7
11832900   hwi8
11832920   hwi9
11832940   hwi10
11832960   hwi11
11832980   hwi12
118329a0   hwi13
118329c0   hwi14
118329e0   hwi15
11832a00   trace$buf
11832c0c   TSK_idle
11832c0c   _TSK_idle
11832c6c   TSK_ComWithLinux
11832c6c   _TSK_ComWithLinux
11832ccc   TSK_LADAR
11832ccc   _TSK_LADAR
11832d2c   TSK_astar
11832d2c   _TSK_astar
11832d80   __CIOBUF_
11832ea0   PRD_SWIHANDLE
11832ea0   PRD_swi
11832ea0   SWI_A_TABBEG
11832ea0   _PRD_swi
11832ecc   KNL_swi
11832ecc   _KNL_swi
11832ef8   SWI_LCD
11832ef8   _SWI_LCD
11832f24   SWI_RobotControl
11832f24   _SWI_RobotControl
11832f50   SWI_vision
11832f50   _SWI_vision
11832f7c   PIP_A_TABBEG
11832f7c   RTA_fromHost$pipe
11832f7c   SWI_A_TABEND
11832f7c   _PIP_A_TABBEG
11832f80   RTA_fromHost$pipe$rd
11832fac   RTA_fromHost$pipe$aaa
11832fb0   RTA_fromHost$pipe$wr
11832fdc   RTA_fromHost$pipe$bbb
11832fe0   RTA_toHost$pipe
11832fe4   RTA_toHost$pipe$rd
11833010   RTA_toHost$pipe$aaa
11833014   RTA_toHost$pipe$wr
11833040   RTA_toHost$pipe$bbb
11833044   PIP_A_TABEND
11833044   _PIP_A_TABEND
11833048   .data
11833048   _HPisDP
11833048   ___data__
118330a8   _HPisdp
11833108   PRD_startMcBSP$sts$stsobj
11833108   STS_A_TABBEG
11833108   _STS_A_TABBEG
11833108   ___edata__
11833108   edata
1183310c   PRD_startMcBSP$sts
11833118   PRD_addtime$sts$stsobj
1183311c   PRD_addtime$sts
11833128   PRD_swi$sts$stsobj
1183312c   PRD_swi$sts
11833138   KNL_swi$sts$stsobj
1183313c   KNL_swi$sts
11833148   SWI_LCD$sts$stsobj
1183314c   SWI_LCD$sts
11833158   SWI_RobotControl$sts$stsobj
1183315c   SWI_RobotControl$sts
11833168   SWI_vision$sts$stsobj
1183316c   SWI_vision$sts
11833178   TSK_idle$sts$stsobj
1183317c   TSK_idle$sts
11833188   TSK_ComWithLinux$sts$stsobj
1183318c   TSK_ComWithLinux$sts
11833198   TSK_LADAR$sts$stsobj
1183319c   TSK_LADAR$sts
118331a8   TSK_astar$sts$stsobj
118331ac   TSK_astar$sts
118331b8   IDL_busyObj$stsobj
118331bc   IDL_busyObj
118331bc   _IDL_busyObj
118331c8   STS_A_TABEND
118331c8   _STS_A_TABEND
118332b8   HST_A_TABBEG
118332b8   _HST_A_TABBEG
118332bc   RTA_fromHost
118332bc   _RTA_fromHost
118332c4   RTA_fromHost$rtdx
118332d8   RTA_toHost
118332d8   _RTA_toHost
118332e0   RTA_toHost$rtdx
118332f4   HST_A_TABEND
118332f4   LOG_A_TABBEG
118332f4   LOG_system
118332f4   _HST_A_TABEND
118332f4   _LOG_A_TABBEG
118332f4   _LOG_system
1183330c   _trace
1183330c   trace
11833324   LOG_A_TABEND
11833324   _LOG_A_TABEND
11833330   SEM_startAstar
11833330   _SEM_startAstar
11833350   TRC_cinit
11833354   TRC_R_mask
11833354   _TRC_R_mask
11833358   GBL_initdone
28040d0c   HWI_INTRMUX3
c3000000   DDR$B
c3000000   _DDR_base
ffffffff   CACHE_L1D
ffffffff   CACHE_L1P
ffffffff   CACHE_L2
ffffffff   ECM_EVTMASK0
ffffffff   ECM_EVTMASK1
ffffffff   ECM_EVTMASK2
ffffffff   ECM_EVTMASK3
ffffffff   GBL_L2MAR192_223
ffffffff   L3_CBA_RAM
ffffffff   _CACHE_L1D
ffffffff   _CACHE_L1P
ffffffff   _CACHE_L2
ffffffff   _L3_CBA_RAM
ffffffff   ___TI_pprof_out_hndl
ffffffff   ___TI_prof_data_size
ffffffff   ___TI_prof_data_start
ffffffff   ___binit__
ffffffff   ___c_args__
ffffffff   binit

[1682 symbols]
